Archive member included to satisfy reference by file (symbol)

d:/cubeide/stm32cubeide_1.9.0/stm32cubeide/plugins/com.st.stm32cube.ide.mcu.externaltools.gnu-tools-for-stm32.10.3-2021.10.win32_1.0.200.202301161003/tools/bin/../lib/gcc/arm-none-eabi/10.3.1/../../../../arm-none-eabi/lib/thumb/v7-m/nofp\libc_nano.a(lib_a-errno.o)
                              ./Core/Src/syscalls.o (__errno)
d:/cubeide/stm32cubeide_1.9.0/stm32cubeide/plugins/com.st.stm32cube.ide.mcu.externaltools.gnu-tools-for-stm32.10.3-2021.10.win32_1.0.200.202301161003/tools/bin/../lib/gcc/arm-none-eabi/10.3.1/../../../../arm-none-eabi/lib/thumb/v7-m/nofp\libc_nano.a(lib_a-exit.o)
                              d:/cubeide/stm32cubeide_1.9.0/stm32cubeide/plugins/com.st.stm32cube.ide.mcu.externaltools.gnu-tools-for-stm32.10.3-2021.10.win32_1.0.200.202301161003/tools/bin/../lib/gcc/arm-none-eabi/10.3.1/../../../../arm-none-eabi/lib/thumb/v7-m/nofp/crt0.o (exit)
d:/cubeide/stm32cubeide_1.9.0/stm32cubeide/plugins/com.st.stm32cube.ide.mcu.externaltools.gnu-tools-for-stm32.10.3-2021.10.win32_1.0.200.202301161003/tools/bin/../lib/gcc/arm-none-eabi/10.3.1/../../../../arm-none-eabi/lib/thumb/v7-m/nofp\libc_nano.a(lib_a-impure.o)
                              d:/cubeide/stm32cubeide_1.9.0/stm32cubeide/plugins/com.st.stm32cube.ide.mcu.externaltools.gnu-tools-for-stm32.10.3-2021.10.win32_1.0.200.202301161003/tools/bin/../lib/gcc/arm-none-eabi/10.3.1/../../../../arm-none-eabi/lib/thumb/v7-m/nofp\libc_nano.a(lib_a-exit.o) (_global_impure_ptr)
d:/cubeide/stm32cubeide_1.9.0/stm32cubeide/plugins/com.st.stm32cube.ide.mcu.externaltools.gnu-tools-for-stm32.10.3-2021.10.win32_1.0.200.202301161003/tools/bin/../lib/gcc/arm-none-eabi/10.3.1/../../../../arm-none-eabi/lib/thumb/v7-m/nofp\libc_nano.a(lib_a-init.o)
                              d:/cubeide/stm32cubeide_1.9.0/stm32cubeide/plugins/com.st.stm32cube.ide.mcu.externaltools.gnu-tools-for-stm32.10.3-2021.10.win32_1.0.200.202301161003/tools/bin/../lib/gcc/arm-none-eabi/10.3.1/../../../../arm-none-eabi/lib/thumb/v7-m/nofp/crt0.o (__libc_init_array)
d:/cubeide/stm32cubeide_1.9.0/stm32cubeide/plugins/com.st.stm32cube.ide.mcu.externaltools.gnu-tools-for-stm32.10.3-2021.10.win32_1.0.200.202301161003/tools/bin/../lib/gcc/arm-none-eabi/10.3.1/../../../../arm-none-eabi/lib/thumb/v7-m/nofp\libc_nano.a(lib_a-memcmp.o)
                              ./Core/Src/main.o (memcmp)
d:/cubeide/stm32cubeide_1.9.0/stm32cubeide/plugins/com.st.stm32cube.ide.mcu.externaltools.gnu-tools-for-stm32.10.3-2021.10.win32_1.0.200.202301161003/tools/bin/../lib/gcc/arm-none-eabi/10.3.1/../../../../arm-none-eabi/lib/thumb/v7-m/nofp\libc_nano.a(lib_a-memcpy-stub.o)
                              ./Core/Src/main.o (memcpy)
d:/cubeide/stm32cubeide_1.9.0/stm32cubeide/plugins/com.st.stm32cube.ide.mcu.externaltools.gnu-tools-for-stm32.10.3-2021.10.win32_1.0.200.202301161003/tools/bin/../lib/gcc/arm-none-eabi/10.3.1/../../../../arm-none-eabi/lib/thumb/v7-m/nofp\libc_nano.a(lib_a-memset.o)
                              d:/cubeide/stm32cubeide_1.9.0/stm32cubeide/plugins/com.st.stm32cube.ide.mcu.externaltools.gnu-tools-for-stm32.10.3-2021.10.win32_1.0.200.202301161003/tools/bin/../lib/gcc/arm-none-eabi/10.3.1/../../../../arm-none-eabi/lib/thumb/v7-m/nofp/crt0.o (memset)
d:/cubeide/stm32cubeide_1.9.0/stm32cubeide/plugins/com.st.stm32cube.ide.mcu.externaltools.gnu-tools-for-stm32.10.3-2021.10.win32_1.0.200.202301161003/tools/bin/../lib/gcc/arm-none-eabi/10.3.1/../../../../arm-none-eabi/lib/thumb/v7-m/nofp\libc_nano.a(lib_a-nano-vfprintf_float.o)
                              (_printf_float)
d:/cubeide/stm32cubeide_1.9.0/stm32cubeide/plugins/com.st.stm32cube.ide.mcu.externaltools.gnu-tools-for-stm32.10.3-2021.10.win32_1.0.200.202301161003/tools/bin/../lib/gcc/arm-none-eabi/10.3.1/../../../../arm-none-eabi/lib/thumb/v7-m/nofp\libc_nano.a(lib_a-nano-vfprintf_i.o)
                              d:/cubeide/stm32cubeide_1.9.0/stm32cubeide/plugins/com.st.stm32cube.ide.mcu.externaltools.gnu-tools-for-stm32.10.3-2021.10.win32_1.0.200.202301161003/tools/bin/../lib/gcc/arm-none-eabi/10.3.1/../../../../arm-none-eabi/lib/thumb/v7-m/nofp\libc_nano.a(lib_a-nano-vfprintf_float.o) (_printf_common)
d:/cubeide/stm32cubeide_1.9.0/stm32cubeide/plugins/com.st.stm32cube.ide.mcu.externaltools.gnu-tools-for-stm32.10.3-2021.10.win32_1.0.200.202301161003/tools/bin/../lib/gcc/arm-none-eabi/10.3.1/../../../../arm-none-eabi/lib/thumb/v7-m/nofp\libc_nano.a(lib_a-nano-vfscanf_float.o)
                              (_scanf_float)
d:/cubeide/stm32cubeide_1.9.0/stm32cubeide/plugins/com.st.stm32cube.ide.mcu.externaltools.gnu-tools-for-stm32.10.3-2021.10.win32_1.0.200.202301161003/tools/bin/../lib/gcc/arm-none-eabi/10.3.1/../../../../arm-none-eabi/lib/thumb/v7-m/nofp\libc_nano.a(lib_a-sf_nan.o)
[...]
Memory Configuration

Name             Origin             Length             Attributes
RAM              0x0000000020000000 0x0000000000005000 xrw
FLASH            0x0000000008000000 0x0000000000010000 xr
*default*        0x0000000000000000 0xffffffffffffffff

Linker script and memory map

LOAD d:/cubeide/stm32cubeide_1.9.0/stm32cubeide/plugins/com.st.stm32cube.ide.mcu.externaltools.gnu-tools-for-stm32.10.3-2021.10.win32_1.0.200.202301161003/tools/bin/../lib/gcc/arm-none-eabi/10.3.1/thumb/v7-m/nofp/crti.o
LOAD d:/cubeide/stm32cubeide_1.9.0/stm32cubeide/plugins/com.st.stm32cube.ide.mcu.externaltools.gnu-tools-for-stm32.10.3-2021.10.win32_1.0.200.202301161003/tools/bin/../lib/gcc/arm-none-eabi/10.3.1/thumb/v7-m/nofp/crtbegin.o
LOAD d:/cubeide/stm32cubeide_1.9.0/stm32cubeide/plugins/com.st.stm32cube.ide.mcu.externaltools.gnu-tools-for-stm32.10.3-2021.10.win32_1.0.200.202301161003/tools/bin/../lib/gcc/arm-none-eabi/10.3.1/../../../../arm-none-eabi/lib/thumb/v7-m/nofp/crt0.o
LOAD ./Core/Src/gpio.o
LOAD ./Core/Src/main.o
LOAD ./Core/Src/spi.o
LOAD ./Core/Src/stm32f1xx_hal_msp.o
LOAD ./Core/Src/stm32f1xx_it.o
LOAD ./Core/Src/syscalls.o
LOAD ./Core/Src/sysmem.o
LOAD ./Core/Src/system_stm32f1xx.o
LOAD ./Core/Src/usart.o
LOAD ./Core/Startup/startup_stm32f103c8tx.o
LOAD ./Core/User/decawave/dw_api.o
LOAD ./Core/User/decawave/dw_func.o
LOAD ./Core/User/decawave/dw_spi.o
LOAD ./Core/User/led/led.o
LOAD ./Drivers/STM32F1xx_HAL_Driver/Src/stm32f1xx_hal.o
LOAD ./Drivers/STM32F1xx_HAL_Driver/Src/stm32f1xx_hal_cortex.o
LOAD ./Drivers/STM32F1xx_HAL_Driver/Src/stm32f1xx_hal_dma.o
LOAD ./Drivers/STM32F1xx_HAL_Driver/Src/stm32f1xx_hal_exti.o
LOAD ./Drivers/STM32F1xx_HAL_Driver/Src/stm32f1xx_hal_flash.o
LOAD ./Drivers/STM32F1xx_HAL_Driver/Src/stm32f1xx_hal_flash_ex.o
LOAD ./Drivers/STM32F1xx_HAL_Driver/Src/stm32f1xx_hal_gpio.o
LOAD ./Drivers/STM32F1xx_HAL_Driver/Src/stm32f1xx_hal_gpio_ex.o
LOAD ./Drivers/STM32F1xx_HAL_Driver/Src/stm32f1xx_hal_pwr.o
LOAD ./Drivers/STM32F1xx_HAL_Driver/Src/stm32f1xx_hal_rcc.o
LOAD ./Drivers/STM32F1xx_HAL_Driver/Src/stm32f1xx_hal_rcc_ex.o
LOAD ./Drivers/STM32F1xx_HAL_Driver/Src/stm32f1xx_hal_spi.o
LOAD ./Drivers/STM32F1xx_HAL_Driver/Src/stm32f1xx_hal_tim.o
LOAD ./Drivers/STM32F1xx_HAL_Driver/Src/stm32f1xx_hal_tim_ex.o
LOAD ./Drivers/STM32F1xx_HAL_Driver/Src/stm32f1xx_hal_uart.o
START GROUP
LOAD d:/cubeide/stm32cubeide_1.9.0/stm32cubeide/plugins/com.st.stm32cube.ide.mcu.externaltools.gnu-tools-for-stm32.10.3-2021.10.win32_1.0.200.202301161003/tools/bin/../lib/gcc/arm-none-eabi/10.3.1/../../../../arm-none-eabi/lib/thumb/v7-m/nofp\libc_nano.a
LOAD d:/cubeide/stm32cubeide_1.9.0/stm32cubeide/plugins/com.st.stm32cube.ide.mcu.externaltools.gnu-tools-for-stm32.10.3-2021.10.win32_1.0.200.202301161003/tools/bin/../lib/gcc/arm-none-eabi/10.3.1/../../../../arm-none-eabi/lib/thumb/v7-m/nofp\libm.a
END GROUP
START GROUP
LOAD d:/cubeide/stm32cubeide_1.9.0/stm32cubeide/plugins/com.st.stm32cube.ide.mcu.externaltools.gnu-tools-for-stm32.10.3-2021.10.win32_1.0.200.202301161003/tools/bin/../lib/gcc/arm-none-eabi/10.3.1/thumb/v7-m/nofp\libgcc.a
LOAD d:/cubeide/stm32cubeide_1.9.0/stm32cubeide/plugins/com.st.stm32cube.ide.mcu.externaltools.gnu-tools-for-stm32.10.3-2021.10.win32_1.0.200.202301161003/tools/bin/../lib/gcc/arm-none-eabi/10.3.1/../../../../arm-none-eabi/lib/thumb/v7-m/nofp\libc_nano.a
END GROUP
START GROUP
LOAD d:/cubeide/stm32cubeide_1.9.0/stm32cubeide/plugins/com.st.stm32cube.ide.mcu.externaltools.gnu-tools-for-stm32.10.3-2021.10.win32_1.0.200.202301161003/tools/bin/../lib/gcc/arm-none-eabi/10.3.1/thumb/v7-m/nofp\libgcc.a
LOAD d:/cubeide/stm32cubeide_1.9.0/stm32cubeide/plugins/com.st.stm32cube.ide.mcu.externaltools.gnu-tools-for-stm32.10.3-2021.10.win32_1.0.200.202301161003/tools/bin/../lib/gcc/arm-none-eabi/10.3.1/../../../../arm-none-eabi/lib/thumb/v7-m/nofp\libc_nano.a
LOAD d:/cubeide/stm32cubeide_1.9.0/stm32cubeide/plugins/com.st.stm32cube.ide.mcu.externaltools.gnu-tools-for-stm32.10.3-2021.10.win32_1.0.200.202301161003/tools/bin/../lib/gcc/arm-none-eabi/10.3.1/../../../../arm-none-eabi/lib/thumb/v7-m/nofp\libnosys.a
END GROUP
START GROUP
LOAD d:/cubeide/stm32cubeide_1.9.0/stm32cubeide/plugins/com.st.stm32cube.ide.mcu.externaltools.gnu-tools-for-stm32.10.3-2021.10.win32_1.0.200.202301161003/tools/bin/../lib/gcc/arm-none-eabi/10.3.1/thumb/v7-m/nofp\libgcc.a
LOAD d:/cubeide/stm32cubeide_1.9.0/stm32cubeide/plugins/com.st.stm32cube.ide.mcu.externaltools.gnu-tools-for-stm32.10.3-2021.10.win32_1.0.200.202301161003/tools/bin/../lib/gcc/arm-none-eabi/10.3.1/../../../../arm-none-eabi/lib/thumb/v7-m/nofp\libc_nano.a
LOAD d:/cubeide/stm32cubeide_1.9.0/stm32cubeide/plugins/com.st.stm32cube.ide.mcu.externaltools.gnu-tools-for-stm32.10.3-2021.10.win32_1.0.200.202301161003/tools/bin/../lib/gcc/arm-none-eabi/10.3.1/../../../../arm-none-eabi/lib/thumb/v7-m/nofp\libnosys.a
END GROUP
LOAD d:/cubeide/stm32cubeide_1.9.0/stm32cubeide/plugins/com.st.stm32cube.ide.mcu.externaltools.gnu-tools-for-stm32.10.3-2021.10.win32_1.0.200.202301161003/tools/bin/../lib/gcc/arm-none-eabi/10.3.1/thumb/v7-m/nofp/crtend.o
LOAD d:/cubeide/stm32cubeide_1.9.0/stm32cubeide/plugins/com.st.stm32cube.ide.mcu.externaltools.gnu-tools-for-stm32.10.3-2021.10.win32_1.0.200.202301161003/tools/bin/../lib/gcc/arm-none-eabi/10.3.1/thumb/v7-m/nofp/crtn.o
                0x0000000020005000                _estack = (ORIGIN (RAM) + LENGTH (RAM))
                0x0000000000000200                _Min_Heap_Size = 0x200
                0x0000000000000400                _Min_Stack_Size = 0x400

.isr_vector     0x0000000008000000      0x10c
                0x0000000008000000                . = ALIGN (0x4)
 *(.isr_vector)
 .isr_vector    0x0000000008000000      0x10c ./Core/Startup/startup_stm32f103c8tx.o
                0x0000000008000000                g_pfnVectors
                0x000000000800010c                . = ALIGN (0x4)

.text           0x0000000008000110     0xb724
                0x0000000008000110                . = ALIGN (0x4)
 *(.text)
 .text          0x0000000008000110       0x40 d:/cubeide/stm32cubeide_1.9.0/stm32cubeide/plugins/com.st.stm32cube.ide.mcu.externaltools.gnu-tools-for-stm32.10.3-2021.10.win32_1.0.200.202301161003/tools/bin/../lib/gcc/arm-none-eabi/10.3.1/thumb/v7-m/nofp/crtbegin.o
 .text          0x0000000008000150       0x10 d:/cubeide/stm32cubeide_1.9.0/stm32cubeide/plugins/com.st.stm32cube.ide.mcu.externaltools.gnu-tools-for-stm32.10.3-2021.10.win32_1.0.200.202301161003/tools/bin/../lib/gcc/arm-none-eabi/10.3.1/../../../../arm-none-eabi/lib/thumb/v7-m/nofp\libc_nano.a(lib_a-strlen.o)
                0x0000000008000150                strlen
 .text          0x0000000008000160      0x378 d:/cubeide/stm32cubeide_1.9.0/stm32cubeide/plugins/com.st.stm32cube.ide.mcu.externaltools.gnu-tools-for-stm32.10.3-2021.10.win32_1.0.200.202301161003/tools/bin/../lib/gcc/arm-none-eabi/10.3.1/thumb/v7-m/nofp\libgcc.a(_arm_addsubdf3.o)
                0x0000000008000160                __aeabi_drsub
                0x0000000008000168                __aeabi_dsub
                0x0000000008000168                __subdf3
                0x000000000800016c                __aeabi_dadd
                0x000000000800016c                __adddf3
                0x00000000080003e4                __floatunsidf
                0x00000000080003e4                __aeabi_ui2d
                0x0000000008000404                __floatsidf
                0x0000000008000404                __aeabi_i2d
                0x0000000008000428                __aeabi_f2d
                0x0000000008000428                __extendsfdf2
                0x000000000800046c                __floatundidf
                0x000000000800046c                __aeabi_ul2d
                0x000000000800047c                __floatdidf
                0x000000000800047c                __aeabi_l2d
 .text          0x00000000080004d8      0x424 d:/cubeide/stm32cubeide_1.9.0/stm32cubeide/plugins/com.st.stm32cube.ide.mcu.externaltools.gnu-tools-for-stm32.10.3-2021.10.win32_1.0.200.202301161003/tools/bin/../lib/gcc/arm-none-eabi/10.3.1/thumb/v7-m/nofp\libgcc.a(_arm_muldivdf3.o)
                0x00000000080004d8                __aeabi_dmul
                0x00000000080004d8                __muldf3
                0x000000000800072c                __divdf3
                0x000000000800072c                __aeabi_ddiv
 .text          0x00000000080008fc      0x110 d:/cubeide/stm32cubeide_1.9.0/stm32cubeide/plugins/com.st.stm32cube.ide.mcu.externaltools.gnu-tools-for-stm32.10.3-2021.10.win32_1.0.200.202301161003/tools/bin/../lib/gcc/arm-none-eabi/10.3.1/thumb/v7-m/nofp\libgcc.a(_arm_cmpdf2.o)
                0x00000000080008fc                __gtdf2
                0x00000000080008fc                __gedf2
                0x0000000008000904                __ltdf2
                0x0000000008000904                __ledf2
                0x000000000800090c                __nedf2
                0x000000000800090c                __eqdf2
                0x000000000800090c                __cmpdf2
                0x0000000008000988                __aeabi_cdrcmple
                0x0000000008000998                __aeabi_cdcmpeq
                0x0000000008000998                __aeabi_cdcmple
                0x00000000080009a8                __aeabi_dcmpeq
                0x00000000080009bc                __aeabi_dcmplt
                0x00000000080009d0                __aeabi_dcmple
                0x00000000080009e4                __aeabi_dcmpge
                0x00000000080009f8                __aeabi_dcmpgt
 .text          0x0000000008000a0c       0x2c d:/cubeide/stm32cubeide_1.9.0/stm32cubeide/plugins/com.st.stm32cube.ide.mcu.externaltools.gnu-tools-for-stm32.10.3-2021.10.win32_1.0.200.202301161003/tools/bin/../lib/gcc/arm-none-eabi/10.3.1/thumb/v7-m/nofp\libgcc.a(_arm_unorddf2.o)
                0x0000000008000a0c                __unorddf2
                0x0000000008000a0c                __aeabi_dcmpun
 .text          0x0000000008000a38       0x50 d:/cubeide/stm32cubeide_1.9.0/stm32cubeide/plugins/com.st.stm32cube.ide.mcu.externaltools.gnu-tools-for-stm32.10.3-2021.10.win32_1.0.200.202301161003/tools/bin/../lib/gcc/arm-none-eabi/10.3.1/thumb/v7-m/nofp\libgcc.a(_arm_fixdfsi.o)
                0x0000000008000a38                __aeabi_d2iz
                0x0000000008000a38                __fixdfsi
 .text          0x0000000008000a88       0x40 d:/cubeide/stm32cubeide_1.9.0/stm32cubeide/plugins/com.st.stm32cube.ide.mcu.externaltools.gnu-tools-for-stm32.10.3-2021.10.win32_1.0.200.202301161003/tools/bin/../lib/gcc/arm-none-eabi/10.3.1/thumb/v7-m/nofp\libgcc.a(_arm_fixunsdfsi.o)
                0x0000000008000a88                __aeabi_d2uiz
                0x0000000008000a88                __fixunsdfsi
 .text          0x0000000008000ac8       0xa0 d:/cubeide/stm32cubeide_1.9.0/stm32cubeide/plugins/com.st.stm32cube.ide.mcu.externaltools.gnu-tools-for-stm32.10.3-2021.10.win32_1.0.200.202301161003/tools/bin/../lib/gcc/arm-none-eabi/10.3.1/thumb/v7-m/nofp\libgcc.a(_arm_truncdfsf2.o)
                0x0000000008000ac8                __truncdfsf2
                0x0000000008000ac8                __aeabi_d2f
 .text          0x0000000008000b68      0x21c d:/cubeide/stm32cubeide_1.9.0/stm32cubeide/plugins/com.st.stm32cube.ide.mcu.externaltools.gnu-tools-for-stm32.10.3-2021.10.win32_1.0.200.202301161003/tools/bin/../lib/gcc/arm-none-eabi/10.3.1/thumb/v7-m/nofp\libgcc.a(_arm_addsubsf3.o)
                0x0000000008000b68                __aeabi_frsub
                0x0000000008000b70                __subsf3
                0x0000000008000b70                __aeabi_fsub
                0x0000000008000b74                __aeabi_fadd
                0x0000000008000b74                __addsf3
                0x0000000008000cd4                __aeabi_ui2f
                0x0000000008000cd4                __floatunsisf
                0x0000000008000cdc                __aeabi_i2f
                0x0000000008000cdc                __floatsisf
                0x0000000008000cf8                __aeabi_ul2f
                0x0000000008000cf8                __floatundisf
                0x0000000008000d08                __aeabi_l2f
                0x0000000008000d08                __floatdisf
 .text          0x0000000008000d84      0x2a0 d:/cubeide/stm32cubeide_1.9.0/stm32cubeide/plugins/com.st.stm32cube.ide.mcu.externaltools.gnu-tools-for-stm32.10.3-2021.10.win32_1.0.200.202301161003/tools/bin/../lib/gcc/arm-none-eabi/10.3.1/thumb/v7-m/nofp\libgcc.a(_arm_muldivsf3.o)
                0x0000000008000d84                __mulsf3
                0x0000000008000d84                __aeabi_fmul
                0x0000000008000eec                __aeabi_fdiv
                0x0000000008000eec                __divsf3
 .text          0x0000000008001024       0xec d:/cubeide/stm32cubeide_1.9.0/stm32cubeide/plugins/com.st.stm32cube.ide.mcu.externaltools.gnu-tools-for-stm32.10.3-2021.10.win32_1.0.200.202301161003/tools/bin/../lib/gcc/arm-none-eabi/10.3.1/thumb/v7-m/nofp\libgcc.a(_arm_cmpsf2.o)
                0x0000000008001024                __gesf2
                0x0000000008001024                __gtsf2
                0x000000000800102c                __lesf2
                0x000000000800102c                __ltsf2
                0x0000000008001034                __nesf2
                0x0000000008001034                __eqsf2
                0x0000000008001034                __cmpsf2
                0x0000000008001094                __aeabi_cfrcmple
                0x000000000800109c                __aeabi_cfcmpeq
                0x000000000800109c                __aeabi_cfcmple
                0x00000000080010ac                __aeabi_fcmpeq
                0x00000000080010c0                __aeabi_fcmplt
                0x00000000080010d4                __aeabi_fcmple
                0x00000000080010e8                __aeabi_fcmpge
                0x00000000080010fc                __aeabi_fcmpgt
 .text          0x0000000008001110       0x2c d:/cubeide/stm32cubeide_1.9.0/stm32cubeide/plugins/com.st.stm32cube.ide.mcu.externaltools.gnu-tools-for-stm32.10.3-2021.10.win32_1.0.200.202301161003/tools/bin/../lib/gcc/arm-none-eabi/10.3.1/thumb/v7-m/nofp\libgcc.a(_arm_unordsf2.o)
                0x0000000008001110                __unordsf2
                0x0000000008001110                __aeabi_fcmpun
 .text          0x000000000800113c       0x4c d:/cubeide/stm32cubeide_1.9.0/stm32cubeide/plugins/com.st.stm32cube.ide.mcu.externaltools.gnu-tools-for-stm32.10.3-2021.10.win32_1.0.200.202301161003/tools/bin/../lib/gcc/arm-none-eabi/10.3.1/thumb/v7-m/nofp\libgcc.a(_arm_fixsfsi.o)
                0x000000000800113c                __aeabi_f2iz
                0x000000000800113c                __fixsfsi
 .text          0x0000000008001188       0x34 d:/cubeide/stm32cubeide_1.9.0/stm32cubeide/plugins/com.st.stm32cube.ide.mcu.externaltools.gnu-tools-for-stm32.10.3-2021.10.win32_1.0.200.202301161003/tools/bin/../lib/gcc/arm-none-eabi/10.3.1/thumb/v7-m/nofp\libgcc.a(_fixdfdi.o)
                0x0000000008001188                __fixdfdi
                0x0000000008001188                __aeabi_d2lz
 .text          0x00000000080011bc       0x3c d:/cubeide/stm32cubeide_1.9.0/stm32cubeide/plugins/com.st.stm32cube.ide.mcu.externaltools.gnu-tools-for-stm32.10.3-2021.10.win32_1.0.200.202301161003/tools/bin/../lib/gcc/arm-none-eabi/10.3.1/thumb/v7-m/nofp\libgcc.a(_fixunsdfdi.o)
                0x00000000080011bc                __fixunsdfdi
                0x00000000080011bc                __aeabi_d2ulz
 *(.text*)
 .text.MX_GPIO_Init
                0x00000000080011f8       0xec ./Core/Src/gpio.o
                0x00000000080011f8                MX_GPIO_Init
 .text.dwInteruptHandler
                0x00000000080012e4       0x8c ./Core/Src/main.o
                0x00000000080012e4                dwInteruptHandler
 .text.clearAllFlag
                0x0000000008001370       0x18 ./Core/Src/main.o
                0x0000000008001370                clearAllFlag
 .text.log_data
                0x0000000008001388       0x2c ./Core/Src/main.o
                0x0000000008001388                log_data
 .text.main     0x00000000080013b4      0x418 ./Core/Src/main.o
                0x00000000080013b4                main
 .text.SystemClock_Config
                0x00000000080017cc       0x8a ./Core/Src/main.o
                0x00000000080017cc                SystemClock_Config
 .text.Error_Handler
                0x0000000008001856        0xa ./Core/Src/main.o
                0x0000000008001856                Error_Handler
 .text.MX_SPI1_Init
                0x0000000008001860       0x6c ./Core/Src/spi.o
                0x0000000008001860                MX_SPI1_Init
 .text.HAL_SPI_MspInit
                0x00000000080018cc       0xa4 ./Core/Src/spi.o
                0x00000000080018cc                HAL_SPI_MspInit
 .text.HAL_MspInit
                0x0000000008001970       0x64 ./Core/Src/stm32f1xx_hal_msp.o
                0x0000000008001970                HAL_MspInit
 .text.NMI_Handler
                0x00000000080019d4        0x6 ./Core/Src/stm32f1xx_it.o
                0x00000000080019d4                NMI_Handler
 .text.HardFault_Handler
                0x00000000080019da        0x6 ./Core/Src/stm32f1xx_it.o
                0x00000000080019da                HardFault_Handler
 .text.MemManage_Handler
                0x00000000080019e0        0x6 ./Core/Src/stm32f1xx_it.o
                0x00000000080019e0                MemManage_Handler
 .text.BusFault_Handler
                0x00000000080019e6        0x6 ./Core/Src/stm32f1xx_it.o
                0x00000000080019e6                BusFault_Handler
 .text.UsageFault_Handler
                0x00000000080019ec        0x6 ./Core/Src/stm32f1xx_it.o
                0x00000000080019ec                UsageFault_Handler
 .text.SVC_Handler
                0x00000000080019f2        0xc ./Core/Src/stm32f1xx_it.o
                0x00000000080019f2                SVC_Handler
 .text.DebugMon_Handler
                0x00000000080019fe        0xc ./Core/Src/stm32f1xx_it.o
                0x00000000080019fe                DebugMon_Handler
 .text.PendSV_Handler
                0x0000000008001a0a        0xc ./Core/Src/stm32f1xx_it.o
                0x0000000008001a0a                PendSV_Handler
 .text.SysTick_Handler
                0x0000000008001a16        0xc ./Core/Src/stm32f1xx_it.o
                0x0000000008001a16                SysTick_Handler
 *fill*         0x0000000008001a22        0x2 
 .text.SPI1_IRQHandler
                0x0000000008001a24       0x14 ./Core/Src/stm32f1xx_it.o
                0x0000000008001a24                SPI1_IRQHandler
 .text.USART1_IRQHandler
                0x0000000008001a38       0x14 ./Core/Src/stm32f1xx_it.o
                0x0000000008001a38                USART1_IRQHandler
 .text._getpid  0x0000000008001a4c        0xe ./Core/Src/syscalls.o
                0x0000000008001a4c                _getpid
 .text._kill    0x0000000008001a5a       0x20 ./Core/Src/syscalls.o
                0x0000000008001a5a                _kill
 .text._exit    0x0000000008001a7a       0x14 ./Core/Src/syscalls.o
                0x0000000008001a7a                _exit
 .text._read    0x0000000008001a8e       0x3a ./Core/Src/syscalls.o
                0x0000000008001a8e                _read
 .text._write   0x0000000008001ac8       0x38 ./Core/Src/syscalls.o
                0x0000000008001ac8                _write
 .text._close   0x0000000008001b00       0x16 ./Core/Src/syscalls.o
                0x0000000008001b00                _close
 .text._fstat   0x0000000008001b16       0x1e ./Core/Src/syscalls.o
                0x0000000008001b16                _fstat
 .text._isatty  0x0000000008001b34       0x14 ./Core/Src/syscalls.o
                0x0000000008001b34                _isatty
 .text._lseek   0x0000000008001b48       0x18 ./Core/Src/syscalls.o
                0x0000000008001b48                _lseek
 .text._sbrk    0x0000000008001b60       0x6c ./Core/Src/sysmem.o
                0x0000000008001b60                _sbrk
 .text.SystemInit
                0x0000000008001bcc        0xc ./Core/Src/system_stm32f1xx.o
                0x0000000008001bcc                SystemInit
 .text.MX_USART1_UART_Init
                0x0000000008001bd8       0x54 ./Core/Src/usart.o
                0x0000000008001bd8                MX_USART1_UART_Init
 .text.HAL_UART_MspInit
                0x0000000008001c2c       0xa8 ./Core/Src/usart.o
                0x0000000008001c2c                HAL_UART_MspInit
 .text.Reset_Handler
                0x0000000008001cd4       0x48 ./Core/Startup/startup_stm32f103c8tx.o
                0x0000000008001cd4                Reset_Handler
 .text.Default_Handler
                0x0000000008001d1c        0x2 ./Core/Startup/startup_stm32f103c8tx.o
                0x0000000008001d1c                RTC_Alarm_IRQHandler
                0x0000000008001d1c                EXTI2_IRQHandler
                0x0000000008001d1c                TIM1_CC_IRQHandler
                0x0000000008001d1c                PVD_IRQHandler
                0x0000000008001d1c                EXTI3_IRQHandler
                0x0000000008001d1c                EXTI0_IRQHandler
                0x0000000008001d1c                I2C2_EV_IRQHandler
                0x0000000008001d1c                ADC1_2_IRQHandler
                0x0000000008001d1c                TAMPER_IRQHandler
                0x0000000008001d1c                DMA1_Channel4_IRQHandler
                0x0000000008001d1c                USART3_IRQHandler
                0x0000000008001d1c                RTC_IRQHandler
                0x0000000008001d1c                DMA1_Channel7_IRQHandler
                0x0000000008001d1c                CAN1_RX1_IRQHandler
                0x0000000008001d1c                TIM4_IRQHandler
                0x0000000008001d1c                I2C1_EV_IRQHandler
                0x0000000008001d1c                DMA1_Channel6_IRQHandler
                0x0000000008001d1c                TIM3_IRQHandler
                0x0000000008001d1c                RCC_IRQHandler
                0x0000000008001d1c                TIM1_TRG_COM_IRQHandler
                0x0000000008001d1c                DMA1_Channel1_IRQHandler
                0x0000000008001d1c                Default_Handler
                0x0000000008001d1c                EXTI15_10_IRQHandler
                0x0000000008001d1c                EXTI9_5_IRQHandler
                0x0000000008001d1c                SPI2_IRQHandler
                0x0000000008001d1c                DMA1_Channel5_IRQHandler
                0x0000000008001d1c                EXTI4_IRQHandler
                0x0000000008001d1c                USB_LP_CAN1_RX0_IRQHandler
                0x0000000008001d1c                USB_HP_CAN1_TX_IRQHandler
                0x0000000008001d1c                DMA1_Channel3_IRQHandler
                0x0000000008001d1c                TIM1_UP_IRQHandler
                0x0000000008001d1c                WWDG_IRQHandler
                0x0000000008001d1c                TIM2_IRQHandler
                0x0000000008001d1c                TIM1_BRK_IRQHandler
                0x0000000008001d1c                EXTI1_IRQHandler
                0x0000000008001d1c                USART2_IRQHandler
                0x0000000008001d1c                I2C2_ER_IRQHandler
                0x0000000008001d1c                DMA1_Channel2_IRQHandler
                0x0000000008001d1c                CAN1_SCE_IRQHandler
                0x0000000008001d1c                FLASH_IRQHandler
                0x0000000008001d1c                I2C1_ER_IRQHandler
                0x0000000008001d1c                USBWakeUp_IRQHandler
 .text.setBit   0x0000000008001d1e       0x78 ./Core/User/decawave/dw_api.o
 .text.getBit   0x0000000008001d96       0x50 ./Core/User/decawave/dw_api.o
 .text.writeValueToBytes
                0x0000000008001de6       0x40 ./Core/User/decawave/dw_api.o
 .text.readBytesOTP
                0x0000000008001e26       0x6c ./Core/User/decawave/dw_api.o
 .text.dummyHandler
                0x0000000008001e92       0x12 ./Core/User/decawave/dw_api.o
                0x0000000008001e92                dummyHandler
 .text.dwInit   0x0000000008001ea4       0x44 ./Core/User/decawave/dw_api.o
                0x0000000008001ea4                dwInit
 .text.dwConfigure
                0x0000000008001ee8       0xe0 ./Core/User/decawave/dw_api.o
                0x0000000008001ee8                dwConfigure
 .text.dwManageLDE
                0x0000000008001fc8       0xaa ./Core/User/decawave/dw_api.o
                0x0000000008001fc8                dwManageLDE
 .text.dwGetDeviceId
                0x0000000008002072       0x1c ./Core/User/decawave/dw_api.o
                0x0000000008002072                dwGetDeviceId
 .text.dwEnableAllLeds
                0x000000000800208e       0xa2 ./Core/User/decawave/dw_api.o
                0x000000000800208e                dwEnableAllLeds
 .text.dwEnableClock
                0x0000000008002130       0xc8 ./Core/User/decawave/dw_api.o
                0x0000000008002130                dwEnableClock
 .text.dwRxSoftReset
                0x00000000080021f8       0x5a ./Core/User/decawave/dw_api.o
                0x00000000080021f8                dwRxSoftReset
 .text.dwReadSystemConfigurationRegister
                0x0000000008002252       0x22 ./Core/User/decawave/dw_api.o
                0x0000000008002252                dwReadSystemConfigurationRegister
 .text.dwWriteSystemConfigurationRegister
                0x0000000008002274       0x22 ./Core/User/decawave/dw_api.o
                0x0000000008002274                dwWriteSystemConfigurationRegister
 .text.dwReadSystemEventStatusRegister
                0x0000000008002296       0x22 ./Core/User/decawave/dw_api.o
                0x0000000008002296                dwReadSystemEventStatusRegister
 .text.dwReadNetworkIdAndDeviceAddress
                0x00000000080022b8       0x22 ./Core/User/decawave/dw_api.o
                0x00000000080022b8                dwReadNetworkIdAndDeviceAddress
 .text.dwWriteNetworkIdAndDeviceAddress
                0x00000000080022da       0x22 ./Core/User/decawave/dw_api.o
                0x00000000080022da                dwWriteNetworkIdAndDeviceAddress
 .text.dwReadSystemEventMaskRegister
                0x00000000080022fc       0x22 ./Core/User/decawave/dw_api.o
                0x00000000080022fc                dwReadSystemEventMaskRegister
 .text.dwWriteSystemEventMaskRegister
                0x000000000800231e       0x22 ./Core/User/decawave/dw_api.o
                0x000000000800231e                dwWriteSystemEventMaskRegister
 .text.dwReadChannelControlRegister
                0x0000000008002340       0x22 ./Core/User/decawave/dw_api.o
                0x0000000008002340                dwReadChannelControlRegister
 .text.dwWriteChannelControlRegister
                0x0000000008002362       0x22 ./Core/User/decawave/dw_api.o
                0x0000000008002362                dwWriteChannelControlRegister
 .text.dwReadTransmitFrameControlRegister
                0x0000000008002384       0x22 ./Core/User/decawave/dw_api.o
                0x0000000008002384                dwReadTransmitFrameControlRegister
 .text.dwWriteTransmitFrameControlRegister
                0x00000000080023a6       0x22 ./Core/User/decawave/dw_api.o
                0x00000000080023a6                dwWriteTransmitFrameControlRegister
 .text.dwSetFrameFilter
                0x00000000080023c8       0x24 ./Core/User/decawave/dw_api.o
                0x00000000080023c8                dwSetFrameFilter
 .text.dwSetFrameFilterAllowData
                0x00000000080023ec       0x24 ./Core/User/decawave/dw_api.o
                0x00000000080023ec                dwSetFrameFilterAllowData
 .text.dwSetFrameFilterAllowReserved
                0x0000000008002410       0x24 ./Core/User/decawave/dw_api.o
                0x0000000008002410                dwSetFrameFilterAllowReserved
 .text.dwSetDoubleBuffering
                0x0000000008002434       0x3a ./Core/User/decawave/dw_api.o
                0x0000000008002434                dwSetDoubleBuffering
 .text.dwSetInterruptPolarity
                0x000000000800246e       0x24 ./Core/User/decawave/dw_api.o
                0x000000000800246e                dwSetInterruptPolarity
 .text.dwSetReceiverAutoReenable
                0x0000000008002492       0x24 ./Core/User/decawave/dw_api.o
                0x0000000008002492                dwSetReceiverAutoReenable
 .text.dwInterruptOnSent
                0x00000000080024b6       0x24 ./Core/User/decawave/dw_api.o
                0x00000000080024b6                dwInterruptOnSent
 .text.dwInterruptOnReceived
                0x00000000080024da       0x34 ./Core/User/decawave/dw_api.o
                0x00000000080024da                dwInterruptOnReceived
 .text.dwInterruptOnReceiveFailed
                0x000000000800250e       0x74 ./Core/User/decawave/dw_api.o
                0x000000000800250e                dwInterruptOnReceiveFailed
 .text.dwInterruptOnReceiveTimeout
                0x0000000008002582       0x34 ./Core/User/decawave/dw_api.o
                0x0000000008002582                dwInterruptOnReceiveTimeout
 .text.dwInterruptOnReceiveTimestampAvailable
                0x00000000080025b6       0x24 ./Core/User/decawave/dw_api.o
                0x00000000080025b6                dwInterruptOnReceiveTimestampAvailable
 .text.dwInterruptOnAutomaticAcknowledgeTrigger
                0x00000000080025da       0x24 ./Core/User/decawave/dw_api.o
                0x00000000080025da                dwInterruptOnAutomaticAcknowledgeTrigger
 .text.dwClearInterrupts
                0x00000000080025fe       0x1e ./Core/User/decawave/dw_api.o
                0x00000000080025fe                dwClearInterrupts
 .text.dwIdle   0x000000000800261c       0x44 ./Core/User/decawave/dw_api.o
                0x000000000800261c                dwIdle
 .text.dwNewReceive
                0x0000000008002660       0x30 ./Core/User/decawave/dw_api.o
                0x0000000008002660                dwNewReceive
 .text.dwStartReceive
                0x0000000008002690       0x58 ./Core/User/decawave/dw_api.o
                0x0000000008002690                dwStartReceive
 .text.dwNewTransmit
                0x00000000080026e8       0x30 ./Core/User/decawave/dw_api.o
                0x00000000080026e8                dwNewTransmit
 .text.dwStartTransmit
                0x0000000008002718       0x9c ./Core/User/decawave/dw_api.o
                0x0000000008002718                dwStartTransmit
 .text.dwNewConfiguration
                0x00000000080027b4       0x34 ./Core/User/decawave/dw_api.o
                0x00000000080027b4                dwNewConfiguration
 .text.dwCommitConfiguration
                0x00000000080027e8       0x5a ./Core/User/decawave/dw_api.o
                0x00000000080027e8                dwCommitConfiguration
 .text.dwSuppressFrameCheck
                0x0000000008002842       0x34 ./Core/User/decawave/dw_api.o
                0x0000000008002842                dwSuppressFrameCheck
 .text.dwUseSmartPower
                0x0000000008002876       0x42 ./Core/User/decawave/dw_api.o
                0x0000000008002876                dwUseSmartPower
 .text.dwSetDataRate
                0x00000000080028b8      0x102 ./Core/User/decawave/dw_api.o
                0x00000000080028b8                dwSetDataRate
 .text.dwSetPulseFrequency
                0x00000000080029ba       0x6a ./Core/User/decawave/dw_api.o
                0x00000000080029ba                dwSetPulseFrequency
 .text.dwSetPreambleLength
                0x0000000008002a24       0x92 ./Core/User/decawave/dw_api.o
                0x0000000008002a24                dwSetPreambleLength
 .text.dwUseExtendedFrameLength
                0x0000000008002ab6       0x48 ./Core/User/decawave/dw_api.o
                0x0000000008002ab6                dwUseExtendedFrameLength
 .text.dwSetChannel
                0x0000000008002afe       0x3a ./Core/User/decawave/dw_api.o
                0x0000000008002afe                dwSetChannel
 .text.dwSetPreambleCode
                0x0000000008002b38       0x6e ./Core/User/decawave/dw_api.o
                0x0000000008002b38                dwSetPreambleCode
 .text.dwSetDefaults
                0x0000000008002ba6       0x96 ./Core/User/decawave/dw_api.o
                0x0000000008002ba6                dwSetDefaults
 .text.dwSetData
                0x0000000008002c3c       0x84 ./Core/User/decawave/dw_api.o
                0x0000000008002c3c                dwSetData
 .text.dwGetDataLength
                0x0000000008002cc0       0x70 ./Core/User/decawave/dw_api.o
                0x0000000008002cc0                dwGetDataLength
 .text.dwGetData
                0x0000000008002d30       0x2c ./Core/User/decawave/dw_api.o
                0x0000000008002d30                dwGetData
 .text.dwGetTransmitTimestamp
                0x0000000008002d5c       0x22 ./Core/User/decawave/dw_api.o
                0x0000000008002d5c                dwGetTransmitTimestamp
 .text.dwGetReceiveTimestamp
                0x0000000008002d7e       0x38 ./Core/User/decawave/dw_api.o
                0x0000000008002d7e                dwGetReceiveTimestamp
 *fill*         0x0000000008002db6        0x2 
 .text.dwCorrectTimestamp
                0x0000000008002db8      0x294 ./Core/User/decawave/dw_api.o
                0x0000000008002db8                dwCorrectTimestamp
 .text.dwIsTransmitDone
                0x000000000800304c       0x20 ./Core/User/decawave/dw_api.o
                0x000000000800304c                dwIsTransmitDone
 .text.dwIsReceiveTimestampAvailable
                0x000000000800306c       0x20 ./Core/User/decawave/dw_api.o
                0x000000000800306c                dwIsReceiveTimestampAvailable
 .text.dwIsReceiveDone
                0x000000000800308c       0x3c ./Core/User/decawave/dw_api.o
                0x000000000800308c                dwIsReceiveDone
 .text.dwIsReceiveFailed
                0x00000000080030c8       0xac ./Core/User/decawave/dw_api.o
                0x00000000080030c8                dwIsReceiveFailed
 .text.dwIsReceiveTimeout
                0x0000000008003174       0x20 ./Core/User/decawave/dw_api.o
                0x0000000008003174                dwIsReceiveTimeout
 .text.dwClearReceiveTimestampAvailableStatus
                0x0000000008003194       0x38 ./Core/User/decawave/dw_api.o
                0x0000000008003194                dwClearReceiveTimestampAvailableStatus
 .text.dwClearReceiveStatus
                0x00000000080031cc       0x24 ./Core/User/decawave/dw_api.o
                0x00000000080031cc                dwClearReceiveStatus
 .text.dwClearTransmitStatus
                0x00000000080031f0       0x20 ./Core/User/decawave/dw_api.o
                0x00000000080031f0                dwClearTransmitStatus
 .text.spiReadRxInfo
                0x0000000008003210       0x38 ./Core/User/decawave/dw_api.o
 .text.calculatePower
                0x0000000008003248       0xb0 ./Core/User/decawave/dw_api.o
 .text.dwGetReceivePower
                0x00000000080032f8       0x50 ./Core/User/decawave/dw_api.o
                0x00000000080032f8                dwGetReceivePower
 .text.dwSetMode
                0x0000000008003348       0x56 ./Core/User/decawave/dw_api.o
                0x0000000008003348                dwSetMode
 *fill*         0x000000000800339e        0x2 
 .text.dwTune   0x00000000080033a0      0xc14 ./Core/User/decawave/dw_api.o
                0x00000000080033a0                dwTune
 .text.spiWrite
                0x0000000008003fb4       0x6c ./Core/User/decawave/dw_func.o
 .text.spiRead  0x0000000008004020       0x6c ./Core/User/decawave/dw_func.o
 .text.spiSetSpeed
                0x000000000800408c       0x38 ./Core/User/decawave/dw_func.o
 .text.reset    0x00000000080040c4       0x30 ./Core/User/decawave/dw_func.o
 .text.delayms  0x00000000080040f4       0x18 ./Core/User/decawave/dw_func.o
 .text.dwSpiRead
                0x000000000800410c       0x7c ./Core/User/decawave/dw_spi.o
                0x000000000800410c                dwSpiRead
 .text.dwSpiRead16
                0x0000000008004188       0x2a ./Core/User/decawave/dw_spi.o
                0x0000000008004188                dwSpiRead16
 .text.dwSpiRead32
                0x00000000080041b2       0x2a ./Core/User/decawave/dw_spi.o
                0x00000000080041b2                dwSpiRead32
 .text.dwSpiWrite
                0x00000000080041dc       0x86 ./Core/User/decawave/dw_spi.o
                0x00000000080041dc                dwSpiWrite
 .text.dwSpiWrite8
                0x0000000008004262       0x2e ./Core/User/decawave/dw_spi.o
                0x0000000008004262                dwSpiWrite8
 .text.dwSpiWrite32
                0x0000000008004290       0x28 ./Core/User/decawave/dw_spi.o
                0x0000000008004290                dwSpiWrite32
 .text.HAL_Init
                0x00000000080042b8       0x2c ./Drivers/STM32F1xx_HAL_Driver/Src/stm32f1xx_hal.o
                0x00000000080042b8                HAL_Init
 .text.HAL_InitTick
                0x00000000080042e4       0x60 ./Drivers/STM32F1xx_HAL_Driver/Src/stm32f1xx_hal.o
                0x00000000080042e4                HAL_InitTick
 .text.HAL_IncTick
                0x0000000008004344       0x24 ./Drivers/STM32F1xx_HAL_Driver/Src/stm32f1xx_hal.o
                0x0000000008004344                HAL_IncTick
 .text.HAL_GetTick
                0x0000000008004368       0x14 ./Drivers/STM32F1xx_HAL_Driver/Src/stm32f1xx_hal.o
                0x0000000008004368                HAL_GetTick
 .text.HAL_Delay
                0x000000000800437c       0x48 ./Drivers/STM32F1xx_HAL_Driver/Src/stm32f1xx_hal.o
                0x000000000800437c                HAL_Delay
 .text.__NVIC_SetPriorityGrouping
                0x00000000080043c4       0x48 ./Drivers/STM32F1xx_HAL_Driver/Src/stm32f1xx_hal_cortex.o
 .text.__NVIC_GetPriorityGrouping
                0x000000000800440c       0x1c ./Drivers/STM32F1xx_HAL_Driver/Src/stm32f1xx_hal_cortex.o
 .text.__NVIC_EnableIRQ
                0x0000000008004428       0x38 ./Drivers/STM32F1xx_HAL_Driver/Src/stm32f1xx_hal_cortex.o
 .text.__NVIC_SetPriority
                0x0000000008004460       0x54 ./Drivers/STM32F1xx_HAL_Driver/Src/stm32f1xx_hal_cortex.o
 .text.NVIC_EncodePriority
                0x00000000080044b4       0x64 ./Drivers/STM32F1xx_HAL_Driver/Src/stm32f1xx_hal_cortex.o
 .text.SysTick_Config
                0x0000000008004518       0x44 ./Drivers/STM32F1xx_HAL_Driver/Src/stm32f1xx_hal_cortex.o
 .text.HAL_NVIC_SetPriorityGrouping
                0x000000000800455c       0x16 ./Drivers/STM32F1xx_HAL_Driver/Src/stm32f1xx_hal_cortex.o
                0x000000000800455c                HAL_NVIC_SetPriorityGrouping
 .text.HAL_NVIC_SetPriority
                0x0000000008004572       0x38 ./Drivers/STM32F1xx_HAL_Driver/Src/stm32f1xx_hal_cortex.o
                0x0000000008004572                HAL_NVIC_SetPriority
 .text.HAL_NVIC_EnableIRQ
                0x00000000080045aa       0x1c ./Drivers/STM32F1xx_HAL_Driver/Src/stm32f1xx_hal_cortex.o
                0x00000000080045aa                HAL_NVIC_EnableIRQ
 .text.HAL_SYSTICK_Config
                0x00000000080045c6       0x18 ./Drivers/STM32F1xx_HAL_Driver/Src/stm32f1xx_hal_cortex.o
                0x00000000080045c6                HAL_SYSTICK_Config
 .text.HAL_DMA_Abort
                0x00000000080045de       0x76 ./Drivers/STM32F1xx_HAL_Driver/Src/stm32f1xx_hal_dma.o
                0x00000000080045de                HAL_DMA_Abort
 .text.HAL_DMA_Abort_IT
                0x0000000008004654       0xf0 ./Drivers/STM32F1xx_HAL_Driver/Src/stm32f1xx_hal_dma.o
                0x0000000008004654                HAL_DMA_Abort_IT
 .text.HAL_GPIO_Init
                0x0000000008004744      0x308 ./Drivers/STM32F1xx_HAL_Driver/Src/stm32f1xx_hal_gpio.o
                0x0000000008004744                HAL_GPIO_Init
 .text.HAL_GPIO_WritePin
                0x0000000008004a4c       0x30 ./Drivers/STM32F1xx_HAL_Driver/Src/stm32f1xx_hal_gpio.o
                0x0000000008004a4c                HAL_GPIO_WritePin
 .text.HAL_RCC_OscConfig
                0x0000000008004a7c      0x504 ./Drivers/STM32F1xx_HAL_Driver/Src/stm32f1xx_hal_rcc.o
                0x0000000008004a7c                HAL_RCC_OscConfig
 .text.HAL_RCC_ClockConfig
                0x0000000008004f80      0x1d4 ./Drivers/STM32F1xx_HAL_Driver/Src/stm32f1xx_hal_rcc.o
                0x0000000008004f80                HAL_RCC_ClockConfig
 .text.HAL_RCC_GetSysClockFreq
                0x0000000008005154       0xa8 ./Drivers/STM32F1xx_HAL_Driver/Src/stm32f1xx_hal_rcc.o
                0x0000000008005154                HAL_RCC_GetSysClockFreq
 .text.HAL_RCC_GetHCLKFreq
                0x00000000080051fc       0x14 ./Drivers/STM32F1xx_HAL_Driver/Src/stm32f1xx_hal_rcc.o
                0x00000000080051fc                HAL_RCC_GetHCLKFreq
 .text.HAL_RCC_GetPCLK1Freq
                0x0000000008005210       0x28 ./Drivers/STM32F1xx_HAL_Driver/Src/stm32f1xx_hal_rcc.o
                0x0000000008005210                HAL_RCC_GetPCLK1Freq
 .text.HAL_RCC_GetPCLK2Freq
                0x0000000008005238       0x28 ./Drivers/STM32F1xx_HAL_Driver/Src/stm32f1xx_hal_rcc.o
                0x0000000008005238                HAL_RCC_GetPCLK2Freq
 .text.RCC_Delay
                0x0000000008005260       0x3c ./Drivers/STM32F1xx_HAL_Driver/Src/stm32f1xx_hal_rcc.o
 .text.HAL_SPI_Init
                0x000000000800529c      0x108 ./Drivers/STM32F1xx_HAL_Driver/Src/stm32f1xx_hal_spi.o
                0x000000000800529c                HAL_SPI_Init
 .text.HAL_SPI_Transmit
                0x00000000080053a4      0x286 ./Drivers/STM32F1xx_HAL_Driver/Src/stm32f1xx_hal_spi.o
                0x00000000080053a4                HAL_SPI_Transmit
 .text.HAL_SPI_Receive
                0x000000000800562a      0x230 ./Drivers/STM32F1xx_HAL_Driver/Src/stm32f1xx_hal_spi.o
                0x000000000800562a                HAL_SPI_Receive
 .text.HAL_SPI_TransmitReceive
                0x000000000800585a      0x360 ./Drivers/STM32F1xx_HAL_Driver/Src/stm32f1xx_hal_spi.o
                0x000000000800585a                HAL_SPI_TransmitReceive
 *fill*         0x0000000008005bba        0x2 
 .text.HAL_SPI_IRQHandler
                0x0000000008005bbc      0x1cc ./Drivers/STM32F1xx_HAL_Driver/Src/stm32f1xx_hal_spi.o
                0x0000000008005bbc                HAL_SPI_IRQHandler
 .text.HAL_SPI_ErrorCallback
                0x0000000008005d88       0x12 ./Drivers/STM32F1xx_HAL_Driver/Src/stm32f1xx_hal_spi.o
                0x0000000008005d88                HAL_SPI_ErrorCallback
 .text.SPI_DMAAbortOnError
                0x0000000008005d9a       0x28 ./Drivers/STM32F1xx_HAL_Driver/Src/stm32f1xx_hal_spi.o
 *fill*         0x0000000008005dc2        0x2 
 .text.SPI_WaitFlagStateUntilTimeout
                0x0000000008005dc4      0x110 ./Drivers/STM32F1xx_HAL_Driver/Src/stm32f1xx_hal_spi.o
 .text.SPI_EndRxTransaction
                0x0000000008005ed4       0xa4 ./Drivers/STM32F1xx_HAL_Driver/Src/stm32f1xx_hal_spi.o
 .text.SPI_EndRxTxTransaction
                0x0000000008005f78       0x3c ./Drivers/STM32F1xx_HAL_Driver/Src/stm32f1xx_hal_spi.o
 .text.HAL_UART_Init
                0x0000000008005fb4       0xa0 ./Drivers/STM32F1xx_HAL_Driver/Src/stm32f1xx_hal_uart.o
                0x0000000008005fb4                HAL_UART_Init
 .text.HAL_UART_Transmit
                0x0000000008006054      0x106 ./Drivers/STM32F1xx_HAL_Driver/Src/stm32f1xx_hal_uart.o
                0x0000000008006054                HAL_UART_Transmit
 *fill*         0x000000000800615a        0x2 
 .text.HAL_UART_IRQHandler
                0x000000000800615c      0x524 ./Drivers/STM32F1xx_HAL_Driver/Src/stm32f1xx_hal_uart.o
                0x000000000800615c                HAL_UART_IRQHandler
 .text.HAL_UART_TxCpltCallback
                0x0000000008006680       0x12 ./Drivers/STM32F1xx_HAL_Driver/Src/stm32f1xx_hal_uart.o
                0x0000000008006680                HAL_UART_TxCpltCallback
 .text.HAL_UART_RxCpltCallback
                0x0000000008006692       0x12 ./Drivers/STM32F1xx_HAL_Driver/Src/stm32f1xx_hal_uart.o
                0x0000000008006692                HAL_UART_RxCpltCallback
 .text.HAL_UART_ErrorCallback
                0x00000000080066a4       0x12 ./Drivers/STM32F1xx_HAL_Driver/Src/stm32f1xx_hal_uart.o
                0x00000000080066a4                HAL_UART_ErrorCallback
 .text.HAL_UARTEx_RxEventCallback
                0x00000000080066b6       0x16 ./Drivers/STM32F1xx_HAL_Driver/Src/stm32f1xx_hal_uart.o
                0x00000000080066b6                HAL_UARTEx_RxEventCallback
 .text.UART_WaitOnFlagUntilTimeout
                0x00000000080066cc       0xdc ./Drivers/STM32F1xx_HAL_Driver/Src/stm32f1xx_hal_uart.o
 .text.UART_EndRxTransfer
                0x00000000080067a8       0xc4 ./Drivers/STM32F1xx_HAL_Driver/Src/stm32f1xx_hal_uart.o
 .text.UART_DMAAbortOnError
                0x000000000800686c       0x28 ./Drivers/STM32F1xx_HAL_Driver/Src/stm32f1xx_hal_uart.o
 .text.UART_Transmit_IT
                0x0000000008006894       0x9e ./Drivers/STM32F1xx_HAL_Driver/Src/stm32f1xx_hal_uart.o
 .text.UART_EndTransmit_IT
                0x0000000008006932       0x30 ./Drivers/STM32F1xx_HAL_Driver/Src/stm32f1xx_hal_uart.o
 .text.UART_Receive_IT
                0x0000000008006962      0x17c ./Drivers/STM32F1xx_HAL_Driver/Src/stm32f1xx_hal_uart.o
 *fill*         0x0000000008006ade        0x2 
 .text.UART_SetConfig
                0x0000000008006ae0      0x11c ./Drivers/STM32F1xx_HAL_Driver/Src/stm32f1xx_hal_uart.o
 .text.__errno  0x0000000008006bfc        0xc d:/cubeide/stm32cubeide_1.9.0/stm32cubeide/plugins/com.st.stm32cube.ide.mcu.externaltools.gnu-tools-for-stm32.10.3-2021.10.win32_1.0.200.202301161003/tools/bin/../lib/gcc/arm-none-eabi/10.3.1/../../../../arm-none-eabi/lib/thumb/v7-m/nofp\libc_nano.a(lib_a-errno.o)
                0x0000000008006bfc                __errno
 .text.__libc_init_array
                0x0000000008006c08       0x48 d:/cubeide/stm32cubeide_1.9.0/stm32cubeide/plugins/com.st.stm32cube.ide.mcu.externaltools.gnu-tools-for-stm32.10.3-2021.10.win32_1.0.200.202301161003/tools/bin/../lib/gcc/arm-none-eabi/10.3.1/../../../../arm-none-eabi/lib/thumb/v7-m/nofp\libc_nano.a(lib_a-init.o)
                0x0000000008006c08                __libc_init_array
 .text.memcmp   0x0000000008006c50       0x20 d:/cubeide/stm32cubeide_1.9.0/stm32cubeide/plugins/com.st.stm32cube.ide.mcu.externaltools.gnu-tools-for-stm32.10.3-2021.10.win32_1.0.200.202301161003/tools/bin/../lib/gcc/arm-none-eabi/10.3.1/../../../../arm-none-eabi/lib/thumb/v7-m/nofp\libc_nano.a(lib_a-memcmp.o)
                0x0000000008006c50                memcmp
 .text.memcpy   0x0000000008006c70       0x1c d:/cubeide/stm32cubeide_1.9.0/stm32cubeide/plugins/com.st.stm32cube.ide.mcu.externaltools.gnu-tools-for-stm32.10.3-2021.10.win32_1.0.200.202301161003/tools/bin/../lib/gcc/arm-none-eabi/10.3.1/../../../../arm-none-eabi/lib/thumb/v7-m/nofp\libc_nano.a(lib_a-memcpy-stub.o)
                0x0000000008006c70                memcpy
 .text.memset   0x0000000008006c8c       0x10 d:/cubeide/stm32cubeide_1.9.0/stm32cubeide/plugins/com.st.stm32cube.ide.mcu.externaltools.gnu-tools-for-stm32.10.3-2021.10.win32_1.0.200.202301161003/tools/bin/../lib/gcc/arm-none-eabi/10.3.1/../../../../arm-none-eabi/lib/thumb/v7-m/nofp\libc_nano.a(lib_a-memset.o)
                0x0000000008006c8c                memset
 .text.__cvt    0x0000000008006c9c       0xbe d:/cubeide/stm32cubeide_1.9.0/stm32cubeide/plugins/com.st.stm32cube.ide.mcu.externaltools.gnu-tools-for-stm32.10.3-2021.10.win32_1.0.200.202301161003/tools/bin/../lib/gcc/arm-none-eabi/10.3.1/../../../../arm-none-eabi/lib/thumb/v7-m/nofp\libc_nano.a(lib_a-nano-vfprintf_float.o)
                0x0000000008006c9c                __cvt
 .text.__exponent
                0x0000000008006d5a       0x7c d:/cubeide/stm32cubeide_1.9.0/stm32cubeide/plugins/com.st.stm32cube.ide.mcu.externaltools.gnu-tools-for-stm32.10.3-2021.10.win32_1.0.200.202301161003/tools/bin/../lib/gcc/arm-none-eabi/10.3.1/../../../../arm-none-eabi/lib/thumb/v7-m/nofp\libc_nano.a(lib_a-nano-vfprintf_float.o)
                0x0000000008006d5a                __exponent
 *fill*         0x0000000008006dd6        0x2 
 .text._printf_float
                0x0000000008006dd8      0x458 d:/cubeide/stm32cubeide_1.9.0/stm32cubeide/plugins/com.st.stm32cube.ide.mcu.externaltools.gnu-tools-for-stm32.10.3-2021.10.win32_1.0.200.202301161003/tools/bin/../lib/gcc/arm-none-eabi/10.3.1/../../../../arm-none-eabi/lib/thumb/v7-m/nofp\libc_nano.a(lib_a-nano-vfprintf_float.o)
                0x0000000008006dd8                _printf_float
 .text._printf_common
                0x0000000008007230       0xde d:/cubeide/stm32cubeide_1.9.0/stm32cubeide/plugins/com.st.stm32cube.ide.mcu.externaltools.gnu-tools-for-stm32.10.3-2021.10.win32_1.0.200.202301161003/tools/bin/../lib/gcc/arm-none-eabi/10.3.1/../../../../arm-none-eabi/lib/thumb/v7-m/nofp\libc_nano.a(lib_a-nano-vfprintf_i.o)
                0x0000000008007230                _printf_common
 *fill*         0x000000000800730e        0x2 
 .text._printf_i
                0x0000000008007310      0x24c d:/cubeide/stm32cubeide_1.9.0/stm32cubeide/plugins/com.st.stm32cube.ide.mcu.externaltools.gnu-tools-for-stm32.10.3-2021.10.win32_1.0.200.202301161003/tools/bin/../lib/gcc/arm-none-eabi/10.3.1/../../../../arm-none-eabi/lib/thumb/v7-m/nofp\libc_nano.a(lib_a-nano-vfprintf_i.o)
                0x0000000008007310                _printf_i
 .text._scanf_float
                0x000000000800755c      0x41c d:/cubeide/stm32cubeide_1.9.0/stm32cubeide/plugins/com.st.stm32cube.ide.mcu.externaltools.gnu-tools-for-stm32.10.3-2021.10.win32_1.0.200.202301161003/tools/bin/../lib/gcc/arm-none-eabi/10.3.1/../../../../arm-none-eabi/lib/thumb/v7-m/nofp\libc_nano.a(lib_a-nano-vfscanf_float.o)
                0x000000000800755c                _scanf_float
 .text.nanf     0x0000000008007978        0x8 d:/cubeide/stm32cubeide_1.9.0/stm32cubeide/plugins/com.st.stm32cube.ide.mcu.externaltools.gnu-tools-for-stm32.10.3-2021.10.win32_1.0.200.202301161003/tools/bin/../lib/gcc/arm-none-eabi/10.3.1/../../../../arm-none-eabi/lib/thumb/v7-m/nofp\libc_nano.a(lib_a-sf_nan.o)
                0x0000000008007978                nanf
 .text.sprintf  0x0000000008007980       0x40 d:/cubeide/stm32cubeide_1.9.0/stm32cubeide/plugins/com.st.stm32cube.ide.mcu.externaltools.gnu-tools-for-stm32.10.3-2021.10.win32_1.0.200.202301161003/tools/bin/../lib/gcc/arm-none-eabi/10.3.1/../../../../arm-none-eabi/lib/thumb/v7-m/nofp\libc_nano.a(lib_a-sprintf.o)
                0x0000000008007980                siprintf
                0x0000000008007980                sprintf
 .text.sulp     0x00000000080079c0       0x42 d:/cubeide/stm32cubeide_1.9.0/stm32cubeide/plugins/com.st.stm32cube.ide.mcu.externaltools.gnu-tools-for-stm32.10.3-2021.10.win32_1.0.200.202301161003/tools/bin/../lib/gcc/arm-none-eabi/10.3.1/../../../../arm-none-eabi/lib/thumb/v7-m/nofp\libc_nano.a(lib_a-strtod.o)
 *fill*         0x0000000008007a02        0x6 
 .text._strtod_l
                0x0000000008007a08      0xbd0 d:/cubeide/stm32cubeide_1.9.0/stm32cubeide/plugins/com.st.stm32cube.ide.mcu.externaltools.gnu-tools-for-stm32.10.3-2021.10.win32_1.0.200.202301161003/tools/bin/../lib/gcc/arm-none-eabi/10.3.1/../../../../arm-none-eabi/lib/thumb/v7-m/nofp\libc_nano.a(lib_a-strtod.o)
                0x0000000008007a08                _strtod_l
 .text._strtod_r
                0x00000000080085d8        0xc d:/cubeide/stm32cubeide_1.9.0/stm32cubeide/plugins/com.st.stm32cube.ide.mcu.externaltools.gnu-tools-for-stm32.10.3-2021.10.win32_1.0.200.202301161003/tools/bin/../lib/gcc/arm-none-eabi/10.3.1/../../../../arm-none-eabi/lib/thumb/v7-m/nofp\libc_nano.a(lib_a-strtod.o)
                0x00000000080085d8                _strtod_r
 .text._strtol_l.constprop.0
                0x00000000080085e4       0xf8 d:/cubeide/stm32cubeide_1.9.0/stm32cubeide/plugins/com.st.stm32cube.ide.mcu.externaltools.gnu-tools-for-stm32.10.3-2021.10.win32_1.0.200.202301161003/tools/bin/../lib/gcc/arm-none-eabi/10.3.1/../../../../arm-none-eabi/lib/thumb/v7-m/nofp\libc_nano.a(lib_a-strtol.o)
 .text._strtol_r
                0x00000000080086dc        0x4 d:/cubeide/stm32cubeide_1.9.0/stm32cubeide/plugins/com.st.stm32cube.ide.mcu.externaltools.gnu-tools-for-stm32.10.3-2021.10.win32_1.0.200.202301161003/tools/bin/../lib/gcc/arm-none-eabi/10.3.1/../../../../arm-none-eabi/lib/thumb/v7-m/nofp\libc_nano.a(lib_a-strtol.o)
                0x00000000080086dc                _strtol_r
 .text.quorem   0x00000000080086e0      0x118 d:/cubeide/stm32cubeide_1.9.0/stm32cubeide/plugins/com.st.stm32cube.ide.mcu.externaltools.gnu-tools-for-stm32.10.3-2021.10.win32_1.0.200.202301161003/tools/bin/../lib/gcc/arm-none-eabi/10.3.1/../../../../arm-none-eabi/lib/thumb/v7-m/nofp\libc_nano.a(lib_a-dtoa.o)
 .text._dtoa_r  0x00000000080087f8      0xbdc d:/cubeide/stm32cubeide_1.9.0/stm32cubeide/plugins/com.st.stm32cube.ide.mcu.externaltools.gnu-tools-for-stm32.10.3-2021.10.win32_1.0.200.202301161003/tools/bin/../lib/gcc/arm-none-eabi/10.3.1/../../../../arm-none-eabi/lib/thumb/v7-m/nofp\libc_nano.a(lib_a-dtoa.o)
                0x00000000080087f8                _dtoa_r
 .text.rshift   0x00000000080093d4       0xa6 d:/cubeide/stm32cubeide_1.9.0/stm32cubeide/plugins/com.st.stm32cube.ide.mcu.externaltools.gnu-tools-for-stm32.10.3-2021.10.win32_1.0.200.202301161003/tools/bin/../lib/gcc/arm-none-eabi/10.3.1/../../../../arm-none-eabi/lib/thumb/v7-m/nofp\libc_nano.a(lib_a-gdtoa-gethex.o)
 .text.__hexdig_fun
                0x000000000800947a       0x2a d:/cubeide/stm32cubeide_1.9.0/stm32cubeide/plugins/com.st.stm32cube.ide.mcu.externaltools.gnu-tools-for-stm32.10.3-2021.10.win32_1.0.200.202301161003/tools/bin/../lib/gcc/arm-none-eabi/10.3.1/../../../../arm-none-eabi/lib/thumb/v7-m/nofp\libc_nano.a(lib_a-gdtoa-gethex.o)
                0x000000000800947a                __hexdig_fun
 .text.__gethex
                0x00000000080094a4      0x478 d:/cubeide/stm32cubeide_1.9.0/stm32cubeide/plugins/com.st.stm32cube.ide.mcu.externaltools.gnu-tools-for-stm32.10.3-2021.10.win32_1.0.200.202301161003/tools/bin/../lib/gcc/arm-none-eabi/10.3.1/../../../../arm-none-eabi/lib/thumb/v7-m/nofp\libc_nano.a(lib_a-gdtoa-gethex.o)
                0x00000000080094a4                __gethex
 .text.L_shift  0x000000000800991c       0x24 d:/cubeide/stm32cubeide_1.9.0/stm32cubeide/plugins/com.st.stm32cube.ide.mcu.externaltools.gnu-tools-for-stm32.10.3-2021.10.win32_1.0.200.202301161003/tools/bin/../lib/gcc/arm-none-eabi/10.3.1/../../../../arm-none-eabi/lib/thumb/v7-m/nofp\libc_nano.a(lib_a-gdtoa-hexnan.o)
 .text.__match  0x0000000008009940       0x28 d:/cubeide/stm32cubeide_1.9.0/stm32cubeide/plugins/com.st.stm32cube.ide.mcu.externaltools.gnu-tools-for-stm32.10.3-2021.10.win32_1.0.200.202301161003/tools/bin/../lib/gcc/arm-none-eabi/10.3.1/../../../../arm-none-eabi/lib/thumb/v7-m/nofp\libc_nano.a(lib_a-gdtoa-hexnan.o)
                0x0000000008009940                __match
 .text.__hexnan
                0x0000000008009968      0x138 d:/cubeide/stm32cubeide_1.9.0/stm32cubeide/plugins/com.st.stm32cube.ide.mcu.externaltools.gnu-tools-for-stm32.10.3-2021.10.win32_1.0.200.202301161003/tools/bin/../lib/gcc/arm-none-eabi/10.3.1/../../../../arm-none-eabi/lib/thumb/v7-m/nofp\libc_nano.a(lib_a-gdtoa-hexnan.o)
                0x0000000008009968                __hexnan
 .text._localeconv_r
                0x0000000008009aa0        0x8 d:/cubeide/stm32cubeide_1.9.0/stm32cubeide/plugins/com.st.stm32cube.ide.mcu.externaltools.gnu-tools-for-stm32.10.3-2021.10.win32_1.0.200.202301161003/tools/bin/../lib/gcc/arm-none-eabi/10.3.1/../../../../arm-none-eabi/lib/thumb/v7-m/nofp\libc_nano.a(lib_a-localeconv.o)
                0x0000000008009aa0                _localeconv_r
 .text.malloc   0x0000000008009aa8       0x10 d:/cubeide/stm32cubeide_1.9.0/stm32cubeide/plugins/com.st.stm32cube.ide.mcu.externaltools.gnu-tools-for-stm32.10.3-2021.10.win32_1.0.200.202301161003/tools/bin/../lib/gcc/arm-none-eabi/10.3.1/../../../../arm-none-eabi/lib/thumb/v7-m/nofp\libc_nano.a(lib_a-malloc.o)
                0x0000000008009aa8                malloc
 .text.__ascii_mbtowc
                0x0000000008009ab8       0x24 d:/cubeide/stm32cubeide_1.9.0/stm32cubeide/plugins/com.st.stm32cube.ide.mcu.externaltools.gnu-tools-for-stm32.10.3-2021.10.win32_1.0.200.202301161003/tools/bin/../lib/gcc/arm-none-eabi/10.3.1/../../../../arm-none-eabi/lib/thumb/v7-m/nofp\libc_nano.a(lib_a-mbtowc_r.o)
                0x0000000008009ab8                __ascii_mbtowc
 .text.memchr   0x0000000008009adc       0x1c d:/cubeide/stm32cubeide_1.9.0/stm32cubeide/plugins/com.st.stm32cube.ide.mcu.externaltools.gnu-tools-for-stm32.10.3-2021.10.win32_1.0.200.202301161003/tools/bin/../lib/gcc/arm-none-eabi/10.3.1/../../../../arm-none-eabi/lib/thumb/v7-m/nofp\libc_nano.a(lib_a-memchr-stub.o)
                0x0000000008009adc                memchr
 .text._Balloc  0x0000000008009af8       0x80 d:/cubeide/stm32cubeide_1.9.0/stm32cubeide/plugins/com.st.stm32cube.ide.mcu.externaltools.gnu-tools-for-stm32.10.3-2021.10.win32_1.0.200.202301161003/tools/bin/../lib/gcc/arm-none-eabi/10.3.1/../../../../arm-none-eabi/lib/thumb/v7-m/nofp\libc_nano.a(lib_a-mprec.o)
                0x0000000008009af8                _Balloc
 .text._Bfree   0x0000000008009b78       0x44 d:/cubeide/stm32cubeide_1.9.0/stm32cubeide/plugins/com.st.stm32cube.ide.mcu.externaltools.gnu-tools-for-stm32.10.3-2021.10.win32_1.0.200.202301161003/tools/bin/../lib/gcc/arm-none-eabi/10.3.1/../../../../arm-none-eabi/lib/thumb/v7-m/nofp\libc_nano.a(lib_a-mprec.o)
                0x0000000008009b78                _Bfree
 .text.__multadd
                0x0000000008009bbc       0x8c d:/cubeide/stm32cubeide_1.9.0/stm32cubeide/plugins/com.st.stm32cube.ide.mcu.externaltools.gnu-tools-for-stm32.10.3-2021.10.win32_1.0.200.202301161003/tools/bin/../lib/gcc/arm-none-eabi/10.3.1/../../../../arm-none-eabi/lib/thumb/v7-m/nofp\libc_nano.a(lib_a-mprec.o)
                0x0000000008009bbc                __multadd
 .text.__s2b    0x0000000008009c48       0x94 d:/cubeide/stm32cubeide_1.9.0/stm32cubeide/plugins/com.st.stm32cube.ide.mcu.externaltools.gnu-tools-for-stm32.10.3-2021.10.win32_1.0.200.202301161003/tools/bin/../lib/gcc/arm-none-eabi/10.3.1/../../../../arm-none-eabi/lib/thumb/v7-m/nofp\libc_nano.a(lib_a-mprec.o)
                0x0000000008009c48                __s2b
 .text.__hi0bits
                0x0000000008009cdc       0x40 d:/cubeide/stm32cubeide_1.9.0/stm32cubeide/plugins/com.st.stm32cube.ide.mcu.externaltools.gnu-tools-for-stm32.10.3-2021.10.win32_1.0.200.202301161003/tools/bin/../lib/gcc/arm-none-eabi/10.3.1/../../../../arm-none-eabi/lib/thumb/v7-m/nofp\libc_nano.a(lib_a-mprec.o)
                0x0000000008009cdc                __hi0bits
 .text.__lo0bits
                0x0000000008009d1c       0x5a d:/cubeide/stm32cubeide_1.9.0/stm32cubeide/plugins/com.st.stm32cube.ide.mcu.externaltools.gnu-tools-for-stm32.10.3-2021.10.win32_1.0.200.202301161003/tools/bin/../lib/gcc/arm-none-eabi/10.3.1/../../../../arm-none-eabi/lib/thumb/v7-m/nofp\libc_nano.a(lib_a-mprec.o)
                0x0000000008009d1c                __lo0bits
 *fill*         0x0000000008009d76        0x2 
 .text.__i2b    0x0000000008009d78       0x2c d:/cubeide/stm32cubeide_1.9.0/stm32cubeide/plugins/com.st.stm32cube.ide.mcu.externaltools.gnu-tools-for-stm32.10.3-2021.10.win32_1.0.200.202301161003/tools/bin/../lib/gcc/arm-none-eabi/10.3.1/../../../../arm-none-eabi/lib/thumb/v7-m/nofp\libc_nano.a(lib_a-mprec.o)
                0x0000000008009d78                __i2b
 .text.__multiply
                0x0000000008009da4      0x150 d:/cubeide/stm32cubeide_1.9.0/stm32cubeide/plugins/com.st.stm32cube.ide.mcu.externaltools.gnu-tools-for-stm32.10.3-2021.10.win32_1.0.200.202301161003/tools/bin/../lib/gcc/arm-none-eabi/10.3.1/../../../../arm-none-eabi/lib/thumb/v7-m/nofp\libc_nano.a(lib_a-mprec.o)
                0x0000000008009da4                __multiply
 .text.__pow5mult
                0x0000000008009ef4       0xb4 d:/cubeide/stm32cubeide_1.9.0/stm32cubeide/plugins/com.st.stm32cube.ide.mcu.externaltools.gnu-tools-for-stm32.10.3-2021.10.win32_1.0.200.202301161003/tools/bin/../lib/gcc/arm-none-eabi/10.3.1/../../../../arm-none-eabi/lib/thumb/v7-m/nofp\libc_nano.a(lib_a-mprec.o)
                0x0000000008009ef4                __pow5mult
 .text.__lshift
                0x0000000008009fa8       0xe0 d:/cubeide/stm32cubeide_1.9.0/stm32cubeide/plugins/com.st.stm32cube.ide.mcu.externaltools.gnu-tools-for-stm32.10.3-2021.10.win32_1.0.200.202301161003/tools/bin/../lib/gcc/arm-none-eabi/10.3.1/../../../../arm-none-eabi/lib/thumb/v7-m/nofp\libc_nano.a(lib_a-mprec.o)
                0x0000000008009fa8                __lshift
 .text.__mcmp   0x000000000800a088       0x36 d:/cubeide/stm32cubeide_1.9.0/stm32cubeide/plugins/com.st.stm32cube.ide.mcu.externaltools.gnu-tools-for-stm32.10.3-2021.10.win32_1.0.200.202301161003/tools/bin/../lib/gcc/arm-none-eabi/10.3.1/../../../../arm-none-eabi/lib/thumb/v7-m/nofp\libc_nano.a(lib_a-mprec.o)
                0x000000000800a088                __mcmp
 *fill*         0x000000000800a0be        0x2 
 .text.__mdiff  0x000000000800a0c0      0x118 d:/cubeide/stm32cubeide_1.9.0/stm32cubeide/plugins/com.st.stm32cube.ide.mcu.externaltools.gnu-tools-for-stm32.10.3-2021.10.win32_1.0.200.202301161003/tools/bin/../lib/gcc/arm-none-eabi/10.3.1/../../../../arm-none-eabi/lib/thumb/v7-m/nofp\libc_nano.a(lib_a-mprec.o)
                0x000000000800a0c0                __mdiff
 .text.__ulp    0x000000000800a1d8       0x4c d:/cubeide/stm32cubeide_1.9.0/stm32cubeide/plugins/com.st.stm32cube.ide.mcu.externaltools.gnu-tools-for-stm32.10.3-2021.10.win32_1.0.200.202301161003/tools/bin/../lib/gcc/arm-none-eabi/10.3.1/../../../../arm-none-eabi/lib/thumb/v7-m/nofp\libc_nano.a(lib_a-mprec.o)
                0x000000000800a1d8                __ulp
 .text.__b2d    0x000000000800a224       0xa8 d:/cubeide/stm32cubeide_1.9.0/stm32cubeide/plugins/com.st.stm32cube.ide.mcu.externaltools.gnu-tools-for-stm32.10.3-2021.10.win32_1.0.200.202301161003/tools/bin/../lib/gcc/arm-none-eabi/10.3.1/../../../../arm-none-eabi/lib/thumb/v7-m/nofp\libc_nano.a(lib_a-mprec.o)
                0x000000000800a224                __b2d
 .text.__d2b    0x000000000800a2cc       0xb8 d:/cubeide/stm32cubeide_1.9.0/stm32cubeide/plugins/com.st.stm32cube.ide.mcu.externaltools.gnu-tools-for-stm32.10.3-2021.10.win32_1.0.200.202301161003/tools/bin/../lib/gcc/arm-none-eabi/10.3.1/../../../../arm-none-eabi/lib/thumb/v7-m/nofp\libc_nano.a(lib_a-mprec.o)
                0x000000000800a2cc                __d2b
 .text.__ratio  0x000000000800a384       0x5c d:/cubeide/stm32cubeide_1.9.0/stm32cubeide/plugins/com.st.stm32cube.ide.mcu.externaltools.gnu-tools-for-stm32.10.3-2021.10.win32_1.0.200.202301161003/tools/bin/../lib/gcc/arm-none-eabi/10.3.1/../../../../arm-none-eabi/lib/thumb/v7-m/nofp\libc_nano.a(lib_a-mprec.o)
                0x000000000800a384                __ratio
 .text.__copybits
                0x000000000800a3e0       0x46 d:/cubeide/stm32cubeide_1.9.0/stm32cubeide/plugins/com.st.stm32cube.ide.mcu.externaltools.gnu-tools-for-stm32.10.3-2021.10.win32_1.0.200.202301161003/tools/bin/../lib/gcc/arm-none-eabi/10.3.1/../../../../arm-none-eabi/lib/thumb/v7-m/nofp\libc_nano.a(lib_a-mprec.o)
                0x000000000800a3e0                __copybits
 .text.__any_on
                0x000000000800a426       0x42 d:/cubeide/stm32cubeide_1.9.0/stm32cubeide/plugins/com.st.stm32cube.ide.mcu.externaltools.gnu-tools-for-stm32.10.3-2021.10.win32_1.0.200.202301161003/tools/bin/../lib/gcc/arm-none-eabi/10.3.1/../../../../arm-none-eabi/lib/thumb/v7-m/nofp\libc_nano.a(lib_a-mprec.o)
                0x000000000800a426                __any_on
 .text._calloc_r
                0x000000000800a468       0x28 d:/cubeide/stm32cubeide_1.9.0/stm32cubeide/plugins/com.st.stm32cube.ide.mcu.externaltools.gnu-tools-for-stm32.10.3-2021.10.win32_1.0.200.202301161003/tools/bin/../lib/gcc/arm-none-eabi/10.3.1/../../../../arm-none-eabi/lib/thumb/v7-m/nofp\libc_nano.a(lib_a-nano-callocr.o)
                0x000000000800a468                _calloc_r
 .text._free_r  0x000000000800a490       0x90 d:/cubeide/stm32cubeide_1.9.0/stm32cubeide/plugins/com.st.stm32cube.ide.mcu.externaltools.gnu-tools-for-stm32.10.3-2021.10.win32_1.0.200.202301161003/tools/bin/../lib/gcc/arm-none-eabi/10.3.1/../../../../arm-none-eabi/lib/thumb/v7-m/nofp\libc_nano.a(lib_a-nano-freer.o)
                0x000000000800a490                _free_r
 .text.sbrk_aligned
                0x000000000800a520       0x40 d:/cubeide/stm32cubeide_1.9.0/stm32cubeide/plugins/com.st.stm32cube.ide.mcu.externaltools.gnu-tools-for-stm32.10.3-2021.10.win32_1.0.200.202301161003/tools/bin/../lib/gcc/arm-none-eabi/10.3.1/../../../../arm-none-eabi/lib/thumb/v7-m/nofp\libc_nano.a(lib_a-nano-mallocr.o)
 .text._malloc_r
                0x000000000800a560       0xe8 d:/cubeide/stm32cubeide_1.9.0/stm32cubeide/plugins/com.st.stm32cube.ide.mcu.externaltools.gnu-tools-for-stm32.10.3-2021.10.win32_1.0.200.202301161003/tools/bin/../lib/gcc/arm-none-eabi/10.3.1/../../../../arm-none-eabi/lib/thumb/v7-m/nofp\libc_nano.a(lib_a-nano-mallocr.o)
                0x000000000800a560                _malloc_r
 .text.__ssputs_r
                0x000000000800a648       0xb6 d:/cubeide/stm32cubeide_1.9.0/stm32cubeide/plugins/com.st.stm32cube.ide.mcu.externaltools.gnu-tools-for-stm32.10.3-2021.10.win32_1.0.200.202301161003/tools/bin/../lib/gcc/arm-none-eabi/10.3.1/../../../../arm-none-eabi/lib/thumb/v7-m/nofp\libc_nano.a(lib_a-nano-svfprintf.o)
                0x000000000800a648                __ssputs_r
 *fill*         0x000000000800a6fe        0x2 
 .text._svfprintf_r
                0x000000000800a700      0x200 d:/cubeide/stm32cubeide_1.9.0/stm32cubeide/plugins/com.st.stm32cube.ide.mcu.externaltools.gnu-tools-for-stm32.10.3-2021.10.win32_1.0.200.202301161003/tools/bin/../lib/gcc/arm-none-eabi/10.3.1/../../../../arm-none-eabi/lib/thumb/v7-m/nofp\libc_nano.a(lib_a-nano-svfprintf.o)
                0x000000000800a700                _svfiprintf_r
                0x000000000800a700                _svfprintf_r
 .text.nan      0x000000000800a900        0xc d:/cubeide/stm32cubeide_1.9.0/stm32cubeide/plugins/com.st.stm32cube.ide.mcu.externaltools.gnu-tools-for-stm32.10.3-2021.10.win32_1.0.200.202301161003/tools/bin/../lib/gcc/arm-none-eabi/10.3.1/../../../../arm-none-eabi/lib/thumb/v7-m/nofp\libc_nano.a(lib_a-s_nan.o)
                0x000000000800a900                nan
 .text._sbrk_r  0x000000000800a90c       0x20 d:/cubeide/stm32cubeide_1.9.0/stm32cubeide/plugins/com.st.stm32cube.ide.mcu.externaltools.gnu-tools-for-stm32.10.3-2021.10.win32_1.0.200.202301161003/tools/bin/../lib/gcc/arm-none-eabi/10.3.1/../../../../arm-none-eabi/lib/thumb/v7-m/nofp\libc_nano.a(lib_a-sbrkr.o)
                0x000000000800a90c                _sbrk_r
 .text.strncmp  0x000000000800a92c       0x28 d:/cubeide/stm32cubeide_1.9.0/stm32cubeide/plugins/com.st.stm32cube.ide.mcu.externaltools.gnu-tools-for-stm32.10.3-2021.10.win32_1.0.200.202301161003/tools/bin/../lib/gcc/arm-none-eabi/10.3.1/../../../../arm-none-eabi/lib/thumb/v7-m/nofp\libc_nano.a(lib_a-strncmp.o)
                0x000000000800a92c                strncmp
 .text.__ascii_wctomb
                0x000000000800a954       0x1a d:/cubeide/stm32cubeide_1.9.0/stm32cubeide/plugins/com.st.stm32cube.ide.mcu.externaltools.gnu-tools-for-stm32.10.3-2021.10.win32_1.0.200.202301161003/tools/bin/../lib/gcc/arm-none-eabi/10.3.1/../../../../arm-none-eabi/lib/thumb/v7-m/nofp\libc_nano.a(lib_a-wctomb_r.o)
                0x000000000800a954                __ascii_wctomb
 *fill*         0x000000000800a96e        0x2 
 .text.__assert_func
                0x000000000800a970       0x3c d:/cubeide/stm32cubeide_1.9.0/stm32cubeide/plugins/com.st.stm32cube.ide.mcu.externaltools.gnu-tools-for-stm32.10.3-2021.10.win32_1.0.200.202301161003/tools/bin/../lib/gcc/arm-none-eabi/10.3.1/../../../../arm-none-eabi/lib/thumb/v7-m/nofp\libc_nano.a(lib_a-assert.o)
                0x000000000800a970                __assert_func
 .text.fprintf  0x000000000800a9ac       0x24 d:/cubeide/stm32cubeide_1.9.0/stm32cubeide/plugins/com.st.stm32cube.ide.mcu.externaltools.gnu-tools-for-stm32.10.3-2021.10.win32_1.0.200.202301161003/tools/bin/../lib/gcc/arm-none-eabi/10.3.1/../../../../arm-none-eabi/lib/thumb/v7-m/nofp\libc_nano.a(lib_a-fprintf.o)
                0x000000000800a9ac                fiprintf
                0x000000000800a9ac                fprintf
 .text.memmove  0x000000000800a9d0       0x34 d:/cubeide/stm32cubeide_1.9.0/stm32cubeide/plugins/com.st.stm32cube.ide.mcu.externaltools.gnu-tools-for-stm32.10.3-2021.10.win32_1.0.200.202301161003/tools/bin/../lib/gcc/arm-none-eabi/10.3.1/../../../../arm-none-eabi/lib/thumb/v7-m/nofp\libc_nano.a(lib_a-memmove.o)
                0x000000000800a9d0                memmove
 .text.__malloc_lock
                0x000000000800aa04        0xc d:/cubeide/stm32cubeide_1.9.0/stm32cubeide/plugins/com.st.stm32cube.ide.mcu.externaltools.gnu-tools-for-stm32.10.3-2021.10.win32_1.0.200.202301161003/tools/bin/../lib/gcc/arm-none-eabi/10.3.1/../../../../arm-none-eabi/lib/thumb/v7-m/nofp\libc_nano.a(lib_a-mlock.o)
                0x000000000800aa04                __malloc_lock
 .text.__malloc_unlock
                0x000000000800aa10        0xc d:/cubeide/stm32cubeide_1.9.0/stm32cubeide/plugins/com.st.stm32cube.ide.mcu.externaltools.gnu-tools-for-stm32.10.3-2021.10.win32_1.0.200.202301161003/tools/bin/../lib/gcc/arm-none-eabi/10.3.1/../../../../arm-none-eabi/lib/thumb/v7-m/nofp\libc_nano.a(lib_a-mlock.o)
                0x000000000800aa10                __malloc_unlock
 .text._realloc_r
                0x000000000800aa1c       0x5e d:/cubeide/stm32cubeide_1.9.0/stm32cubeide/plugins/com.st.stm32cube.ide.mcu.externaltools.gnu-tools-for-stm32.10.3-2021.10.win32_1.0.200.202301161003/tools/bin/../lib/gcc/arm-none-eabi/10.3.1/../../../../arm-none-eabi/lib/thumb/v7-m/nofp\libc_nano.a(lib_a-nano-reallocr.o)
                0x000000000800aa1c                _realloc_r
 .text.__sfputc_r
                0x000000000800aa7a       0x2a d:/cubeide/stm32cubeide_1.9.0/stm32cubeide/plugins/com.st.stm32cube.ide.mcu.externaltools.gnu-tools-for-stm32.10.3-2021.10.win32_1.0.200.202301161003/tools/bin/../lib/gcc/arm-none-eabi/10.3.1/../../../../arm-none-eabi/lib/thumb/v7-m/nofp\libc_nano.a(lib_a-nano-vfprintf.o)
 .text.__sfputs_r
                0x000000000800aaa4       0x24 d:/cubeide/stm32cubeide_1.9.0/stm32cubeide/plugins/com.st.stm32cube.ide.mcu.externaltools.gnu-tools-for-stm32.10.3-2021.10.win32_1.0.200.202301161003/tools/bin/../lib/gcc/arm-none-eabi/10.3.1/../../../../arm-none-eabi/lib/thumb/v7-m/nofp\libc_nano.a(lib_a-nano-vfprintf.o)
                0x000000000800aaa4                __sfputs_r
 .text._vfprintf_r
                0x000000000800aac8      0x260 d:/cubeide/stm32cubeide_1.9.0/stm32cubeide/plugins/com.st.stm32cube.ide.mcu.externaltools.gnu-tools-for-stm32.10.3-2021.10.win32_1.0.200.202301161003/tools/bin/../lib/gcc/arm-none-eabi/10.3.1/../../../../arm-none-eabi/lib/thumb/v7-m/nofp\libc_nano.a(lib_a-nano-vfprintf.o)
                0x000000000800aac8                _vfprintf_r
                0x000000000800aac8                _vfiprintf_r
 .text.__swbuf_r
                0x000000000800ad28       0xa4 d:/cubeide/stm32cubeide_1.9.0/stm32cubeide/plugins/com.st.stm32cube.ide.mcu.externaltools.gnu-tools-for-stm32.10.3-2021.10.win32_1.0.200.202301161003/tools/bin/../lib/gcc/arm-none-eabi/10.3.1/../../../../arm-none-eabi/lib/thumb/v7-m/nofp\libc_nano.a(lib_a-wbuf.o)
                0x000000000800ad28                __swbuf_r
 .text.__swsetup_r
                0x000000000800adcc       0xdc d:/cubeide/stm32cubeide_1.9.0/stm32cubeide/plugins/com.st.stm32cube.ide.mcu.externaltools.gnu-tools-for-stm32.10.3-2021.10.win32_1.0.200.202301161003/tools/bin/../lib/gcc/arm-none-eabi/10.3.1/../../../../arm-none-eabi/lib/thumb/v7-m/nofp\libc_nano.a(lib_a-wsetup.o)
                0x000000000800adcc                __swsetup_r
 .text.abort    0x000000000800aea8        0xe d:/cubeide/stm32cubeide_1.9.0/stm32cubeide/plugins/com.st.stm32cube.ide.mcu.externaltools.gnu-tools-for-stm32.10.3-2021.10.win32_1.0.200.202301161003/tools/bin/../lib/gcc/arm-none-eabi/10.3.1/../../../../arm-none-eabi/lib/thumb/v7-m/nofp\libc_nano.a(lib_a-abort.o)
                0x000000000800aea8                abort
 *fill*         0x000000000800aeb6        0x2 
 .text.__sflush_r
                0x000000000800aeb8      0x104 d:/cubeide/stm32cubeide_1.9.0/stm32cubeide/plugins/com.st.stm32cube.ide.mcu.externaltools.gnu-tools-for-stm32.10.3-2021.10.win32_1.0.200.202301161003/tools/bin/../lib/gcc/arm-none-eabi/10.3.1/../../../../arm-none-eabi/lib/thumb/v7-m/nofp\libc_nano.a(lib_a-fflush.o)
                0x000000000800aeb8                __sflush_r
 .text._fflush_r
                0x000000000800afbc       0x78 d:/cubeide/stm32cubeide_1.9.0/stm32cubeide/plugins/com.st.stm32cube.ide.mcu.externaltools.gnu-tools-for-stm32.10.3-2021.10.win32_1.0.200.202301161003/tools/bin/../lib/gcc/arm-none-eabi/10.3.1/../../../../arm-none-eabi/lib/thumb/v7-m/nofp\libc_nano.a(lib_a-fflush.o)
                0x000000000800afbc                _fflush_r
 .text.std      0x000000000800b034       0x48 d:/cubeide/stm32cubeide_1.9.0/stm32cubeide/plugins/com.st.stm32cube.ide.mcu.externaltools.gnu-tools-for-stm32.10.3-2021.10.win32_1.0.200.202301161003/tools/bin/../lib/gcc/arm-none-eabi/10.3.1/../../../../arm-none-eabi/lib/thumb/v7-m/nofp\libc_nano.a(lib_a-findfp.o)
 .text._cleanup_r
                0x000000000800b07c        0xc d:/cubeide/stm32cubeide_1.9.0/stm32cubeide/plugins/com.st.stm32cube.ide.mcu.externaltools.gnu-tools-for-stm32.10.3-2021.10.win32_1.0.200.202301161003/tools/bin/../lib/gcc/arm-none-eabi/10.3.1/../../../../arm-none-eabi/lib/thumb/v7-m/nofp\libc_nano.a(lib_a-findfp.o)
                0x000000000800b07c                _cleanup_r
 .text.__sfmoreglue
                0x000000000800b088       0x2c d:/cubeide/stm32cubeide_1.9.0/stm32cubeide/plugins/com.st.stm32cube.ide.mcu.externaltools.gnu-tools-for-stm32.10.3-2021.10.win32_1.0.200.202301161003/tools/bin/../lib/gcc/arm-none-eabi/10.3.1/../../../../arm-none-eabi/lib/thumb/v7-m/nofp\libc_nano.a(lib_a-findfp.o)
                0x000000000800b088                __sfmoreglue
 .text.__sfp_lock_acquire
                0x000000000800b0b4        0xc d:/cubeide/stm32cubeide_1.9.0/stm32cubeide/plugins/com.st.stm32cube.ide.mcu.externaltools.gnu-tools-for-stm32.10.3-2021.10.win32_1.0.200.202301161003/tools/bin/../lib/gcc/arm-none-eabi/10.3.1/../../../../arm-none-eabi/lib/thumb/v7-m/nofp\libc_nano.a(lib_a-findfp.o)
                0x000000000800b0b4                __sfp_lock_acquire
 .text.__sfp_lock_release
                0x000000000800b0c0        0xc d:/cubeide/stm32cubeide_1.9.0/stm32cubeide/plugins/com.st.stm32cube.ide.mcu.externaltools.gnu-tools-for-stm32.10.3-2021.10.win32_1.0.200.202301161003/tools/bin/../lib/gcc/arm-none-eabi/10.3.1/../../../../arm-none-eabi/lib/thumb/v7-m/nofp\libc_nano.a(lib_a-findfp.o)
                0x000000000800b0c0                __sfp_lock_release
 .text.__sinit_lock_acquire
                0x000000000800b0cc        0xc d:/cubeide/stm32cubeide_1.9.0/stm32cubeide/plugins/com.st.stm32cube.ide.mcu.externaltools.gnu-tools-for-stm32.10.3-2021.10.win32_1.0.200.202301161003/tools/bin/../lib/gcc/arm-none-eabi/10.3.1/../../../../arm-none-eabi/lib/thumb/v7-m/nofp\libc_nano.a(lib_a-findfp.o)
                0x000000000800b0cc                __sinit_lock_acquire
 .text.__sinit_lock_release
                0x000000000800b0d8        0xc d:/cubeide/stm32cubeide_1.9.0/stm32cubeide/plugins/com.st.stm32cube.ide.mcu.externaltools.gnu-tools-for-stm32.10.3-2021.10.win32_1.0.200.202301161003/tools/bin/../lib/gcc/arm-none-eabi/10.3.1/../../../../arm-none-eabi/lib/thumb/v7-m/nofp\libc_nano.a(lib_a-findfp.o)
                0x000000000800b0d8                __sinit_lock_release
 .text.__sinit  0x000000000800b0e4       0x70 d:/cubeide/stm32cubeide_1.9.0/stm32cubeide/plugins/com.st.stm32cube.ide.mcu.externaltools.gnu-tools-for-stm32.10.3-2021.10.win32_1.0.200.202301161003/tools/bin/../lib/gcc/arm-none-eabi/10.3.1/../../../../arm-none-eabi/lib/thumb/v7-m/nofp\libc_nano.a(lib_a-findfp.o)
                0x000000000800b0e4                __sinit
 .text.__sfp    0x000000000800b154       0x8c d:/cubeide/stm32cubeide_1.9.0/stm32cubeide/plugins/com.st.stm32cube.ide.mcu.externaltools.gnu-tools-for-stm32.10.3-2021.10.win32_1.0.200.202301161003/tools/bin/../lib/gcc/arm-none-eabi/10.3.1/../../../../arm-none-eabi/lib/thumb/v7-m/nofp\libc_nano.a(lib_a-findfp.o)
                0x000000000800b154                __sfp
 .text._fwalk_reent
                0x000000000800b1e0       0x3e d:/cubeide/stm32cubeide_1.9.0/stm32cubeide/plugins/com.st.stm32cube.ide.mcu.externaltools.gnu-tools-for-stm32.10.3-2021.10.win32_1.0.200.202301161003/tools/bin/../lib/gcc/arm-none-eabi/10.3.1/../../../../arm-none-eabi/lib/thumb/v7-m/nofp\libc_nano.a(lib_a-fwalk.o)
                0x000000000800b1e0                _fwalk_reent
 .text.__retarget_lock_init_recursive
                0x000000000800b21e        0x2 d:/cubeide/stm32cubeide_1.9.0/stm32cubeide/plugins/com.st.stm32cube.ide.mcu.externaltools.gnu-tools-for-stm32.10.3-2021.10.win32_1.0.200.202301161003/tools/bin/../lib/gcc/arm-none-eabi/10.3.1/../../../../arm-none-eabi/lib/thumb/v7-m/nofp\libc_nano.a(lib_a-lock.o)
                0x000000000800b21e                __retarget_lock_init_recursive
 .text.__retarget_lock_acquire_recursive
                0x000000000800b220        0x2 d:/cubeide/stm32cubeide_1.9.0/stm32cubeide/plugins/com.st.stm32cube.ide.mcu.externaltools.gnu-tools-for-stm32.10.3-2021.10.win32_1.0.200.202301161003/tools/bin/../lib/gcc/arm-none-eabi/10.3.1/../../../../arm-none-eabi/lib/thumb/v7-m/nofp\libc_nano.a(lib_a-lock.o)
                0x000000000800b220                __retarget_lock_acquire_recursive
 .text.__retarget_lock_release_recursive
                0x000000000800b222        0x2 d:/cubeide/stm32cubeide_1.9.0/stm32cubeide/plugins/com.st.stm32cube.ide.mcu.externaltools.gnu-tools-for-stm32.10.3-2021.10.win32_1.0.200.202301161003/tools/bin/../lib/gcc/arm-none-eabi/10.3.1/../../../../arm-none-eabi/lib/thumb/v7-m/nofp\libc_nano.a(lib_a-lock.o)
                0x000000000800b222                __retarget_lock_release_recursive
 .text.__swhatbuf_r
                0x000000000800b224       0x4a d:/cubeide/stm32cubeide_1.9.0/stm32cubeide/plugins/com.st.stm32cube.ide.mcu.externaltools.gnu-tools-for-stm32.10.3-2021.10.win32_1.0.200.202301161003/tools/bin/../lib/gcc/arm-none-eabi/10.3.1/../../../../arm-none-eabi/lib/thumb/v7-m/nofp\libc_nano.a(lib_a-makebuf.o)
                0x000000000800b224                __swhatbuf_r
 *fill*         0x000000000800b26e        0x2 
 .text.__smakebuf_r
                0x000000000800b270       0x80 d:/cubeide/stm32cubeide_1.9.0/stm32cubeide/plugins/com.st.stm32cube.ide.mcu.externaltools.gnu-tools-for-stm32.10.3-2021.10.win32_1.0.200.202301161003/tools/bin/../lib/gcc/arm-none-eabi/10.3.1/../../../../arm-none-eabi/lib/thumb/v7-m/nofp\libc_nano.a(lib_a-makebuf.o)
                0x000000000800b270                __smakebuf_r
 .text._malloc_usable_size_r
                0x000000000800b2f0       0x10 d:/cubeide/stm32cubeide_1.9.0/stm32cubeide/plugins/com.st.stm32cube.ide.mcu.externaltools.gnu-tools-for-stm32.10.3-2021.10.win32_1.0.200.202301161003/tools/bin/../lib/gcc/arm-none-eabi/10.3.1/../../../../arm-none-eabi/lib/thumb/v7-m/nofp\libc_nano.a(lib_a-nano-msizer.o)
                0x000000000800b2f0                _malloc_usable_size_r
 .text._raise_r
                0x000000000800b300       0x50 d:/cubeide/stm32cubeide_1.9.0/stm32cubeide/plugins/com.st.stm32cube.ide.mcu.externaltools.gnu-tools-for-stm32.10.3-2021.10.win32_1.0.200.202301161003/tools/bin/../lib/gcc/arm-none-eabi/10.3.1/../../../../arm-none-eabi/lib/thumb/v7-m/nofp\libc_nano.a(lib_a-signal.o)
                0x000000000800b300                _raise_r
 .text.raise    0x000000000800b350       0x10 d:/cubeide/stm32cubeide_1.9.0/stm32cubeide/plugins/com.st.stm32cube.ide.mcu.externaltools.gnu-tools-for-stm32.10.3-2021.10.win32_1.0.200.202301161003/tools/bin/../lib/gcc/arm-none-eabi/10.3.1/../../../../arm-none-eabi/lib/thumb/v7-m/nofp\libc_nano.a(lib_a-signal.o)
                0x000000000800b350                raise
 .text._kill_r  0x000000000800b360       0x24 d:/cubeide/stm32cubeide_1.9.0/stm32cubeide/plugins/com.st.stm32cube.ide.mcu.externaltools.gnu-tools-for-stm32.10.3-2021.10.win32_1.0.200.202301161003/tools/bin/../lib/gcc/arm-none-eabi/10.3.1/../../../../arm-none-eabi/lib/thumb/v7-m/nofp\libc_nano.a(lib_a-signalr.o)
                0x000000000800b360                _kill_r
 .text._getpid_r
                0x000000000800b384        0x4 d:/cubeide/stm32cubeide_1.9.0/stm32cubeide/plugins/com.st.stm32cube.ide.mcu.externaltools.gnu-tools-for-stm32.10.3-2021.10.win32_1.0.200.202301161003/tools/bin/../lib/gcc/arm-none-eabi/10.3.1/../../../../arm-none-eabi/lib/thumb/v7-m/nofp\libc_nano.a(lib_a-signalr.o)
                0x000000000800b384                _getpid_r
 .text.__sread  0x000000000800b388       0x22 d:/cubeide/stm32cubeide_1.9.0/stm32cubeide/plugins/com.st.stm32cube.ide.mcu.externaltools.gnu-tools-for-stm32.10.3-2021.10.win32_1.0.200.202301161003/tools/bin/../lib/gcc/arm-none-eabi/10.3.1/../../../../arm-none-eabi/lib/thumb/v7-m/nofp\libc_nano.a(lib_a-stdio.o)
                0x000000000800b388                __sread
 .text.__swrite
                0x000000000800b3aa       0x38 d:/cubeide/stm32cubeide_1.9.0/stm32cubeide/plugins/com.st.stm32cube.ide.mcu.externaltools.gnu-tools-for-stm32.10.3-2021.10.win32_1.0.200.202301161003/tools/bin/../lib/gcc/arm-none-eabi/10.3.1/../../../../arm-none-eabi/lib/thumb/v7-m/nofp\libc_nano.a(lib_a-stdio.o)
                0x000000000800b3aa                __swrite
 .text.__sseek  0x000000000800b3e2       0x24 d:/cubeide/stm32cubeide_1.9.0/stm32cubeide/plugins/com.st.stm32cube.ide.mcu.externaltools.gnu-tools-for-stm32.10.3-2021.10.win32_1.0.200.202301161003/tools/bin/../lib/gcc/arm-none-eabi/10.3.1/../../../../arm-none-eabi/lib/thumb/v7-m/nofp\libc_nano.a(lib_a-stdio.o)
                0x000000000800b3e2                __sseek
 .text.__sclose
                0x000000000800b406        0x8 d:/cubeide/stm32cubeide_1.9.0/stm32cubeide/plugins/com.st.stm32cube.ide.mcu.externaltools.gnu-tools-for-stm32.10.3-2021.10.win32_1.0.200.202301161003/tools/bin/../lib/gcc/arm-none-eabi/10.3.1/../../../../arm-none-eabi/lib/thumb/v7-m/nofp\libc_nano.a(lib_a-stdio.o)
                0x000000000800b406                __sclose
 *fill*         0x000000000800b40e        0x2 
 .text._write_r
                0x000000000800b410       0x24 d:/cubeide/stm32cubeide_1.9.0/stm32cubeide/plugins/com.st.stm32cube.ide.mcu.externaltools.gnu-tools-for-stm32.10.3-2021.10.win32_1.0.200.202301161003/tools/bin/../lib/gcc/arm-none-eabi/10.3.1/../../../../arm-none-eabi/lib/thumb/v7-m/nofp\libc_nano.a(lib_a-writer.o)
                0x000000000800b410                _write_r
 .text._close_r
                0x000000000800b434       0x20 d:/cubeide/stm32cubeide_1.9.0/stm32cubeide/plugins/com.st.stm32cube.ide.mcu.externaltools.gnu-tools-for-stm32.10.3-2021.10.win32_1.0.200.202301161003/tools/bin/../lib/gcc/arm-none-eabi/10.3.1/../../../../arm-none-eabi/lib/thumb/v7-m/nofp\libc_nano.a(lib_a-closer.o)
                0x000000000800b434                _close_r
 .text._fstat_r
                0x000000000800b454       0x24 d:/cubeide/stm32cubeide_1.9.0/stm32cubeide/plugins/com.st.stm32cube.ide.mcu.externaltools.gnu-tools-for-stm32.10.3-2021.10.win32_1.0.200.202301161003/tools/bin/../lib/gcc/arm-none-eabi/10.3.1/../../../../arm-none-eabi/lib/thumb/v7-m/nofp\libc_nano.a(lib_a-fstatr.o)
                0x000000000800b454                _fstat_r
 .text._isatty_r
                0x000000000800b478       0x20 d:/cubeide/stm32cubeide_1.9.0/stm32cubeide/plugins/com.st.stm32cube.ide.mcu.externaltools.gnu-tools-for-stm32.10.3-2021.10.win32_1.0.200.202301161003/tools/bin/../lib/gcc/arm-none-eabi/10.3.1/../../../../arm-none-eabi/lib/thumb/v7-m/nofp\libc_nano.a(lib_a-isattyr.o)
                0x000000000800b478                _isatty_r
 .text._lseek_r
                0x000000000800b498       0x24 d:/cubeide/stm32cubeide_1.9.0/stm32cubeide/plugins/com.st.stm32cube.ide.mcu.externaltools.gnu-tools-for-stm32.10.3-2021.10.win32_1.0.200.202301161003/tools/bin/../lib/gcc/arm-none-eabi/10.3.1/../../../../arm-none-eabi/lib/thumb/v7-m/nofp\libc_nano.a(lib_a-lseekr.o)
                0x000000000800b498                _lseek_r
 .text._read_r  0x000000000800b4bc       0x24 d:/cubeide/stm32cubeide_1.9.0/stm32cubeide/plugins/com.st.stm32cube.ide.mcu.externaltools.gnu-tools-for-stm32.10.3-2021.10.win32_1.0.200.202301161003/tools/bin/../lib/gcc/arm-none-eabi/10.3.1/../../../../arm-none-eabi/lib/thumb/v7-m/nofp\libc_nano.a(lib_a-readr.o)
                0x000000000800b4bc                _read_r
 .text.log10f   0x000000000800b4e0       0x50 d:/cubeide/stm32cubeide_1.9.0/stm32cubeide/plugins/com.st.stm32cube.ide.mcu.externaltools.gnu-tools-for-stm32.10.3-2021.10.win32_1.0.200.202301161003/tools/bin/../lib/gcc/arm-none-eabi/10.3.1/../../../../arm-none-eabi/lib/thumb/v7-m/nofp\libm.a(lib_a-wf_log10.o)
                0x000000000800b4e0                log10f
 .text.__ieee754_log10f
                0x000000000800b530       0xa4 d:/cubeide/stm32cubeide_1.9.0/stm32cubeide/plugins/com.st.stm32cube.ide.mcu.externaltools.gnu-tools-for-stm32.10.3-2021.10.win32_1.0.200.202301161003/tools/bin/../lib/gcc/arm-none-eabi/10.3.1/../../../../arm-none-eabi/lib/thumb/v7-m/nofp\libm.a(lib_a-ef_log10.o)
                0x000000000800b530                __ieee754_log10f
 .text.__ieee754_logf
                0x000000000800b5d4      0x248 d:/cubeide/stm32cubeide_1.9.0/stm32cubeide/plugins/com.st.stm32cube.ide.mcu.externaltools.gnu-tools-for-stm32.10.3-2021.10.win32_1.0.200.202301161003/tools/bin/../lib/gcc/arm-none-eabi/10.3.1/../../../../arm-none-eabi/lib/thumb/v7-m/nofp\libm.a(lib_a-ef_log.o)
                0x000000000800b5d4                __ieee754_logf
 *(.glue_7)
 .glue_7        0x000000000800b81c        0x0 linker stubs
 *(.glue_7t)
 .glue_7t       0x000000000800b81c        0x0 linker stubs
 *(.eh_frame)
 .eh_frame      0x000000000800b81c        0x0 d:/cubeide/stm32cubeide_1.9.0/stm32cubeide/plugins/com.st.stm32cube.ide.mcu.externaltools.gnu-tools-for-stm32.10.3-2021.10.win32_1.0.200.202301161003/tools/bin/../lib/gcc/arm-none-eabi/10.3.1/thumb/v7-m/nofp/crtbegin.o
 *(.init)
 .init          0x000000000800b81c        0x4 d:/cubeide/stm32cubeide_1.9.0/stm32cubeide/plugins/com.st.stm32cube.ide.mcu.externaltools.gnu-tools-for-stm32.10.3-2021.10.win32_1.0.200.202301161003/tools/bin/../lib/gcc/arm-none-eabi/10.3.1/thumb/v7-m/nofp/crti.o
                0x000000000800b81c                _init
 .init          0x000000000800b820        0x8 d:/cubeide/stm32cubeide_1.9.0/stm32cubeide/plugins/com.st.stm32cube.ide.mcu.externaltools.gnu-tools-for-stm32.10.3-2021.10.win32_1.0.200.202301161003/tools/bin/../lib/gcc/arm-none-eabi/10.3.1/thumb/v7-m/nofp/crtn.o
 *(.fini)
 .fini          0x000000000800b828        0x4 d:/cubeide/stm32cubeide_1.9.0/stm32cubeide/plugins/com.st.stm32cube.ide.mcu.externaltools.gnu-tools-for-stm32.10.3-2021.10.win32_1.0.200.202301161003/tools/bin/../lib/gcc/arm-none-eabi/10.3.1/thumb/v7-m/nofp/crti.o
                0x000000000800b828                _fini
 .fini          0x000000000800b82c        0x8 d:/cubeide/stm32cubeide_1.9.0/stm32cubeide/plugins/com.st.stm32cube.ide.mcu.externaltools.gnu-tools-for-stm32.10.3-2021.10.win32_1.0.200.202301161003/tools/bin/../lib/gcc/arm-none-eabi/10.3.1/thumb/v7-m/nofp/crtn.o
                0x000000000800b834                . = ALIGN (0x4)
                0x000000000800b834                _etext = .

.vfp11_veneer   0x000000000800b834        0x0
 .vfp11_veneer  0x000000000800b834        0x0 linker stubs

.v4_bx          0x000000000800b834        0x0
 .v4_bx         0x000000000800b834        0x0 linker stubs

.iplt           0x000000000800b834        0x0
 .iplt          0x000000000800b834        0x0 d:/cubeide/stm32cubeide_1.9.0/stm32cubeide/plugins/com.st.stm32cube.ide.mcu.externaltools.gnu-tools-for-stm32.10.3-2021.10.win32_1.0.200.202301161003/tools/bin/../lib/gcc/arm-none-eabi/10.3.1/thumb/v7-m/nofp/crtbegin.o

.rodata         0x000000000800b838      0x5ac
                0x000000000800b838                . = ALIGN (0x4)
 *(.rodata)
 .rodata        0x000000000800b838       0x85 ./Core/Src/main.o
 *(.rodata*)
 *fill*         0x000000000800b8bd        0x3 
 .rodata.AHBPrescTable
                0x000000000800b8c0       0x10 ./Core/Src/system_stm32f1xx.o
                0x000000000800b8c0                AHBPrescTable
 .rodata.APBPrescTable
                0x000000000800b8d0        0x8 ./Core/Src/system_stm32f1xx.o
                0x000000000800b8d0                APBPrescTable
 .rodata.BIAS_500_16
                0x000000000800b8d8       0x12 ./Core/User/decawave/dw_api.o
 *fill*         0x000000000800b8ea        0x2 
 .rodata.BIAS_500_64
                0x000000000800b8ec       0x12 ./Core/User/decawave/dw_api.o
 *fill*         0x000000000800b8fe        0x2 
 .rodata.BIAS_900_16
                0x000000000800b900       0x12 ./Core/User/decawave/dw_api.o
 *fill*         0x000000000800b912        0x2 
 .rodata.BIAS_900_64
                0x000000000800b914       0x12 ./Core/User/decawave/dw_api.o
 *fill*         0x000000000800b926        0x2 
 .rodata.aPLLMULFactorTable.1
                0x000000000800b928       0x10 ./Drivers/STM32F1xx_HAL_Driver/Src/stm32f1xx_hal_rcc.o
 .rodata.aPredivFactorTable.0
                0x000000000800b938        0x2 ./Drivers/STM32F1xx_HAL_Driver/Src/stm32f1xx_hal_rcc.o
 *fill*         0x000000000800b93a        0x2 
 .rodata._global_impure_ptr
                0x000000000800b93c        0x4 d:/cubeide/stm32cubeide_1.9.0/stm32cubeide/plugins/com.st.stm32cube.ide.mcu.externaltools.gnu-tools-for-stm32.10.3-2021.10.win32_1.0.200.202301161003/tools/bin/../lib/gcc/arm-none-eabi/10.3.1/../../../../arm-none-eabi/lib/thumb/v7-m/nofp\libc_nano.a(lib_a-impure.o)
                0x000000000800b93c                _global_impure_ptr
 .rodata._printf_float.str1.1
                0x000000000800b940       0x12 d:/cubeide/stm32cubeide_1.9.0/stm32cubeide/plugins/com.st.stm32cube.ide.mcu.externaltools.gnu-tools-for-stm32.10.3-2021.10.win32_1.0.200.202301161003/tools/bin/../lib/gcc/arm-none-eabi/10.3.1/../../../../arm-none-eabi/lib/thumb/v7-m/nofp\libc_nano.a(lib_a-nano-vfprintf_float.o)
 .rodata._printf_i.str1.1
                0x000000000800b952       0x22 d:/cubeide/stm32cubeide_1.9.0/stm32cubeide/plugins/com.st.stm32cube.ide.mcu.externaltools.gnu-tools-for-stm32.10.3-2021.10.win32_1.0.200.202301161003/tools/bin/../lib/gcc/arm-none-eabi/10.3.1/../../../../arm-none-eabi/lib/thumb/v7-m/nofp\libc_nano.a(lib_a-nano-vfprintf_i.o)
 .rodata._scanf_float.str1.1
                0x000000000800b974        0x5 d:/cubeide/stm32cubeide_1.9.0/stm32cubeide/plugins/com.st.stm32cube.ide.mcu.externaltools.gnu-tools-for-stm32.10.3-2021.10.win32_1.0.200.202301161003/tools/bin/../lib/gcc/arm-none-eabi/10.3.1/../../../../arm-none-eabi/lib/thumb/v7-m/nofp\libc_nano.a(lib_a-nano-vfscanf_float.o)
                                          0x6 (size before relaxing)
 .rodata._strtod_l.str1.1
                0x000000000800b979        0x5 d:/cubeide/stm32cubeide_1.9.0/stm32cubeide/plugins/com.st.stm32cube.ide.mcu.externaltools.gnu-tools-for-stm32.10.3-2021.10.win32_1.0.200.202301161003/tools/bin/../lib/gcc/arm-none-eabi/10.3.1/../../../../arm-none-eabi/lib/thumb/v7-m/nofp\libc_nano.a(lib_a-strtod.o)
                                          0xd (size before relaxing)
 *fill*         0x000000000800b979        0x3 
 .rodata.fpi.1  0x000000000800b97c       0x14 d:/cubeide/stm32cubeide_1.9.0/stm32cubeide/plugins/com.st.stm32cube.ide.mcu.externaltools.gnu-tools-for-stm32.10.3-2021.10.win32_1.0.200.202301161003/tools/bin/../lib/gcc/arm-none-eabi/10.3.1/../../../../arm-none-eabi/lib/thumb/v7-m/nofp\libc_nano.a(lib_a-strtod.o)
 .rodata.fpinan.0
                0x000000000800b990       0x14 d:/cubeide/stm32cubeide_1.9.0/stm32cubeide/plugins/com.st.stm32cube.ide.mcu.externaltools.gnu-tools-for-stm32.10.3-2021.10.win32_1.0.200.202301161003/tools/bin/../lib/gcc/arm-none-eabi/10.3.1/../../../../arm-none-eabi/lib/thumb/v7-m/nofp\libc_nano.a(lib_a-strtod.o)
 *fill*         0x000000000800b9a4        0x4 
 .rodata.tinytens
                0x000000000800b9a8       0x28 d:/cubeide/stm32cubeide_1.9.0/stm32cubeide/plugins/com.st.stm32cube.ide.mcu.externaltools.gnu-tools-for-stm32.10.3-2021.10.win32_1.0.200.202301161003/tools/bin/../lib/gcc/arm-none-eabi/10.3.1/../../../../arm-none-eabi/lib/thumb/v7-m/nofp\libc_nano.a(lib_a-strtod.o)
 .rodata._ctype_
                0x000000000800b9d0      0x101 d:/cubeide/stm32cubeide_1.9.0/stm32cubeide/plugins/com.st.stm32cube.ide.mcu.externaltools.gnu-tools-for-stm32.10.3-2021.10.win32_1.0.200.202301161003/tools/bin/../lib/gcc/arm-none-eabi/10.3.1/../../../../arm-none-eabi/lib/thumb/v7-m/nofp\libc_nano.a(lib_a-ctype_.o)
                0x000000000800b9d0                _ctype_
 .rodata._dtoa_r.str1.1
                0x000000000800bad1       0x90 d:/cubeide/stm32cubeide_1.9.0/stm32cubeide/plugins/com.st.stm32cube.ide.mcu.externaltools.gnu-tools-for-stm32.10.3-2021.10.win32_1.0.200.202301161003/tools/bin/../lib/gcc/arm-none-eabi/10.3.1/../../../../arm-none-eabi/lib/thumb/v7-m/nofp\libc_nano.a(lib_a-dtoa.o)
                                         0x92 (size before relaxing)
 .rodata.__gethex.str1.1
                0x000000000800bb61       0x63 d:/cubeide/stm32cubeide_1.9.0/stm32cubeide/plugins/com.st.stm32cube.ide.mcu.externaltools.gnu-tools-for-stm32.10.3-2021.10.win32_1.0.200.202301161003/tools/bin/../lib/gcc/arm-none-eabi/10.3.1/../../../../arm-none-eabi/lib/thumb/v7-m/nofp\libc_nano.a(lib_a-gdtoa-gethex.o)
                                         0x74 (size before relaxing)
 .rodata.str1.1