Archive member included to satisfy reference by file (symbol)

d:/cubeide/stm32cubeide_1.9.0/stm32cubeide/plugins/com.st.stm32cube.ide.mcu.externaltools.gnu-tools-for-stm32.10.3-2021.10.win32_1.0.200.202301161003/tools/bin/../lib/gcc/arm-none-eabi/10.3.1/../../../../arm-none-eabi/lib/thumb/v7-m/nofp\libc_nano.a(lib_a-errno.o)
                              ./Core/Src/syscalls.o (__errno)
d:/cubeide/stm32cubeide_1.9.0/stm32cubeide/plugins/com.st.stm32cube.ide.mcu.externaltools.gnu-tools-for-stm32.10.3-2021.10.win32_1.0.200.202301161003/tools/bin/../lib/gcc/arm-none-eabi/10.3.1/../../../../arm-none-eabi/lib/thumb/v7-m/nofp\libc_nano.a(lib_a-exit.o)
                              d:/cubeide/stm32cubeide_1.9.0/stm32cubeide/plugins/com.st.stm32cube.ide.mcu.externaltools.gnu-tools-for-stm32.10.3-2021.10.win32_1.0.200.202301161003/tools/bin/../lib/gcc/arm-none-eabi/10.3.1/../../../../arm-none-eabi/lib/thumb/v7-m/nofp/crt0.o (exit)
d:/cubeide/stm32cubeide_1.9.0/stm32cubeide/plugins/com.st.stm32cube.ide.mcu.externaltools.gnu-tools-for-stm32.10.3-2021.10.win32_1.0.200.202301161003/tools/bin/../lib/gcc/arm-none-eabi/10.3.1/../../../../arm-none-eabi/lib/thumb/v7-m/nofp\libc_nano.a(lib_a-impure.o)
                              d:/cubeide/stm32cubeide_1.9.0/stm32cubeide/plugins/com.st.stm32cube.ide.mcu.externaltools.gnu-tools-for-stm32.10.3-2021.10.win32_1.0.200.202301161003/tools/bin/../lib/gcc/arm-none-eabi/10.3.1/../../../../arm-none-eabi/lib/thumb/v7-m/nofp\libc_nano.a(lib_a-exit.o) (_global_impure_ptr)
d:/cubeide/stm32cubeide_1.9.0/stm32cubeide/plugins/com.st.stm32cube.ide.mcu.externaltools.gnu-tools-for-stm32.10.3-2021.10.win32_1.0.200.202301161003/tools/bin/../lib/gcc/arm-none-eabi/10.3.1/../../../../arm-none-eabi/lib/thumb/v7-m/nofp\libc_nano.a(lib_a-init.o)
                              d:/cubeide/stm32cubeide_1.9.0/stm32cubeide/plugins/com.st.stm32cube.ide.mcu.externaltools.gnu-tools-for-stm32.10.3-2021.10.win32_1.0.200.202301161003/tools/bin/../lib/gcc/arm-none-eabi/10.3.1/../../../../arm-none-eabi/lib/thumb/v7-m/nofp/crt0.o (__libc_init_array)
d:/cubeide/stm32cubeide_1.9.0/stm32cubeide/plugins/com.st.stm32cube.ide.mcu.externaltools.gnu-tools-for-stm32.10.3-2021.10.win32_1.0.200.202301161003/tools/bin/../lib/gcc/arm-none-eabi/10.3.1/../../../../arm-none-eabi/lib/thumb/v7-m/nofp\libc_nano.a(lib_a-memcmp.o)
                              ./Core/Src/main.o (memcmp)
d:/cubeide/stm32cubeide_1.9.0/stm32cubeide/plugins/com.st.stm32cube.ide.mcu.externaltools.gnu-tools-for-stm32.10.3-2021.10.win32_1.0.200.202301161003/tools/bin/../lib/gcc/arm-none-eabi/10.3.1/../../../../arm-none-eabi/lib/thumb/v7-m/nofp\libc_nano.a(lib_a-memcpy-stub.o)
                              ./Core/Src/main.o (memcpy)
d:/cubeide/stm32cubeide_1.9.0/stm32cubeide/plugins/com.st.stm32cube.ide.mcu.externaltools.gnu-tools-for-stm32.10.3-2021.10.win32_1.0.200.202301161003/tools/bin/../lib/gcc/arm-none-eabi/10.3.1/../../../../arm-none-eabi/lib/thumb/v7-m/nofp\libc_nano.a(lib_a-memset.o)
                              d:/cubeide/stm32cubeide_1.9.0/stm32cubeide/plugins/com.st.stm32cube.ide.mcu.externaltools.gnu-tools-for-stm32.10.3-2021.10.win32_1.0.200.202301161003/tools/bin/../lib/gcc/arm-none-eabi/10.3.1/../../../../arm-none-eabi/lib/thumb/v7-m/nofp/crt0.o (memset)
d:/cubeide/stm32cubeide_1.9.0/stm32cubeide/plugins/com.st.stm32cube.ide.mcu.externaltools.gnu-tools-for-stm32.10.3-2021.10.win32_1.0.200.202301161003/tools/bin/../lib/gcc/arm-none-eabi/10.3.1/../../../../arm-none-eabi/lib/thumb/v7-m/nofp\libc_nano.a(lib_a-nano-vfprintf_float.o)
                              (_printf_float)
d:/cubeide/stm32cubeide_1.9.0/stm32cubeide/plugins/com.st.stm32cube.ide.mcu.externaltools.gnu-tools-for-stm32.10.3-2021.10.win32_1.0.200.202301161003/tools/bin/../lib/gcc/arm-none-eabi/10.3.1/../../../../arm-none-eabi/lib/thumb/v7-m/nofp\libc_nano.a(lib_a-nano-vfprintf_i.o)
                              d:/cubeide/stm32cubeide_1.9.0/stm32cubeide/plugins/com.st.stm32cube.ide.mcu.externaltools.gnu-tools-for-stm32.10.3-2021.10.win32_1.0.200.202301161003/tools/bin/../lib/gcc/arm-none-eabi/10.3.1/../../../../arm-none-eabi/lib/thumb/v7-m/nofp\libc_nano.a(lib_a-nano-vfprintf_float.o) (_printf_common)
d:/cubeide/stm32cubeide_1.9.0/stm32cubeide/plugins/com.st.stm32cube.ide.mcu.externaltools.gnu-tools-for-stm32.10.3-2021.10.win32_1.0.200.202301161003/tools/bin/../lib/gcc/arm-none-eabi/10.3.1/../../../../arm-none-eabi/lib/thumb/v7-m/nofp\libc_nano.a(lib_a-nano-vfscanf_float.o)
                              (_scanf_float)
d:/cubeide/stm32cubeide_1.9.0/stm32cubeide/plugins/com.st.stm32cube.ide.mcu.externaltools.gnu-tools-for-stm32.10.3-2021.10.win32_1.0.200.202301161003/tools/bin/../lib/gcc/arm-none-eabi/10.3.1/../../../../arm-none-eabi/lib/thumb/v7-m/nofp\libc_nano.a(lib_a-sf_nan.o)
[...]
Memory Configuration

Name             Origin             Length             Attributes
RAM              0x0000000020000000 0x0000000000005000 xrw
FLASH            0x0000000008000000 0x0000000000010000 xr
*default*        0x0000000000000000 0xffffffffffffffff

Linker script and memory map

LOAD d:/cubeide/stm32cubeide_1.9.0/stm32cubeide/plugins/com.st.stm32cube.ide.mcu.externaltools.gnu-tools-for-stm32.10.3-2021.10.win32_1.0.200.202301161003/tools/bin/../lib/gcc/arm-none-eabi/10.3.1/thumb/v7-m/nofp/crti.o
LOAD d:/cubeide/stm32cubeide_1.9.0/stm32cubeide/plugins/com.st.stm32cube.ide.mcu.externaltools.gnu-tools-for-stm32.10.3-2021.10.win32_1.0.200.202301161003/tools/bin/../lib/gcc/arm-none-eabi/10.3.1/thumb/v7-m/nofp/crtbegin.o
LOAD d:/cubeide/stm32cubeide_1.9.0/stm32cubeide/plugins/com.st.stm32cube.ide.mcu.externaltools.gnu-tools-for-stm32.10.3-2021.10.win32_1.0.200.202301161003/tools/bin/../lib/gcc/arm-none-eabi/10.3.1/../../../../arm-none-eabi/lib/thumb/v7-m/nofp/crt0.o
LOAD ./Core/Src/gpio.o
LOAD ./Core/Src/main.o
LOAD ./Core/Src/spi.o
LOAD ./Core/Src/stm32f1xx_hal_msp.o
LOAD ./Core/Src/stm32f1xx_it.o
LOAD ./Core/Src/syscalls.o
LOAD ./Core/Src/sysmem.o
LOAD ./Core/Src/system_stm32f1xx.o
LOAD ./Core/Src/usart.o
LOAD ./Core/Startup/startup_stm32f103c8tx.o
LOAD ./Core/User/decawave/dw_api.o
LOAD ./Core/User/decawave/dw_func.o
LOAD ./Core/User/decawave/dw_spi.o
LOAD ./Core/User/led/led.o
LOAD ./Drivers/STM32F1xx_HAL_Driver/Src/stm32f1xx_hal.o
LOAD ./Drivers/STM32F1xx_HAL_Driver/Src/stm32f1xx_hal_cortex.o
LOAD ./Drivers/STM32F1xx_HAL_Driver/Src/stm32f1xx_hal_dma.o
LOAD ./Drivers/STM32F1xx_HAL_Driver/Src/stm32f1xx_hal_exti.o
LOAD ./Drivers/STM32F1xx_HAL_Driver/Src/stm32f1xx_hal_flash.o
LOAD ./Drivers/STM32F1xx_HAL_Driver/Src/stm32f1xx_hal_flash_ex.o
LOAD ./Drivers/STM32F1xx_HAL_Driver/Src/stm32f1xx_hal_gpio.o
LOAD ./Drivers/STM32F1xx_HAL_Driver/Src/stm32f1xx_hal_gpio_ex.o
LOAD ./Drivers/STM32F1xx_HAL_Driver/Src/stm32f1xx_hal_pwr.o
LOAD ./Drivers/STM32F1xx_HAL_Driver/Src/stm32f1xx_hal_rcc.o
LOAD ./Drivers/STM32F1xx_HAL_Driver/Src/stm32f1xx_hal_rcc_ex.o
LOAD ./Drivers/STM32F1xx_HAL_Driver/Src/stm32f1xx_hal_spi.o
LOAD ./Drivers/STM32F1xx_HAL_Driver/Src/stm32f1xx_hal_tim.o
LOAD ./Drivers/STM32F1xx_HAL_Driver/Src/stm32f1xx_hal_tim_ex.o
LOAD ./Drivers/STM32F1xx_HAL_Driver/Src/stm32f1xx_hal_uart.o
START GROUP
LOAD d:/cubeide/stm32cubeide_1.9.0/stm32cubeide/plugins/com.st.stm32cube.ide.mcu.externaltools.gnu-tools-for-stm32.10.3-2021.10.win32_1.0.200.202301161003/tools/bin/../lib/gcc/arm-none-eabi/10.3.1/../../../../arm-none-eabi/lib/thumb/v7-m/nofp\libc_nano.a
LOAD d:/cubeide/stm32cubeide_1.9.0/stm32cubeide/plugins/com.st.stm32cube.ide.mcu.externaltools.gnu-tools-for-stm32.10.3-2021.10.win32_1.0.200.202301161003/tools/bin/../lib/gcc/arm-none-eabi/10.3.1/../../../../arm-none-eabi/lib/thumb/v7-m/nofp\libm.a
END GROUP
START GROUP
LOAD d:/cubeide/stm32cubeide_1.9.0/stm32cubeide/plugins/com.st.stm32cube.ide.mcu.externaltools.gnu-tools-for-stm32.10.3-2021.10.win32_1.0.200.202301161003/tools/bin/../lib/gcc/arm-none-eabi/10.3.1/thumb/v7-m/nofp\libgcc.a
LOAD d:/cubeide/stm32cubeide_1.9.0/stm32cubeide/plugins/com.st.stm32cube.ide.mcu.externaltools.gnu-tools-for-stm32.10.3-2021.10.win32_1.0.200.202301161003/tools/bin/../lib/gcc/arm-none-eabi/10.3.1/../../../../arm-none-eabi/lib/thumb/v7-m/nofp\libc_nano.a
END GROUP
START GROUP
LOAD d:/cubeide/stm32cubeide_1.9.0/stm32cubeide/plugins/com.st.stm32cube.ide.mcu.externaltools.gnu-tools-for-stm32.10.3-2021.10.win32_1.0.200.202301161003/tools/bin/../lib/gcc/arm-none-eabi/10.3.1/thumb/v7-m/nofp\libgcc.a
LOAD d:/cubeide/stm32cubeide_1.9.0/stm32cubeide/plugins/com.st.stm32cube.ide.mcu.externaltools.gnu-tools-for-stm32.10.3-2021.10.win32_1.0.200.202301161003/tools/bin/../lib/gcc/arm-none-eabi/10.3.1/../../../../arm-none-eabi/lib/thumb/v7-m/nofp\libc_nano.a
LOAD d:/cubeide/stm32cubeide_1.9.0/stm32cubeide/plugins/com.st.stm32cube.ide.mcu.externaltools.gnu-tools-for-stm32.10.3-2021.10.win32_1.0.200.202301161003/tools/bin/../lib/gcc/arm-none-eabi/10.3.1/../../../../arm-none-eabi/lib/thumb/v7-m/nofp\libnosys.a
END GROUP
START GROUP
LOAD d:/cubeide/stm32cubeide_1.9.0/stm32cubeide/plugins/com.st.stm32cube.ide.mcu.externaltools.gnu-tools-for-stm32.10.3-2021.10.win32_1.0.200.202301161003/tools/bin/../lib/gcc/arm-none-eabi/10.3.1/thumb/v7-m/nofp\libgcc.a
LOAD d:/cubeide/stm32cubeide_1.9.0/stm32cubeide/plugins/com.st.stm32cube.ide.mcu.externaltools.gnu-tools-for-stm32.10.3-2021.10.win32_1.0.200.202301161003/tools/bin/../lib/gcc/arm-none-eabi/10.3.1/../../../../arm-none-eabi/lib/thumb/v7-m/nofp\libc_nano.a
LOAD d:/cubeide/stm32cubeide_1.9.0/stm32cubeide/plugins/com.st.stm32cube.ide.mcu.externaltools.gnu-tools-for-stm32.10.3-2021.10.win32_1.0.200.202301161003/tools/bin/../lib/gcc/arm-none-eabi/10.3.1/../../../../arm-none-eabi/lib/thumb/v7-m/nofp\libnosys.a
END GROUP
LOAD d:/cubeide/stm32cubeide_1.9.0/stm32cubeide/plugins/com.st.stm32cube.ide.mcu.externaltools.gnu-tools-for-stm32.10.3-2021.10.win32_1.0.200.202301161003/tools/bin/../lib/gcc/arm-none-eabi/10.3.1/thumb/v7-m/nofp/crtend.o
LOAD d:/cubeide/stm32cubeide_1.9.0/stm32cubeide/plugins/com.st.stm32cube.ide.mcu.externaltools.gnu-tools-for-stm32.10.3-2021.10.win32_1.0.200.202301161003/tools/bin/../lib/gcc/arm-none-eabi/10.3.1/thumb/v7-m/nofp/crtn.o
                0x0000000020005000                _estack = (ORIGIN (RAM) + LENGTH (RAM))
                0x0000000000000200                _Min_Heap_Size = 0x200
                0x0000000000000400                _Min_Stack_Size = 0x400

.isr_vector     0x0000000008000000      0x10c
                0x0000000008000000                . = ALIGN (0x4)
 *(.isr_vector)
 .isr_vector    0x0000000008000000      0x10c ./Core/Startup/startup_stm32f103c8tx.o
                0x0000000008000000                g_pfnVectors
                0x000000000800010c                . = ALIGN (0x4)

.text           0x0000000008000110     0xac7c
                0x0000000008000110                . = ALIGN (0x4)
 *(.text)
 .text          0x0000000008000110       0x40 d:/cubeide/stm32cubeide_1.9.0/stm32cubeide/plugins/com.st.stm32cube.ide.mcu.externaltools.gnu-tools-for-stm32.10.3-2021.10.win32_1.0.200.202301161003/tools/bin/../lib/gcc/arm-none-eabi/10.3.1/thumb/v7-m/nofp/crtbegin.o
 .text          0x0000000008000150       0x10 d:/cubeide/stm32cubeide_1.9.0/stm32cubeide/plugins/com.st.stm32cube.ide.mcu.externaltools.gnu-tools-for-stm32.10.3-2021.10.win32_1.0.200.202301161003/tools/bin/../lib/gcc/arm-none-eabi/10.3.1/../../../../arm-none-eabi/lib/thumb/v7-m/nofp\libc_nano.a(lib_a-strlen.o)
                0x0000000008000150                strlen
 .text          0x0000000008000160      0x378 d:/cubeide/stm32cubeide_1.9.0/stm32cubeide/plugins/com.st.stm32cube.ide.mcu.externaltools.gnu-tools-for-stm32.10.3-2021.10.win32_1.0.200.202301161003/tools/bin/../lib/gcc/arm-none-eabi/10.3.1/thumb/v7-m/nofp\libgcc.a(_arm_addsubdf3.o)
                0x0000000008000160                __aeabi_drsub
                0x0000000008000168                __aeabi_dsub
                0x0000000008000168                __subdf3
                0x000000000800016c                __aeabi_dadd
                0x000000000800016c                __adddf3
                0x00000000080003e4                __floatunsidf
                0x00000000080003e4                __aeabi_ui2d
                0x0000000008000404                __floatsidf
                0x0000000008000404                __aeabi_i2d
                0x0000000008000428                __aeabi_f2d
                0x0000000008000428                __extendsfdf2
                0x000000000800046c                __floatundidf
                0x000000000800046c                __aeabi_ul2d
                0x000000000800047c                __floatdidf
                0x000000000800047c                __aeabi_l2d
 .text          0x00000000080004d8      0x424 d:/cubeide/stm32cubeide_1.9.0/stm32cubeide/plugins/com.st.stm32cube.ide.mcu.externaltools.gnu-tools-for-stm32.10.3-2021.10.win32_1.0.200.202301161003/tools/bin/../lib/gcc/arm-none-eabi/10.3.1/thumb/v7-m/nofp\libgcc.a(_arm_muldivdf3.o)
                0x00000000080004d8                __aeabi_dmul
                0x00000000080004d8                __muldf3
                0x000000000800072c                __divdf3
                0x000000000800072c                __aeabi_ddiv
 .text          0x00000000080008fc      0x110 d:/cubeide/stm32cubeide_1.9.0/stm32cubeide/plugins/com.st.stm32cube.ide.mcu.externaltools.gnu-tools-for-stm32.10.3-2021.10.win32_1.0.200.202301161003/tools/bin/../lib/gcc/arm-none-eabi/10.3.1/thumb/v7-m/nofp\libgcc.a(_arm_cmpdf2.o)
                0x00000000080008fc                __gtdf2
                0x00000000080008fc                __gedf2
                0x0000000008000904                __ltdf2
                0x0000000008000904                __ledf2
                0x000000000800090c                __nedf2
                0x000000000800090c                __eqdf2
                0x000000000800090c                __cmpdf2
                0x0000000008000988                __aeabi_cdrcmple
                0x0000000008000998                __aeabi_cdcmpeq
                0x0000000008000998                __aeabi_cdcmple
                0x00000000080009a8                __aeabi_dcmpeq
                0x00000000080009bc                __aeabi_dcmplt
                0x00000000080009d0                __aeabi_dcmple
                0x00000000080009e4                __aeabi_dcmpge
                0x00000000080009f8                __aeabi_dcmpgt
 .text          0x0000000008000a0c       0x2c d:/cubeide/stm32cubeide_1.9.0/stm32cubeide/plugins/com.st.stm32cube.ide.mcu.externaltools.gnu-tools-for-stm32.10.3-2021.10.win32_1.0.200.202301161003/tools/bin/../lib/gcc/arm-none-eabi/10.3.1/thumb/v7-m/nofp\libgcc.a(_arm_unorddf2.o)
                0x0000000008000a0c                __unorddf2
                0x0000000008000a0c                __aeabi_dcmpun
 .text          0x0000000008000a38       0x50 d:/cubeide/stm32cubeide_1.9.0/stm32cubeide/plugins/com.st.stm32cube.ide.mcu.externaltools.gnu-tools-for-stm32.10.3-2021.10.win32_1.0.200.202301161003/tools/bin/../lib/gcc/arm-none-eabi/10.3.1/thumb/v7-m/nofp\libgcc.a(_arm_fixdfsi.o)
                0x0000000008000a38                __aeabi_d2iz
                0x0000000008000a38                __fixdfsi
 .text          0x0000000008000a88       0x40 d:/cubeide/stm32cubeide_1.9.0/stm32cubeide/plugins/com.st.stm32cube.ide.mcu.externaltools.gnu-tools-for-stm32.10.3-2021.10.win32_1.0.200.202301161003/tools/bin/../lib/gcc/arm-none-eabi/10.3.1/thumb/v7-m/nofp\libgcc.a(_arm_fixunsdfsi.o)
                0x0000000008000a88                __aeabi_d2uiz
                0x0000000008000a88                __fixunsdfsi
 .text          0x0000000008000ac8       0xa0 d:/cubeide/stm32cubeide_1.9.0/stm32cubeide/plugins/com.st.stm32cube.ide.mcu.externaltools.gnu-tools-for-stm32.10.3-2021.10.win32_1.0.200.202301161003/tools/bin/../lib/gcc/arm-none-eabi/10.3.1/thumb/v7-m/nofp\libgcc.a(_arm_truncdfsf2.o)
                0x0000000008000ac8                __truncdfsf2
                0x0000000008000ac8                __aeabi_d2f
 .text          0x0000000008000b68      0x21c d:/cubeide/stm32cubeide_1.9.0/stm32cubeide/plugins/com.st.stm32cube.ide.mcu.externaltools.gnu-tools-for-stm32.10.3-2021.10.win32_1.0.200.202301161003/tools/bin/../lib/gcc/arm-none-eabi/10.3.1/thumb/v7-m/nofp\libgcc.a(_arm_addsubsf3.o)
                0x0000000008000b68                __aeabi_frsub
                0x0000000008000b70                __subsf3
                0x0000000008000b70                __aeabi_fsub
                0x0000000008000b74                __aeabi_fadd
                0x0000000008000b74                __addsf3
                0x0000000008000cd4                __aeabi_ui2f
                0x0000000008000cd4                __floatunsisf
                0x0000000008000cdc                __aeabi_i2f
                0x0000000008000cdc                __floatsisf
                0x0000000008000cf8                __aeabi_ul2f
                0x0000000008000cf8                __floatundisf
                0x0000000008000d08                __aeabi_l2f
                0x0000000008000d08                __floatdisf
 .text          0x0000000008000d84      0x2a0 d:/cubeide/stm32cubeide_1.9.0/stm32cubeide/plugins/com.st.stm32cube.ide.mcu.externaltools.gnu-tools-for-stm32.10.3-2021.10.win32_1.0.200.202301161003/tools/bin/../lib/gcc/arm-none-eabi/10.3.1/thumb/v7-m/nofp\libgcc.a(_arm_muldivsf3.o)
                0x0000000008000d84                __mulsf3
                0x0000000008000d84                __aeabi_fmul
                0x0000000008000eec                __aeabi_fdiv
                0x0000000008000eec                __divsf3
 .text          0x0000000008001024       0xec d:/cubeide/stm32cubeide_1.9.0/stm32cubeide/plugins/com.st.stm32cube.ide.mcu.externaltools.gnu-tools-for-stm32.10.3-2021.10.win32_1.0.200.202301161003/tools/bin/../lib/gcc/arm-none-eabi/10.3.1/thumb/v7-m/nofp\libgcc.a(_arm_cmpsf2.o)
                0x0000000008001024                __gesf2
                0x0000000008001024                __gtsf2
                0x000000000800102c                __lesf2
                0x000000000800102c                __ltsf2
                0x0000000008001034                __nesf2
                0x0000000008001034                __eqsf2
                0x0000000008001034                __cmpsf2
                0x0000000008001094                __aeabi_cfrcmple
                0x000000000800109c                __aeabi_cfcmpeq
                0x000000000800109c                __aeabi_cfcmple
                0x00000000080010ac                __aeabi_fcmpeq
                0x00000000080010c0                __aeabi_fcmplt
                0x00000000080010d4                __aeabi_fcmple
                0x00000000080010e8                __aeabi_fcmpge
                0x00000000080010fc                __aeabi_fcmpgt
 .text          0x0000000008001110       0x2c d:/cubeide/stm32cubeide_1.9.0/stm32cubeide/plugins/com.st.stm32cube.ide.mcu.externaltools.gnu-tools-for-stm32.10.3-2021.10.win32_1.0.200.202301161003/tools/bin/../lib/gcc/arm-none-eabi/10.3.1/thumb/v7-m/nofp\libgcc.a(_arm_unordsf2.o)
                0x0000000008001110                __unordsf2
                0x0000000008001110                __aeabi_fcmpun
 .text          0x000000000800113c       0x4c d:/cubeide/stm32cubeide_1.9.0/stm32cubeide/plugins/com.st.stm32cube.ide.mcu.externaltools.gnu-tools-for-stm32.10.3-2021.10.win32_1.0.200.202301161003/tools/bin/../lib/gcc/arm-none-eabi/10.3.1/thumb/v7-m/nofp\libgcc.a(_arm_fixsfsi.o)
                0x000000000800113c                __aeabi_f2iz
                0x000000000800113c                __fixsfsi
 .text          0x0000000008001188       0x34 d:/cubeide/stm32cubeide_1.9.0/stm32cubeide/plugins/com.st.stm32cube.ide.mcu.externaltools.gnu-tools-for-stm32.10.3-2021.10.win32_1.0.200.202301161003/tools/bin/../lib/gcc/arm-none-eabi/10.3.1/thumb/v7-m/nofp\libgcc.a(_fixdfdi.o)
                0x0000000008001188                __fixdfdi
                0x0000000008001188                __aeabi_d2lz
 .text          0x00000000080011bc       0x3c d:/cubeide/stm32cubeide_1.9.0/stm32cubeide/plugins/com.st.stm32cube.ide.mcu.externaltools.gnu-tools-for-stm32.10.3-2021.10.win32_1.0.200.202301161003/tools/bin/../lib/gcc/arm-none-eabi/10.3.1/thumb/v7-m/nofp\libgcc.a(_fixunsdfdi.o)
                0x00000000080011bc                __fixunsdfdi
                0x00000000080011bc                __aeabi_d2ulz
 *(.text*)
 .text.MX_GPIO_Init
                0x00000000080011f8       0xec ./Core/Src/gpio.o
                0x00000000080011f8                MX_GPIO_Init
 .text.ITM_SendChar
                0x00000000080012e4       0x4c ./Core/Src/main.o
 .text.dwInteruptHandler
                0x0000000008001330       0x8c ./Core/Src/main.o
                0x0000000008001330                dwInteruptHandler
 .text.log_data
                0x00000000080013bc       0x2c ./Core/Src/main.o
                0x00000000080013bc                log_data
 .text._write   0x00000000080013e8       0x3c ./Core/Src/main.o
                0x00000000080013e8                _write
 *fill*         0x0000000008001424        0x4 
 .text.main     0x0000000008001428      0x5e8 ./Core/Src/main.o
                0x0000000008001428                main
 .text.SystemClock_Config
                0x0000000008001a10       0x8a ./Core/Src/main.o
                0x0000000008001a10                SystemClock_Config
 .text.Error_Handler
                0x0000000008001a9a        0xa ./Core/Src/main.o
                0x0000000008001a9a                Error_Handler
 .text.MX_SPI1_Init
                0x0000000008001aa4       0x6c ./Core/Src/spi.o
                0x0000000008001aa4                MX_SPI1_Init
 .text.HAL_SPI_MspInit
                0x0000000008001b10       0x94 ./Core/Src/spi.o
                0x0000000008001b10                HAL_SPI_MspInit
 .text.HAL_MspInit
                0x0000000008001ba4       0x64 ./Core/Src/stm32f1xx_hal_msp.o
                0x0000000008001ba4                HAL_MspInit
 .text.NMI_Handler
                0x0000000008001c08        0x6 ./Core/Src/stm32f1xx_it.o
                0x0000000008001c08                NMI_Handler
 .text.HardFault_Handler
                0x0000000008001c0e        0x6 ./Core/Src/stm32f1xx_it.o
                0x0000000008001c0e                HardFault_Handler
 .text.MemManage_Handler
                0x0000000008001c14        0x6 ./Core/Src/stm32f1xx_it.o
                0x0000000008001c14                MemManage_Handler
 .text.BusFault_Handler
                0x0000000008001c1a        0x6 ./Core/Src/stm32f1xx_it.o
                0x0000000008001c1a                BusFault_Handler
 .text.UsageFault_Handler
                0x0000000008001c20        0x6 ./Core/Src/stm32f1xx_it.o
                0x0000000008001c20                UsageFault_Handler
 .text.SVC_Handler
                0x0000000008001c26        0xc ./Core/Src/stm32f1xx_it.o
                0x0000000008001c26                SVC_Handler
 .text.DebugMon_Handler
                0x0000000008001c32        0xc ./Core/Src/stm32f1xx_it.o
                0x0000000008001c32                DebugMon_Handler
 .text.PendSV_Handler
                0x0000000008001c3e        0xc ./Core/Src/stm32f1xx_it.o
                0x0000000008001c3e                PendSV_Handler
 .text.SysTick_Handler
                0x0000000008001c4a        0xc ./Core/Src/stm32f1xx_it.o
                0x0000000008001c4a                SysTick_Handler
 .text._getpid  0x0000000008001c56        0xe ./Core/Src/syscalls.o
                0x0000000008001c56                _getpid
 .text._kill    0x0000000008001c64       0x20 ./Core/Src/syscalls.o
                0x0000000008001c64                _kill
 .text._exit    0x0000000008001c84       0x14 ./Core/Src/syscalls.o
                0x0000000008001c84                _exit
 .text._read    0x0000000008001c98       0x3a ./Core/Src/syscalls.o
                0x0000000008001c98                _read
 .text._close   0x0000000008001cd2       0x16 ./Core/Src/syscalls.o
                0x0000000008001cd2                _close
 .text._fstat   0x0000000008001ce8       0x1e ./Core/Src/syscalls.o
                0x0000000008001ce8                _fstat
 .text._isatty  0x0000000008001d06       0x14 ./Core/Src/syscalls.o
                0x0000000008001d06                _isatty
 .text._lseek   0x0000000008001d1a       0x18 ./Core/Src/syscalls.o
                0x0000000008001d1a                _lseek
 *fill*         0x0000000008001d32        0x2 
 .text._sbrk    0x0000000008001d34       0x6c ./Core/Src/sysmem.o
                0x0000000008001d34                _sbrk
 .text.SystemInit
                0x0000000008001da0        0xc ./Core/Src/system_stm32f1xx.o
                0x0000000008001da0                SystemInit
 .text.MX_USART1_UART_Init
                0x0000000008001dac       0x54 ./Core/Src/usart.o
                0x0000000008001dac                MX_USART1_UART_Init
 .text.HAL_UART_MspInit
                0x0000000008001e00       0x98 ./Core/Src/usart.o
                0x0000000008001e00                HAL_UART_MspInit
 .text.Reset_Handler
                0x0000000008001e98       0x48 ./Core/Startup/startup_stm32f103c8tx.o
                0x0000000008001e98                Reset_Handler
 .text.Default_Handler
                0x0000000008001ee0        0x2 ./Core/Startup/startup_stm32f103c8tx.o
                0x0000000008001ee0                RTC_Alarm_IRQHandler
                0x0000000008001ee0                EXTI2_IRQHandler
                0x0000000008001ee0                TIM1_CC_IRQHandler
                0x0000000008001ee0                PVD_IRQHandler
                0x0000000008001ee0                EXTI3_IRQHandler
                0x0000000008001ee0                EXTI0_IRQHandler
                0x0000000008001ee0                I2C2_EV_IRQHandler
                0x0000000008001ee0                ADC1_2_IRQHandler
                0x0000000008001ee0                SPI1_IRQHandler
                0x0000000008001ee0                TAMPER_IRQHandler
                0x0000000008001ee0                DMA1_Channel4_IRQHandler
                0x0000000008001ee0                USART3_IRQHandler
                0x0000000008001ee0                RTC_IRQHandler
                0x0000000008001ee0                DMA1_Channel7_IRQHandler
                0x0000000008001ee0                CAN1_RX1_IRQHandler
                0x0000000008001ee0                TIM4_IRQHandler
                0x0000000008001ee0                I2C1_EV_IRQHandler
                0x0000000008001ee0                DMA1_Channel6_IRQHandler
                0x0000000008001ee0                TIM3_IRQHandler
                0x0000000008001ee0                RCC_IRQHandler
                0x0000000008001ee0                TIM1_TRG_COM_IRQHandler
                0x0000000008001ee0                DMA1_Channel1_IRQHandler
                0x0000000008001ee0                Default_Handler
                0x0000000008001ee0                EXTI15_10_IRQHandler
                0x0000000008001ee0                EXTI9_5_IRQHandler
                0x0000000008001ee0                SPI2_IRQHandler
                0x0000000008001ee0                DMA1_Channel5_IRQHandler
                0x0000000008001ee0                EXTI4_IRQHandler
                0x0000000008001ee0                USB_LP_CAN1_RX0_IRQHandler
                0x0000000008001ee0                USB_HP_CAN1_TX_IRQHandler
                0x0000000008001ee0                DMA1_Channel3_IRQHandler
                0x0000000008001ee0                TIM1_UP_IRQHandler
                0x0000000008001ee0                WWDG_IRQHandler
                0x0000000008001ee0                TIM2_IRQHandler
                0x0000000008001ee0                TIM1_BRK_IRQHandler
                0x0000000008001ee0                EXTI1_IRQHandler
                0x0000000008001ee0                USART2_IRQHandler
                0x0000000008001ee0                I2C2_ER_IRQHandler
                0x0000000008001ee0                DMA1_Channel2_IRQHandler
                0x0000000008001ee0                CAN1_SCE_IRQHandler
                0x0000000008001ee0                FLASH_IRQHandler
                0x0000000008001ee0                USART1_IRQHandler
                0x0000000008001ee0                I2C1_ER_IRQHandler
                0x0000000008001ee0                USBWakeUp_IRQHandler
 .text.setBit   0x0000000008001ee2       0x78 ./Core/User/decawave/dw_api.o
 .text.getBit   0x0000000008001f5a       0x50 ./Core/User/decawave/dw_api.o
 .text.writeValueToBytes
                0x0000000008001faa       0x40 ./Core/User/decawave/dw_api.o
 .text.readBytesOTP
                0x0000000008001fea       0x6c ./Core/User/decawave/dw_api.o
 .text.dummyHandler
                0x0000000008002056       0x12 ./Core/User/decawave/dw_api.o
                0x0000000008002056                dummyHandler
 .text.dwInit   0x0000000008002068       0x44 ./Core/User/decawave/dw_api.o
                0x0000000008002068                dwInit
 .text.dwConfigure
                0x00000000080020ac       0xe0 ./Core/User/decawave/dw_api.o
                0x00000000080020ac                dwConfigure
 .text.dwManageLDE
                0x000000000800218c       0xaa ./Core/User/decawave/dw_api.o
                0x000000000800218c                dwManageLDE
 .text.dwGetDeviceId
                0x0000000008002236       0x1c ./Core/User/decawave/dw_api.o
                0x0000000008002236                dwGetDeviceId
 .text.dwEnableAllLeds
                0x0000000008002252       0xa2 ./Core/User/decawave/dw_api.o
                0x0000000008002252                dwEnableAllLeds
 .text.dwEnableClock
                0x00000000080022f4       0xc8 ./Core/User/decawave/dw_api.o
                0x00000000080022f4                dwEnableClock
 .text.dwRxSoftReset
                0x00000000080023bc       0x5a ./Core/User/decawave/dw_api.o
                0x00000000080023bc                dwRxSoftReset
 .text.dwReadSystemConfigurationRegister
                0x0000000008002416       0x22 ./Core/User/decawave/dw_api.o
                0x0000000008002416                dwReadSystemConfigurationRegister
 .text.dwWriteSystemConfigurationRegister
                0x0000000008002438       0x22 ./Core/User/decawave/dw_api.o
                0x0000000008002438                dwWriteSystemConfigurationRegister
 .text.dwReadSystemEventStatusRegister
                0x000000000800245a       0x22 ./Core/User/decawave/dw_api.o
                0x000000000800245a                dwReadSystemEventStatusRegister
 .text.dwReadNetworkIdAndDeviceAddress
                0x000000000800247c       0x22 ./Core/User/decawave/dw_api.o
                0x000000000800247c                dwReadNetworkIdAndDeviceAddress
 .text.dwWriteNetworkIdAndDeviceAddress
                0x000000000800249e       0x22 ./Core/User/decawave/dw_api.o
                0x000000000800249e                dwWriteNetworkIdAndDeviceAddress
 .text.dwReadSystemEventMaskRegister
                0x00000000080024c0       0x22 ./Core/User/decawave/dw_api.o
                0x00000000080024c0                dwReadSystemEventMaskRegister
 .text.dwWriteSystemEventMaskRegister
                0x00000000080024e2       0x22 ./Core/User/decawave/dw_api.o
                0x00000000080024e2                dwWriteSystemEventMaskRegister
 .text.dwReadChannelControlRegister
                0x0000000008002504       0x22 ./Core/User/decawave/dw_api.o
                0x0000000008002504                dwReadChannelControlRegister
 .text.dwWriteChannelControlRegister
                0x0000000008002526       0x22 ./Core/User/decawave/dw_api.o
                0x0000000008002526                dwWriteChannelControlRegister
 .text.dwReadTransmitFrameControlRegister
                0x0000000008002548       0x22 ./Core/User/decawave/dw_api.o
                0x0000000008002548                dwReadTransmitFrameControlRegister
 .text.dwWriteTransmitFrameControlRegister
                0x000000000800256a       0x22 ./Core/User/decawave/dw_api.o
                0x000000000800256a                dwWriteTransmitFrameControlRegister
 .text.dwSetFrameFilter
                0x000000000800258c       0x24 ./Core/User/decawave/dw_api.o
                0x000000000800258c                dwSetFrameFilter
 .text.dwSetFrameFilterAllowData
                0x00000000080025b0       0x24 ./Core/User/decawave/dw_api.o
                0x00000000080025b0                dwSetFrameFilterAllowData
 .text.dwSetFrameFilterAllowReserved
                0x00000000080025d4       0x24 ./Core/User/decawave/dw_api.o
                0x00000000080025d4                dwSetFrameFilterAllowReserved
 .text.dwSetDoubleBuffering
                0x00000000080025f8       0x3a ./Core/User/decawave/dw_api.o
                0x00000000080025f8                dwSetDoubleBuffering
 .text.dwSetInterruptPolarity
                0x0000000008002632       0x24 ./Core/User/decawave/dw_api.o
                0x0000000008002632                dwSetInterruptPolarity
 .text.dwSetReceiverAutoReenable
                0x0000000008002656       0x24 ./Core/User/decawave/dw_api.o
                0x0000000008002656                dwSetReceiverAutoReenable
 .text.dwInterruptOnSent
                0x000000000800267a       0x24 ./Core/User/decawave/dw_api.o
                0x000000000800267a                dwInterruptOnSent
 .text.dwInterruptOnReceived
                0x000000000800269e       0x34 ./Core/User/decawave/dw_api.o
                0x000000000800269e                dwInterruptOnReceived
 .text.dwInterruptOnReceiveFailed
                0x00000000080026d2       0x74 ./Core/User/decawave/dw_api.o
                0x00000000080026d2                dwInterruptOnReceiveFailed
 .text.dwInterruptOnReceiveTimeout
                0x0000000008002746       0x34 ./Core/User/decawave/dw_api.o
                0x0000000008002746                dwInterruptOnReceiveTimeout
 .text.dwInterruptOnReceiveTimestampAvailable
                0x000000000800277a       0x24 ./Core/User/decawave/dw_api.o
                0x000000000800277a                dwInterruptOnReceiveTimestampAvailable
 .text.dwInterruptOnAutomaticAcknowledgeTrigger
                0x000000000800279e       0x24 ./Core/User/decawave/dw_api.o
                0x000000000800279e                dwInterruptOnAutomaticAcknowledgeTrigger
 .text.dwClearInterrupts
                0x00000000080027c2       0x1e ./Core/User/decawave/dw_api.o
                0x00000000080027c2                dwClearInterrupts
 .text.dwIdle   0x00000000080027e0       0x44 ./Core/User/decawave/dw_api.o
                0x00000000080027e0                dwIdle
 .text.dwNewReceive
                0x0000000008002824       0x30 ./Core/User/decawave/dw_api.o
                0x0000000008002824                dwNewReceive
 .text.dwStartReceive
                0x0000000008002854       0x58 ./Core/User/decawave/dw_api.o
                0x0000000008002854                dwStartReceive
 .text.dwNewTransmit
                0x00000000080028ac       0x30 ./Core/User/decawave/dw_api.o
                0x00000000080028ac                dwNewTransmit
 .text.dwStartTransmit
                0x00000000080028dc       0x9c ./Core/User/decawave/dw_api.o
                0x00000000080028dc                dwStartTransmit
 .text.dwNewConfiguration
                0x0000000008002978       0x34 ./Core/User/decawave/dw_api.o
                0x0000000008002978                dwNewConfiguration
 .text.dwCommitConfiguration
                0x00000000080029ac       0x5a ./Core/User/decawave/dw_api.o
                0x00000000080029ac                dwCommitConfiguration
 .text.dwSuppressFrameCheck
                0x0000000008002a06       0x34 ./Core/User/decawave/dw_api.o
                0x0000000008002a06                dwSuppressFrameCheck
 .text.dwUseSmartPower
                0x0000000008002a3a       0x42 ./Core/User/decawave/dw_api.o
                0x0000000008002a3a                dwUseSmartPower
 .text.dwSetDataRate
                0x0000000008002a7c      0x102 ./Core/User/decawave/dw_api.o
                0x0000000008002a7c                dwSetDataRate
 .text.dwSetPulseFrequency
                0x0000000008002b7e       0x6a ./Core/User/decawave/dw_api.o
                0x0000000008002b7e                dwSetPulseFrequency
 .text.dwSetPreambleLength
                0x0000000008002be8       0x92 ./Core/User/decawave/dw_api.o
                0x0000000008002be8                dwSetPreambleLength
 .text.dwUseExtendedFrameLength
                0x0000000008002c7a       0x48 ./Core/User/decawave/dw_api.o
                0x0000000008002c7a                dwUseExtendedFrameLength
 .text.dwSetChannel
                0x0000000008002cc2       0x3a ./Core/User/decawave/dw_api.o
                0x0000000008002cc2                dwSetChannel
 .text.dwSetPreambleCode
                0x0000000008002cfc       0x6e ./Core/User/decawave/dw_api.o
                0x0000000008002cfc                dwSetPreambleCode
 .text.dwSetDefaults
                0x0000000008002d6a       0x96 ./Core/User/decawave/dw_api.o
                0x0000000008002d6a                dwSetDefaults
 .text.dwSetData
                0x0000000008002e00       0x84 ./Core/User/decawave/dw_api.o
                0x0000000008002e00                dwSetData
 .text.dwGetDataLength
                0x0000000008002e84       0x70 ./Core/User/decawave/dw_api.o
                0x0000000008002e84                dwGetDataLength
 .text.dwGetData
                0x0000000008002ef4       0x2c ./Core/User/decawave/dw_api.o
                0x0000000008002ef4                dwGetData
 .text.dwGetTransmitTimestamp
                0x0000000008002f20       0x22 ./Core/User/decawave/dw_api.o
                0x0000000008002f20                dwGetTransmitTimestamp
 .text.dwGetReceiveTimestamp
                0x0000000008002f42       0x38 ./Core/User/decawave/dw_api.o
                0x0000000008002f42                dwGetReceiveTimestamp
 *fill*         0x0000000008002f7a        0x2 
 .text.dwCorrectTimestamp
                0x0000000008002f7c      0x294 ./Core/User/decawave/dw_api.o
                0x0000000008002f7c                dwCorrectTimestamp
 .text.dwIsTransmitDone
                0x0000000008003210       0x20 ./Core/User/decawave/dw_api.o
                0x0000000008003210                dwIsTransmitDone
 .text.dwIsReceiveTimestampAvailable
                0x0000000008003230       0x20 ./Core/User/decawave/dw_api.o
                0x0000000008003230                dwIsReceiveTimestampAvailable
 .text.dwIsReceiveDone
                0x0000000008003250       0x3c ./Core/User/decawave/dw_api.o
                0x0000000008003250                dwIsReceiveDone
 .text.dwIsReceiveFailed
                0x000000000800328c       0xac ./Core/User/decawave/dw_api.o
                0x000000000800328c                dwIsReceiveFailed
 .text.dwIsReceiveTimeout
                0x0000000008003338       0x20 ./Core/User/decawave/dw_api.o
                0x0000000008003338                dwIsReceiveTimeout
 .text.dwClearReceiveTimestampAvailableStatus
                0x0000000008003358       0x38 ./Core/User/decawave/dw_api.o
                0x0000000008003358                dwClearReceiveTimestampAvailableStatus
 .text.dwClearReceiveStatus
                0x0000000008003390       0x24 ./Core/User/decawave/dw_api.o
                0x0000000008003390                dwClearReceiveStatus
 .text.dwClearTransmitStatus
                0x00000000080033b4       0x20 ./Core/User/decawave/dw_api.o
                0x00000000080033b4                dwClearTransmitStatus
 .text.spiReadRxInfo
                0x00000000080033d4       0x38 ./Core/User/decawave/dw_api.o
 .text.calculatePower
                0x000000000800340c       0xb0 ./Core/User/decawave/dw_api.o
 .text.dwGetReceivePower
                0x00000000080034bc       0x50 ./Core/User/decawave/dw_api.o
                0x00000000080034bc                dwGetReceivePower
 .text.dwSetMode
                0x000000000800350c       0x56 ./Core/User/decawave/dw_api.o
                0x000000000800350c                dwSetMode
 *fill*         0x0000000008003562        0x2 
 .text.dwTune   0x0000000008003564      0xc14 ./Core/User/decawave/dw_api.o
                0x0000000008003564                dwTune
 .text.spiWrite
                0x0000000008004178       0x6c ./Core/User/decawave/dw_func.o
 .text.spiRead  0x00000000080041e4       0x6c ./Core/User/decawave/dw_func.o
 .text.spiSetSpeed
                0x0000000008004250       0x38 ./Core/User/decawave/dw_func.o
 .text.reset    0x0000000008004288       0x30 ./Core/User/decawave/dw_func.o
 .text.delayms  0x00000000080042b8       0x18 ./Core/User/decawave/dw_func.o
 .text.dwSpiRead
                0x00000000080042d0       0x7c ./Core/User/decawave/dw_spi.o
                0x00000000080042d0                dwSpiRead
 .text.dwSpiRead16
                0x000000000800434c       0x2a ./Core/User/decawave/dw_spi.o
                0x000000000800434c                dwSpiRead16
 .text.dwSpiRead32
                0x0000000008004376       0x2a ./Core/User/decawave/dw_spi.o
                0x0000000008004376                dwSpiRead32
 .text.dwSpiWrite
                0x00000000080043a0       0x86 ./Core/User/decawave/dw_spi.o
                0x00000000080043a0                dwSpiWrite
 .text.dwSpiWrite8
                0x0000000008004426       0x2e ./Core/User/decawave/dw_spi.o
                0x0000000008004426                dwSpiWrite8
 .text.dwSpiWrite32
                0x0000000008004454       0x28 ./Core/User/decawave/dw_spi.o
                0x0000000008004454                dwSpiWrite32
 .text.HAL_Init
                0x000000000800447c       0x2c ./Drivers/STM32F1xx_HAL_Driver/Src/stm32f1xx_hal.o
                0x000000000800447c                HAL_Init
 .text.HAL_InitTick
                0x00000000080044a8       0x60 ./Drivers/STM32F1xx_HAL_Driver/Src/stm32f1xx_hal.o
                0x00000000080044a8                HAL_InitTick
 .text.HAL_IncTick
                0x0000000008004508       0x24 ./Drivers/STM32F1xx_HAL_Driver/Src/stm32f1xx_hal.o
                0x0000000008004508                HAL_IncTick
 .text.HAL_GetTick
                0x000000000800452c       0x14 ./Drivers/STM32F1xx_HAL_Driver/Src/stm32f1xx_hal.o
                0x000000000800452c                HAL_GetTick
 .text.HAL_Delay
                0x0000000008004540       0x48 ./Drivers/STM32F1xx_HAL_Driver/Src/stm32f1xx_hal.o
                0x0000000008004540                HAL_Delay
 .text.__NVIC_SetPriorityGrouping
                0x0000000008004588       0x48 ./Drivers/STM32F1xx_HAL_Driver/Src/stm32f1xx_hal_cortex.o
 .text.__NVIC_GetPriorityGrouping
                0x00000000080045d0       0x1c ./Drivers/STM32F1xx_HAL_Driver/Src/stm32f1xx_hal_cortex.o
 .text.__NVIC_SetPriority
                0x00000000080045ec       0x54 ./Drivers/STM32F1xx_HAL_Driver/Src/stm32f1xx_hal_cortex.o
 .text.NVIC_EncodePriority
                0x0000000008004640       0x64 ./Drivers/STM32F1xx_HAL_Driver/Src/stm32f1xx_hal_cortex.o
 .text.SysTick_Config
                0x00000000080046a4       0x44 ./Drivers/STM32F1xx_HAL_Driver/Src/stm32f1xx_hal_cortex.o
 .text.HAL_NVIC_SetPriorityGrouping
                0x00000000080046e8       0x16 ./Drivers/STM32F1xx_HAL_Driver/Src/stm32f1xx_hal_cortex.o
                0x00000000080046e8                HAL_NVIC_SetPriorityGrouping
 .text.HAL_NVIC_SetPriority
                0x00000000080046fe       0x38 ./Drivers/STM32F1xx_HAL_Driver/Src/stm32f1xx_hal_cortex.o
                0x00000000080046fe                HAL_NVIC_SetPriority
 .text.HAL_SYSTICK_Config
                0x0000000008004736       0x18 ./Drivers/STM32F1xx_HAL_Driver/Src/stm32f1xx_hal_cortex.o
                0x0000000008004736                HAL_SYSTICK_Config
 *fill*         0x000000000800474e        0x2 
 .text.HAL_GPIO_Init
                0x0000000008004750      0x308 ./Drivers/STM32F1xx_HAL_Driver/Src/stm32f1xx_hal_gpio.o
                0x0000000008004750                HAL_GPIO_Init
 .text.HAL_GPIO_WritePin
                0x0000000008004a58       0x30 ./Drivers/STM32F1xx_HAL_Driver/Src/stm32f1xx_hal_gpio.o
                0x0000000008004a58                HAL_GPIO_WritePin
 .text.HAL_RCC_OscConfig
                0x0000000008004a88      0x504 ./Drivers/STM32F1xx_HAL_Driver/Src/stm32f1xx_hal_rcc.o
                0x0000000008004a88                HAL_RCC_OscConfig
 .text.HAL_RCC_ClockConfig
                0x0000000008004f8c      0x1d4 ./Drivers/STM32F1xx_HAL_Driver/Src/stm32f1xx_hal_rcc.o
                0x0000000008004f8c                HAL_RCC_ClockConfig
 .text.HAL_RCC_GetSysClockFreq
                0x0000000008005160       0xa8 ./Drivers/STM32F1xx_HAL_Driver/Src/stm32f1xx_hal_rcc.o
                0x0000000008005160                HAL_RCC_GetSysClockFreq
 .text.HAL_RCC_GetHCLKFreq
                0x0000000008005208       0x14 ./Drivers/STM32F1xx_HAL_Driver/Src/stm32f1xx_hal_rcc.o
                0x0000000008005208                HAL_RCC_GetHCLKFreq
 .text.HAL_RCC_GetPCLK1Freq
                0x000000000800521c       0x28 ./Drivers/STM32F1xx_HAL_Driver/Src/stm32f1xx_hal_rcc.o
                0x000000000800521c                HAL_RCC_GetPCLK1Freq
 .text.HAL_RCC_GetPCLK2Freq
                0x0000000008005244       0x28 ./Drivers/STM32F1xx_HAL_Driver/Src/stm32f1xx_hal_rcc.o
                0x0000000008005244                HAL_RCC_GetPCLK2Freq
 .text.RCC_Delay
                0x000000000800526c       0x3c ./Drivers/STM32F1xx_HAL_Driver/Src/stm32f1xx_hal_rcc.o
 .text.HAL_SPI_Init
                0x00000000080052a8      0x108 ./Drivers/STM32F1xx_HAL_Driver/Src/stm32f1xx_hal_spi.o
                0x00000000080052a8                HAL_SPI_Init
 .text.HAL_SPI_Transmit
                0x00000000080053b0      0x286 ./Drivers/STM32F1xx_HAL_Driver/Src/stm32f1xx_hal_spi.o
                0x00000000080053b0                HAL_SPI_Transmit
 .text.HAL_SPI_Receive
                0x0000000008005636      0x230 ./Drivers/STM32F1xx_HAL_Driver/Src/stm32f1xx_hal_spi.o
                0x0000000008005636                HAL_SPI_Receive
 .text.HAL_SPI_TransmitReceive
                0x0000000008005866      0x360 ./Drivers/STM32F1xx_HAL_Driver/Src/stm32f1xx_hal_spi.o
                0x0000000008005866                HAL_SPI_TransmitReceive
 *fill*         0x0000000008005bc6        0x2 
 .text.SPI_WaitFlagStateUntilTimeout
                0x0000000008005bc8      0x110 ./Drivers/STM32F1xx_HAL_Driver/Src/stm32f1xx_hal_spi.o
 .text.SPI_EndRxTransaction
                0x0000000008005cd8       0xa4 ./Drivers/STM32F1xx_HAL_Driver/Src/stm32f1xx_hal_spi.o
 .text.SPI_EndRxTxTransaction
                0x0000000008005d7c       0x3c ./Drivers/STM32F1xx_HAL_Driver/Src/stm32f1xx_hal_spi.o
 .text.HAL_UART_Init
                0x0000000008005db8       0xa0 ./Drivers/STM32F1xx_HAL_Driver/Src/stm32f1xx_hal_uart.o
                0x0000000008005db8                HAL_UART_Init
 .text.HAL_UART_Transmit
                0x0000000008005e58      0x106 ./Drivers/STM32F1xx_HAL_Driver/Src/stm32f1xx_hal_uart.o
                0x0000000008005e58                HAL_UART_Transmit
 .text.UART_WaitOnFlagUntilTimeout
                0x0000000008005f5e       0xdc ./Drivers/STM32F1xx_HAL_Driver/Src/stm32f1xx_hal_uart.o
 *fill*         0x000000000800603a        0x2 
 .text.UART_SetConfig
                0x000000000800603c      0x11c ./Drivers/STM32F1xx_HAL_Driver/Src/stm32f1xx_hal_uart.o
 .text.__errno  0x0000000008006158        0xc d:/cubeide/stm32cubeide_1.9.0/stm32cubeide/plugins/com.st.stm32cube.ide.mcu.externaltools.gnu-tools-for-stm32.10.3-2021.10.win32_1.0.200.202301161003/tools/bin/../lib/gcc/arm-none-eabi/10.3.1/../../../../arm-none-eabi/lib/thumb/v7-m/nofp\libc_nano.a(lib_a-errno.o)
                0x0000000008006158                __errno
 .text.__libc_init_array
                0x0000000008006164       0x48 d:/cubeide/stm32cubeide_1.9.0/stm32cubeide/plugins/com.st.stm32cube.ide.mcu.externaltools.gnu-tools-for-stm32.10.3-2021.10.win32_1.0.200.202301161003/tools/bin/../lib/gcc/arm-none-eabi/10.3.1/../../../../arm-none-eabi/lib/thumb/v7-m/nofp\libc_nano.a(lib_a-init.o)
                0x0000000008006164                __libc_init_array
 .text.memcmp   0x00000000080061ac       0x20 d:/cubeide/stm32cubeide_1.9.0/stm32cubeide/plugins/com.st.stm32cube.ide.mcu.externaltools.gnu-tools-for-stm32.10.3-2021.10.win32_1.0.200.202301161003/tools/bin/../lib/gcc/arm-none-eabi/10.3.1/../../../../arm-none-eabi/lib/thumb/v7-m/nofp\libc_nano.a(lib_a-memcmp.o)
                0x00000000080061ac                memcmp
 .text.memcpy   0x00000000080061cc       0x1c d:/cubeide/stm32cubeide_1.9.0/stm32cubeide/plugins/com.st.stm32cube.ide.mcu.externaltools.gnu-tools-for-stm32.10.3-2021.10.win32_1.0.200.202301161003/tools/bin/../lib/gcc/arm-none-eabi/10.3.1/../../../../arm-none-eabi/lib/thumb/v7-m/nofp\libc_nano.a(lib_a-memcpy-stub.o)
                0x00000000080061cc                memcpy
 .text.memset   0x00000000080061e8       0x10 d:/cubeide/stm32cubeide_1.9.0/stm32cubeide/plugins/com.st.stm32cube.ide.mcu.externaltools.gnu-tools-for-stm32.10.3-2021.10.win32_1.0.200.202301161003/tools/bin/../lib/gcc/arm-none-eabi/10.3.1/../../../../arm-none-eabi/lib/thumb/v7-m/nofp\libc_nano.a(lib_a-memset.o)
                0x00000000080061e8                memset
 .text.__cvt    0x00000000080061f8       0xbe d:/cubeide/stm32cubeide_1.9.0/stm32cubeide/plugins/com.st.stm32cube.ide.mcu.externaltools.gnu-tools-for-stm32.10.3-2021.10.win32_1.0.200.202301161003/tools/bin/../lib/gcc/arm-none-eabi/10.3.1/../../../../arm-none-eabi/lib/thumb/v7-m/nofp\libc_nano.a(lib_a-nano-vfprintf_float.o)
                0x00000000080061f8                __cvt
 .text.__exponent
                0x00000000080062b6       0x7c d:/cubeide/stm32cubeide_1.9.0/stm32cubeide/plugins/com.st.stm32cube.ide.mcu.externaltools.gnu-tools-for-stm32.10.3-2021.10.win32_1.0.200.202301161003/tools/bin/../lib/gcc/arm-none-eabi/10.3.1/../../../../arm-none-eabi/lib/thumb/v7-m/nofp\libc_nano.a(lib_a-nano-vfprintf_float.o)
                0x00000000080062b6                __exponent
 *fill*         0x0000000008006332        0x2 
 .text._printf_float
                0x0000000008006334      0x458 d:/cubeide/stm32cubeide_1.9.0/stm32cubeide/plugins/com.st.stm32cube.ide.mcu.externaltools.gnu-tools-for-stm32.10.3-2021.10.win32_1.0.200.202301161003/tools/bin/../lib/gcc/arm-none-eabi/10.3.1/../../../../arm-none-eabi/lib/thumb/v7-m/nofp\libc_nano.a(lib_a-nano-vfprintf_float.o)
                0x0000000008006334                _printf_float
 .text._printf_common
                0x000000000800678c       0xde d:/cubeide/stm32cubeide_1.9.0/stm32cubeide/plugins/com.st.stm32cube.ide.mcu.externaltools.gnu-tools-for-stm32.10.3-2021.10.win32_1.0.200.202301161003/tools/bin/../lib/gcc/arm-none-eabi/10.3.1/../../../../arm-none-eabi/lib/thumb/v7-m/nofp\libc_nano.a(lib_a-nano-vfprintf_i.o)
                0x000000000800678c                _printf_common
 *fill*         0x000000000800686a        0x2 
 .text._printf_i
                0x000000000800686c      0x24c d:/cubeide/stm32cubeide_1.9.0/stm32cubeide/plugins/com.st.stm32cube.ide.mcu.externaltools.gnu-tools-for-stm32.10.3-2021.10.win32_1.0.200.202301161003/tools/bin/../lib/gcc/arm-none-eabi/10.3.1/../../../../arm-none-eabi/lib/thumb/v7-m/nofp\libc_nano.a(lib_a-nano-vfprintf_i.o)
                0x000000000800686c                _printf_i
 .text._scanf_float
                0x0000000008006ab8      0x41c d:/cubeide/stm32cubeide_1.9.0/stm32cubeide/plugins/com.st.stm32cube.ide.mcu.externaltools.gnu-tools-for-stm32.10.3-2021.10.win32_1.0.200.202301161003/tools/bin/../lib/gcc/arm-none-eabi/10.3.1/../../../../arm-none-eabi/lib/thumb/v7-m/nofp\libc_nano.a(lib_a-nano-vfscanf_float.o)
                0x0000000008006ab8                _scanf_float
 .text.nanf     0x0000000008006ed4        0x8 d:/cubeide/stm32cubeide_1.9.0/stm32cubeide/plugins/com.st.stm32cube.ide.mcu.externaltools.gnu-tools-for-stm32.10.3-2021.10.win32_1.0.200.202301161003/tools/bin/../lib/gcc/arm-none-eabi/10.3.1/../../../../arm-none-eabi/lib/thumb/v7-m/nofp\libc_nano.a(lib_a-sf_nan.o)
                0x0000000008006ed4                nanf
 .text.sprintf  0x0000000008006edc       0x40 d:/cubeide/stm32cubeide_1.9.0/stm32cubeide/plugins/com.st.stm32cube.ide.mcu.externaltools.gnu-tools-for-stm32.10.3-2021.10.win32_1.0.200.202301161003/tools/bin/../lib/gcc/arm-none-eabi/10.3.1/../../../../arm-none-eabi/lib/thumb/v7-m/nofp\libc_nano.a(lib_a-sprintf.o)
                0x0000000008006edc                siprintf
                0x0000000008006edc                sprintf
 .text.sulp     0x0000000008006f1c       0x42 d:/cubeide/stm32cubeide_1.9.0/stm32cubeide/plugins/com.st.stm32cube.ide.mcu.externaltools.gnu-tools-for-stm32.10.3-2021.10.win32_1.0.200.202301161003/tools/bin/../lib/gcc/arm-none-eabi/10.3.1/../../../../arm-none-eabi/lib/thumb/v7-m/nofp\libc_nano.a(lib_a-strtod.o)
 *fill*         0x0000000008006f5e        0x2 
 .text._strtod_l
                0x0000000008006f60      0xbd0 d:/cubeide/stm32cubeide_1.9.0/stm32cubeide/plugins/com.st.stm32cube.ide.mcu.externaltools.gnu-tools-for-stm32.10.3-2021.10.win32_1.0.200.202301161003/tools/bin/../lib/gcc/arm-none-eabi/10.3.1/../../../../arm-none-eabi/lib/thumb/v7-m/nofp\libc_nano.a(lib_a-strtod.o)
                0x0000000008006f60                _strtod_l
 .text._strtod_r
                0x0000000008007b30        0xc d:/cubeide/stm32cubeide_1.9.0/stm32cubeide/plugins/com.st.stm32cube.ide.mcu.externaltools.gnu-tools-for-stm32.10.3-2021.10.win32_1.0.200.202301161003/tools/bin/../lib/gcc/arm-none-eabi/10.3.1/../../../../arm-none-eabi/lib/thumb/v7-m/nofp\libc_nano.a(lib_a-strtod.o)
                0x0000000008007b30                _strtod_r
 .text._strtol_l.constprop.0
                0x0000000008007b3c       0xf8 d:/cubeide/stm32cubeide_1.9.0/stm32cubeide/plugins/com.st.stm32cube.ide.mcu.externaltools.gnu-tools-for-stm32.10.3-2021.10.win32_1.0.200.202301161003/tools/bin/../lib/gcc/arm-none-eabi/10.3.1/../../../../arm-none-eabi/lib/thumb/v7-m/nofp\libc_nano.a(lib_a-strtol.o)
 .text._strtol_r
                0x0000000008007c34        0x4 d:/cubeide/stm32cubeide_1.9.0/stm32cubeide/plugins/com.st.stm32cube.ide.mcu.externaltools.gnu-tools-for-stm32.10.3-2021.10.win32_1.0.200.202301161003/tools/bin/../lib/gcc/arm-none-eabi/10.3.1/../../../../arm-none-eabi/lib/thumb/v7-m/nofp\libc_nano.a(lib_a-strtol.o)
                0x0000000008007c34                _strtol_r
 .text.quorem   0x0000000008007c38      0x118 d:/cubeide/stm32cubeide_1.9.0/stm32cubeide/plugins/com.st.stm32cube.ide.mcu.externaltools.gnu-tools-for-stm32.10.3-2021.10.win32_1.0.200.202301161003/tools/bin/../lib/gcc/arm-none-eabi/10.3.1/../../../../arm-none-eabi/lib/thumb/v7-m/nofp\libc_nano.a(lib_a-dtoa.o)
 .text._dtoa_r  0x0000000008007d50      0xbdc d:/cubeide/stm32cubeide_1.9.0/stm32cubeide/plugins/com.st.stm32cube.ide.mcu.externaltools.gnu-tools-for-stm32.10.3-2021.10.win32_1.0.200.202301161003/tools/bin/../lib/gcc/arm-none-eabi/10.3.1/../../../../arm-none-eabi/lib/thumb/v7-m/nofp\libc_nano.a(lib_a-dtoa.o)
                0x0000000008007d50                _dtoa_r
 .text.rshift   0x000000000800892c       0xa6 d:/cubeide/stm32cubeide_1.9.0/stm32cubeide/plugins/com.st.stm32cube.ide.mcu.externaltools.gnu-tools-for-stm32.10.3-2021.10.win32_1.0.200.202301161003/tools/bin/../lib/gcc/arm-none-eabi/10.3.1/../../../../arm-none-eabi/lib/thumb/v7-m/nofp\libc_nano.a(lib_a-gdtoa-gethex.o)
 .text.__hexdig_fun
                0x00000000080089d2       0x2a d:/cubeide/stm32cubeide_1.9.0/stm32cubeide/plugins/com.st.stm32cube.ide.mcu.externaltools.gnu-tools-for-stm32.10.3-2021.10.win32_1.0.200.202301161003/tools/bin/../lib/gcc/arm-none-eabi/10.3.1/../../../../arm-none-eabi/lib/thumb/v7-m/nofp\libc_nano.a(lib_a-gdtoa-gethex.o)
                0x00000000080089d2                __hexdig_fun
 .text.__gethex
                0x00000000080089fc      0x478 d:/cubeide/stm32cubeide_1.9.0/stm32cubeide/plugins/com.st.stm32cube.ide.mcu.externaltools.gnu-tools-for-stm32.10.3-2021.10.win32_1.0.200.202301161003/tools/bin/../lib/gcc/arm-none-eabi/10.3.1/../../../../arm-none-eabi/lib/thumb/v7-m/nofp\libc_nano.a(lib_a-gdtoa-gethex.o)
                0x00000000080089fc                __gethex
 .text.L_shift  0x0000000008008e74       0x24 d:/cubeide/stm32cubeide_1.9.0/stm32cubeide/plugins/com.st.stm32cube.ide.mcu.externaltools.gnu-tools-for-stm32.10.3-2021.10.win32_1.0.200.202301161003/tools/bin/../lib/gcc/arm-none-eabi/10.3.1/../../../../arm-none-eabi/lib/thumb/v7-m/nofp\libc_nano.a(lib_a-gdtoa-hexnan.o)
 .text.__match  0x0000000008008e98       0x28 d:/cubeide/stm32cubeide_1.9.0/stm32cubeide/plugins/com.st.stm32cube.ide.mcu.externaltools.gnu-tools-for-stm32.10.3-2021.10.win32_1.0.200.202301161003/tools/bin/../lib/gcc/arm-none-eabi/10.3.1/../../../../arm-none-eabi/lib/thumb/v7-m/nofp\libc_nano.a(lib_a-gdtoa-hexnan.o)
                0x0000000008008e98                __match
 .text.__hexnan
                0x0000000008008ec0      0x138 d:/cubeide/stm32cubeide_1.9.0/stm32cubeide/plugins/com.st.stm32cube.ide.mcu.externaltools.gnu-tools-for-stm32.10.3-2021.10.win32_1.0.200.202301161003/tools/bin/../lib/gcc/arm-none-eabi/10.3.1/../../../../arm-none-eabi/lib/thumb/v7-m/nofp\libc_nano.a(lib_a-gdtoa-hexnan.o)
                0x0000000008008ec0                __hexnan
 .text._localeconv_r
                0x0000000008008ff8        0x8 d:/cubeide/stm32cubeide_1.9.0/stm32cubeide/plugins/com.st.stm32cube.ide.mcu.externaltools.gnu-tools-for-stm32.10.3-2021.10.win32_1.0.200.202301161003/tools/bin/../lib/gcc/arm-none-eabi/10.3.1/../../../../arm-none-eabi/lib/thumb/v7-m/nofp\libc_nano.a(lib_a-localeconv.o)
                0x0000000008008ff8                _localeconv_r
 .text.malloc   0x0000000008009000       0x10 d:/cubeide/stm32cubeide_1.9.0/stm32cubeide/plugins/com.st.stm32cube.ide.mcu.externaltools.gnu-tools-for-stm32.10.3-2021.10.win32_1.0.200.202301161003/tools/bin/../lib/gcc/arm-none-eabi/10.3.1/../../../../arm-none-eabi/lib/thumb/v7-m/nofp\libc_nano.a(lib_a-malloc.o)
                0x0000000008009000                malloc
 .text.__ascii_mbtowc
                0x0000000008009010       0x24 d:/cubeide/stm32cubeide_1.9.0/stm32cubeide/plugins/com.st.stm32cube.ide.mcu.externaltools.gnu-tools-for-stm32.10.3-2021.10.win32_1.0.200.202301161003/tools/bin/../lib/gcc/arm-none-eabi/10.3.1/../../../../arm-none-eabi/lib/thumb/v7-m/nofp\libc_nano.a(lib_a-mbtowc_r.o)
                0x0000000008009010                __ascii_mbtowc
 .text.memchr   0x0000000008009034       0x1c d:/cubeide/stm32cubeide_1.9.0/stm32cubeide/plugins/com.st.stm32cube.ide.mcu.externaltools.gnu-tools-for-stm32.10.3-2021.10.win32_1.0.200.202301161003/tools/bin/../lib/gcc/arm-none-eabi/10.3.1/../../../../arm-none-eabi/lib/thumb/v7-m/nofp\libc_nano.a(lib_a-memchr-stub.o)
                0x0000000008009034                memchr
 .text._Balloc  0x0000000008009050       0x80 d:/cubeide/stm32cubeide_1.9.0/stm32cubeide/plugins/com.st.stm32cube.ide.mcu.externaltools.gnu-tools-for-stm32.10.3-2021.10.win32_1.0.200.202301161003/tools/bin/../lib/gcc/arm-none-eabi/10.3.1/../../../../arm-none-eabi/lib/thumb/v7-m/nofp\libc_nano.a(lib_a-mprec.o)
                0x0000000008009050                _Balloc
 .text._Bfree   0x00000000080090d0       0x44 d:/cubeide/stm32cubeide_1.9.0/stm32cubeide/plugins/com.st.stm32cube.ide.mcu.externaltools.gnu-tools-for-stm32.10.3-2021.10.win32_1.0.200.202301161003/tools/bin/../lib/gcc/arm-none-eabi/10.3.1/../../../../arm-none-eabi/lib/thumb/v7-m/nofp\libc_nano.a(lib_a-mprec.o)
                0x00000000080090d0                _Bfree
 .text.__multadd
                0x0000000008009114       0x8c d:/cubeide/stm32cubeide_1.9.0/stm32cubeide/plugins/com.st.stm32cube.ide.mcu.externaltools.gnu-tools-for-stm32.10.3-2021.10.win32_1.0.200.202301161003/tools/bin/../lib/gcc/arm-none-eabi/10.3.1/../../../../arm-none-eabi/lib/thumb/v7-m/nofp\libc_nano.a(lib_a-mprec.o)
                0x0000000008009114                __multadd
 .text.__s2b    0x00000000080091a0       0x94 d:/cubeide/stm32cubeide_1.9.0/stm32cubeide/plugins/com.st.stm32cube.ide.mcu.externaltools.gnu-tools-for-stm32.10.3-2021.10.win32_1.0.200.202301161003/tools/bin/../lib/gcc/arm-none-eabi/10.3.1/../../../../arm-none-eabi/lib/thumb/v7-m/nofp\libc_nano.a(lib_a-mprec.o)
                0x00000000080091a0                __s2b
 .text.__hi0bits
                0x0000000008009234       0x40 d:/cubeide/stm32cubeide_1.9.0/stm32cubeide/plugins/com.st.stm32cube.ide.mcu.externaltools.gnu-tools-for-stm32.10.3-2021.10.win32_1.0.200.202301161003/tools/bin/../lib/gcc/arm-none-eabi/10.3.1/../../../../arm-none-eabi/lib/thumb/v7-m/nofp\libc_nano.a(lib_a-mprec.o)
                0x0000000008009234                __hi0bits
 .text.__lo0bits
                0x0000000008009274       0x5a d:/cubeide/stm32cubeide_1.9.0/stm32cubeide/plugins/com.st.stm32cube.ide.mcu.externaltools.gnu-tools-for-stm32.10.3-2021.10.win32_1.0.200.202301161003/tools/bin/../lib/gcc/arm-none-eabi/10.3.1/../../../../arm-none-eabi/lib/thumb/v7-m/nofp\libc_nano.a(lib_a-mprec.o)
                0x0000000008009274                __lo0bits
 *fill*         0x00000000080092ce        0x2 
 .text.__i2b    0x00000000080092d0       0x2c d:/cubeide/stm32cubeide_1.9.0/stm32cubeide/plugins/com.st.stm32cube.ide.mcu.externaltools.gnu-tools-for-stm32.10.3-2021.10.win32_1.0.200.202301161003/tools/bin/../lib/gcc/arm-none-eabi/10.3.1/../../../../arm-none-eabi/lib/thumb/v7-m/nofp\libc_nano.a(lib_a-mprec.o)
                0x00000000080092d0                __i2b
 .text.__multiply
                0x00000000080092fc      0x150 d:/cubeide/stm32cubeide_1.9.0/stm32cubeide/plugins/com.st.stm32cube.ide.mcu.externaltools.gnu-tools-for-stm32.10.3-2021.10.win32_1.0.200.202301161003/tools/bin/../lib/gcc/arm-none-eabi/10.3.1/../../../../arm-none-eabi/lib/thumb/v7-m/nofp\libc_nano.a(lib_a-mprec.o)
                0x00000000080092fc                __multiply
 .text.__pow5mult
                0x000000000800944c       0xb4 d:/cubeide/stm32cubeide_1.9.0/stm32cubeide/plugins/com.st.stm32cube.ide.mcu.externaltools.gnu-tools-for-stm32.10.3-2021.10.win32_1.0.200.202301161003/tools/bin/../lib/gcc/arm-none-eabi/10.3.1/../../../../arm-none-eabi/lib/thumb/v7-m/nofp\libc_nano.a(lib_a-mprec.o)
                0x000000000800944c                __pow5mult
 .text.__lshift
                0x0000000008009500       0xe0 d:/cubeide/stm32cubeide_1.9.0/stm32cubeide/plugins/com.st.stm32cube.ide.mcu.externaltools.gnu-tools-for-stm32.10.3-2021.10.win32_1.0.200.202301161003/tools/bin/../lib/gcc/arm-none-eabi/10.3.1/../../../../arm-none-eabi/lib/thumb/v7-m/nofp\libc_nano.a(lib_a-mprec.o)
                0x0000000008009500                __lshift
 .text.__mcmp   0x00000000080095e0       0x36 d:/cubeide/stm32cubeide_1.9.0/stm32cubeide/plugins/com.st.stm32cube.ide.mcu.externaltools.gnu-tools-for-stm32.10.3-2021.10.win32_1.0.200.202301161003/tools/bin/../lib/gcc/arm-none-eabi/10.3.1/../../../../arm-none-eabi/lib/thumb/v7-m/nofp\libc_nano.a(lib_a-mprec.o)
                0x00000000080095e0                __mcmp
 *fill*         0x0000000008009616        0x2 
 .text.__mdiff  0x0000000008009618      0x118 d:/cubeide/stm32cubeide_1.9.0/stm32cubeide/plugins/com.st.stm32cube.ide.mcu.externaltools.gnu-tools-for-stm32.10.3-2021.10.win32_1.0.200.202301161003/tools/bin/../lib/gcc/arm-none-eabi/10.3.1/../../../../arm-none-eabi/lib/thumb/v7-m/nofp\libc_nano.a(lib_a-mprec.o)
                0x0000000008009618                __mdiff
 .text.__ulp    0x0000000008009730       0x4c d:/cubeide/stm32cubeide_1.9.0/stm32cubeide/plugins/com.st.stm32cube.ide.mcu.externaltools.gnu-tools-for-stm32.10.3-2021.10.win32_1.0.200.202301161003/tools/bin/../lib/gcc/arm-none-eabi/10.3.1/../../../../arm-none-eabi/lib/thumb/v7-m/nofp\libc_nano.a(lib_a-mprec.o)
                0x0000000008009730                __ulp
 .text.__b2d    0x000000000800977c       0xa8 d:/cubeide/stm32cubeide_1.9.0/stm32cubeide/plugins/com.st.stm32cube.ide.mcu.externaltools.gnu-tools-for-stm32.10.3-2021.10.win32_1.0.200.202301161003/tools/bin/../lib/gcc/arm-none-eabi/10.3.1/../../../../arm-none-eabi/lib/thumb/v7-m/nofp\libc_nano.a(lib_a-mprec.o)
                0x000000000800977c                __b2d
 .text.__d2b    0x0000000008009824       0xb8 d:/cubeide/stm32cubeide_1.9.0/stm32cubeide/plugins/com.st.stm32cube.ide.mcu.externaltools.gnu-tools-for-stm32.10.3-2021.10.win32_1.0.200.202301161003/tools/bin/../lib/gcc/arm-none-eabi/10.3.1/../../../../arm-none-eabi/lib/thumb/v7-m/nofp\libc_nano.a(lib_a-mprec.o)
                0x0000000008009824                __d2b
 .text.__ratio  0x00000000080098dc       0x5c d:/cubeide/stm32cubeide_1.9.0/stm32cubeide/plugins/com.st.stm32cube.ide.mcu.externaltools.gnu-tools-for-stm32.10.3-2021.10.win32_1.0.200.202301161003/tools/bin/../lib/gcc/arm-none-eabi/10.3.1/../../../../arm-none-eabi/lib/thumb/v7-m/nofp\libc_nano.a(lib_a-mprec.o)
                0x00000000080098dc                __ratio
 .text.__copybits
                0x0000000008009938       0x46 d:/cubeide/stm32cubeide_1.9.0/stm32cubeide/plugins/com.st.stm32cube.ide.mcu.externaltools.gnu-tools-for-stm32.10.3-2021.10.win32_1.0.200.202301161003/tools/bin/../lib/gcc/arm-none-eabi/10.3.1/../../../../arm-none-eabi/lib/thumb/v7-m/nofp\libc_nano.a(lib_a-mprec.o)
                0x0000000008009938                __copybits
 .text.__any_on
                0x000000000800997e       0x42 d:/cubeide/stm32cubeide_1.9.0/stm32cubeide/plugins/com.st.stm32cube.ide.mcu.externaltools.gnu-tools-for-stm32.10.3-2021.10.win32_1.0.200.202301161003/tools/bin/../lib/gcc/arm-none-eabi/10.3.1/../../../../arm-none-eabi/lib/thumb/v7-m/nofp\libc_nano.a(lib_a-mprec.o)
                0x000000000800997e                __any_on
 .text._calloc_r
                0x00000000080099c0       0x28 d:/cubeide/stm32cubeide_1.9.0/stm32cubeide/plugins/com.st.stm32cube.ide.mcu.externaltools.gnu-tools-for-stm32.10.3-2021.10.win32_1.0.200.202301161003/tools/bin/../lib/gcc/arm-none-eabi/10.3.1/../../../../arm-none-eabi/lib/thumb/v7-m/nofp\libc_nano.a(lib_a-nano-callocr.o)
                0x00000000080099c0                _calloc_r
 .text._free_r  0x00000000080099e8       0x90 d:/cubeide/stm32cubeide_1.9.0/stm32cubeide/plugins/com.st.stm32cube.ide.mcu.externaltools.gnu-tools-for-stm32.10.3-2021.10.win32_1.0.200.202301161003/tools/bin/../lib/gcc/arm-none-eabi/10.3.1/../../../../arm-none-eabi/lib/thumb/v7-m/nofp\libc_nano.a(lib_a-nano-freer.o)
                0x00000000080099e8                _free_r
 .text.sbrk_aligned
                0x0000000008009a78       0x40 d:/cubeide/stm32cubeide_1.9.0/stm32cubeide/plugins/com.st.stm32cube.ide.mcu.externaltools.gnu-tools-for-stm32.10.3-2021.10.win32_1.0.200.202301161003/tools/bin/../lib/gcc/arm-none-eabi/10.3.1/../../../../arm-none-eabi/lib/thumb/v7-m/nofp\libc_nano.a(lib_a-nano-mallocr.o)
 .text._malloc_r
                0x0000000008009ab8       0xe8 d:/cubeide/stm32cubeide_1.9.0/stm32cubeide/plugins/com.st.stm32cube.ide.mcu.externaltools.gnu-tools-for-stm32.10.3-2021.10.win32_1.0.200.202301161003/tools/bin/../lib/gcc/arm-none-eabi/10.3.1/../../../../arm-none-eabi/lib/thumb/v7-m/nofp\libc_nano.a(lib_a-nano-mallocr.o)
                0x0000000008009ab8                _malloc_r
 .text.__ssputs_r
                0x0000000008009ba0       0xb6 d:/cubeide/stm32cubeide_1.9.0/stm32cubeide/plugins/com.st.stm32cube.ide.mcu.externaltools.gnu-tools-for-stm32.10.3-2021.10.win32_1.0.200.202301161003/tools/bin/../lib/gcc/arm-none-eabi/10.3.1/../../../../arm-none-eabi/lib/thumb/v7-m/nofp\libc_nano.a(lib_a-nano-svfprintf.o)
                0x0000000008009ba0                __ssputs_r
 *fill*         0x0000000008009c56        0x2 
 .text._svfprintf_r
                0x0000000008009c58      0x200 d:/cubeide/stm32cubeide_1.9.0/stm32cubeide/plugins/com.st.stm32cube.ide.mcu.externaltools.gnu-tools-for-stm32.10.3-2021.10.win32_1.0.200.202301161003/tools/bin/../lib/gcc/arm-none-eabi/10.3.1/../../../../arm-none-eabi/lib/thumb/v7-m/nofp\libc_nano.a(lib_a-nano-svfprintf.o)
                0x0000000008009c58                _svfiprintf_r
                0x0000000008009c58                _svfprintf_r
 .text.nan      0x0000000008009e58        0xc d:/cubeide/stm32cubeide_1.9.0/stm32cubeide/plugins/com.st.stm32cube.ide.mcu.externaltools.gnu-tools-for-stm32.10.3-2021.10.win32_1.0.200.202301161003/tools/bin/../lib/gcc/arm-none-eabi/10.3.1/../../../../arm-none-eabi/lib/thumb/v7-m/nofp\libc_nano.a(lib_a-s_nan.o)
                0x0000000008009e58                nan
 .text._sbrk_r  0x0000000008009e64       0x20 d:/cubeide/stm32cubeide_1.9.0/stm32cubeide/plugins/com.st.stm32cube.ide.mcu.externaltools.gnu-tools-for-stm32.10.3-2021.10.win32_1.0.200.202301161003/tools/bin/../lib/gcc/arm-none-eabi/10.3.1/../../../../arm-none-eabi/lib/thumb/v7-m/nofp\libc_nano.a(lib_a-sbrkr.o)
                0x0000000008009e64                _sbrk_r
 .text.strncmp  0x0000000008009e84       0x28 d:/cubeide/stm32cubeide_1.9.0/stm32cubeide/plugins/com.st.stm32cube.ide.mcu.externaltools.gnu-tools-for-stm32.10.3-2021.10.win32_1.0.200.202301161003/tools/bin/../lib/gcc/arm-none-eabi/10.3.1/../../../../arm-none-eabi/lib/thumb/v7-m/nofp\libc_nano.a(lib_a-strncmp.o)
                0x0000000008009e84                strncmp
 .text.__ascii_wctomb
                0x0000000008009eac       0x1a d:/cubeide/stm32cubeide_1.9.0/stm32cubeide/plugins/com.st.stm32cube.ide.mcu.externaltools.gnu-tools-for-stm32.10.3-2021.10.win32_1.0.200.202301161003/tools/bin/../lib/gcc/arm-none-eabi/10.3.1/../../../../arm-none-eabi/lib/thumb/v7-m/nofp\libc_nano.a(lib_a-wctomb_r.o)
                0x0000000008009eac                __ascii_wctomb
 *fill*         0x0000000008009ec6        0x2 
 .text.__assert_func
                0x0000000008009ec8       0x3c d:/cubeide/stm32cubeide_1.9.0/stm32cubeide/plugins/com.st.stm32cube.ide.mcu.externaltools.gnu-tools-for-stm32.10.3-2021.10.win32_1.0.200.202301161003/tools/bin/../lib/gcc/arm-none-eabi/10.3.1/../../../../arm-none-eabi/lib/thumb/v7-m/nofp\libc_nano.a(lib_a-assert.o)
                0x0000000008009ec8                __assert_func
 .text.fprintf  0x0000000008009f04       0x24 d:/cubeide/stm32cubeide_1.9.0/stm32cubeide/plugins/com.st.stm32cube.ide.mcu.externaltools.gnu-tools-for-stm32.10.3-2021.10.win32_1.0.200.202301161003/tools/bin/../lib/gcc/arm-none-eabi/10.3.1/../../../../arm-none-eabi/lib/thumb/v7-m/nofp\libc_nano.a(lib_a-fprintf.o)
                0x0000000008009f04                fiprintf
                0x0000000008009f04                fprintf
 .text.memmove  0x0000000008009f28       0x34 d:/cubeide/stm32cubeide_1.9.0/stm32cubeide/plugins/com.st.stm32cube.ide.mcu.externaltools.gnu-tools-for-stm32.10.3-2021.10.win32_1.0.200.202301161003/tools/bin/../lib/gcc/arm-none-eabi/10.3.1/../../../../arm-none-eabi/lib/thumb/v7-m/nofp\libc_nano.a(lib_a-memmove.o)
                0x0000000008009f28                memmove
 .text.__malloc_lock
                0x0000000008009f5c        0xc d:/cubeide/stm32cubeide_1.9.0/stm32cubeide/plugins/com.st.stm32cube.ide.mcu.externaltools.gnu-tools-for-stm32.10.3-2021.10.win32_1.0.200.202301161003/tools/bin/../lib/gcc/arm-none-eabi/10.3.1/../../../../arm-none-eabi/lib/thumb/v7-m/nofp\libc_nano.a(lib_a-mlock.o)
                0x0000000008009f5c                __malloc_lock
 .text.__malloc_unlock
                0x0000000008009f68        0xc d:/cubeide/stm32cubeide_1.9.0/stm32cubeide/plugins/com.st.stm32cube.ide.mcu.externaltools.gnu-tools-for-stm32.10.3-2021.10.win32_1.0.200.202301161003/tools/bin/../lib/gcc/arm-none-eabi/10.3.1/../../../../arm-none-eabi/lib/thumb/v7-m/nofp\libc_nano.a(lib_a-mlock.o)
                0x0000000008009f68                __malloc_unlock
 .text._realloc_r
                0x0000000008009f74       0x5e d:/cubeide/stm32cubeide_1.9.0/stm32cubeide/plugins/com.st.stm32cube.ide.mcu.externaltools.gnu-tools-for-stm32.10.3-2021.10.win32_1.0.200.202301161003/tools/bin/../lib/gcc/arm-none-eabi/10.3.1/../../../../arm-none-eabi/lib/thumb/v7-m/nofp\libc_nano.a(lib_a-nano-reallocr.o)
                0x0000000008009f74                _realloc_r
 .text.__sfputc_r
                0x0000000008009fd2       0x2a d:/cubeide/stm32cubeide_1.9.0/stm32cubeide/plugins/com.st.stm32cube.ide.mcu.externaltools.gnu-tools-for-stm32.10.3-2021.10.win32_1.0.200.202301161003/tools/bin/../lib/gcc/arm-none-eabi/10.3.1/../../../../arm-none-eabi/lib/thumb/v7-m/nofp\libc_nano.a(lib_a-nano-vfprintf.o)
 .text.__sfputs_r
                0x0000000008009ffc       0x24 d:/cubeide/stm32cubeide_1.9.0/stm32cubeide/plugins/com.st.stm32cube.ide.mcu.externaltools.gnu-tools-for-stm32.10.3-2021.10.win32_1.0.200.202301161003/tools/bin/../lib/gcc/arm-none-eabi/10.3.1/../../../../arm-none-eabi/lib/thumb/v7-m/nofp\libc_nano.a(lib_a-nano-vfprintf.o)
                0x0000000008009ffc                __sfputs_r
 .text._vfprintf_r
                0x000000000800a020      0x260 d:/cubeide/stm32cubeide_1.9.0/stm32cubeide/plugins/com.st.stm32cube.ide.mcu.externaltools.gnu-tools-for-stm32.10.3-2021.10.win32_1.0.200.202301161003/tools/bin/../lib/gcc/arm-none-eabi/10.3.1/../../../../arm-none-eabi/lib/thumb/v7-m/nofp\libc_nano.a(lib_a-nano-vfprintf.o)
                0x000000000800a020                _vfprintf_r
                0x000000000800a020                _vfiprintf_r
 .text.__swbuf_r
                0x000000000800a280       0xa4 d:/cubeide/stm32cubeide_1.9.0/stm32cubeide/plugins/com.st.stm32cube.ide.mcu.externaltools.gnu-tools-for-stm32.10.3-2021.10.win32_1.0.200.202301161003/tools/bin/../lib/gcc/arm-none-eabi/10.3.1/../../../../arm-none-eabi/lib/thumb/v7-m/nofp\libc_nano.a(lib_a-wbuf.o)
                0x000000000800a280                __swbuf_r
 .text.__swsetup_r
                0x000000000800a324       0xdc d:/cubeide/stm32cubeide_1.9.0/stm32cubeide/plugins/com.st.stm32cube.ide.mcu.externaltools.gnu-tools-for-stm32.10.3-2021.10.win32_1.0.200.202301161003/tools/bin/../lib/gcc/arm-none-eabi/10.3.1/../../../../arm-none-eabi/lib/thumb/v7-m/nofp\libc_nano.a(lib_a-wsetup.o)
                0x000000000800a324                __swsetup_r
 .text.abort    0x000000000800a400        0xe d:/cubeide/stm32cubeide_1.9.0/stm32cubeide/plugins/com.st.stm32cube.ide.mcu.externaltools.gnu-tools-for-stm32.10.3-2021.10.win32_1.0.200.202301161003/tools/bin/../lib/gcc/arm-none-eabi/10.3.1/../../../../arm-none-eabi/lib/thumb/v7-m/nofp\libc_nano.a(lib_a-abort.o)
                0x000000000800a400                abort
 *fill*         0x000000000800a40e        0x2 
 .text.__sflush_r
                0x000000000800a410      0x104 d:/cubeide/stm32cubeide_1.9.0/stm32cubeide/plugins/com.st.stm32cube.ide.mcu.externaltools.gnu-tools-for-stm32.10.3-2021.10.win32_1.0.200.202301161003/tools/bin/../lib/gcc/arm-none-eabi/10.3.1/../../../../arm-none-eabi/lib/thumb/v7-m/nofp\libc_nano.a(lib_a-fflush.o)
                0x000000000800a410                __sflush_r
 .text._fflush_r
                0x000000000800a514       0x78 d:/cubeide/stm32cubeide_1.9.0/stm32cubeide/plugins/com.st.stm32cube.ide.mcu.externaltools.gnu-tools-for-stm32.10.3-2021.10.win32_1.0.200.202301161003/tools/bin/../lib/gcc/arm-none-eabi/10.3.1/../../../../arm-none-eabi/lib/thumb/v7-m/nofp\libc_nano.a(lib_a-fflush.o)
                0x000000000800a514                _fflush_r
 .text.std      0x000000000800a58c       0x48 d:/cubeide/stm32cubeide_1.9.0/stm32cubeide/plugins/com.st.stm32cube.ide.mcu.externaltools.gnu-tools-for-stm32.10.3-2021.10.win32_1.0.200.202301161003/tools/bin/../lib/gcc/arm-none-eabi/10.3.1/../../../../arm-none-eabi/lib/thumb/v7-m/nofp\libc_nano.a(lib_a-findfp.o)
 .text._cleanup_r
                0x000000000800a5d4        0xc d:/cubeide/stm32cubeide_1.9.0/stm32cubeide/plugins/com.st.stm32cube.ide.mcu.externaltools.gnu-tools-for-stm32.10.3-2021.10.win32_1.0.200.202301161003/tools/bin/../lib/gcc/arm-none-eabi/10.3.1/../../../../arm-none-eabi/lib/thumb/v7-m/nofp\libc_nano.a(lib_a-findfp.o)
                0x000000000800a5d4                _cleanup_r
 .text.__sfmoreglue
                0x000000000800a5e0       0x2c d:/cubeide/stm32cubeide_1.9.0/stm32cubeide/plugins/com.st.stm32cube.ide.mcu.externaltools.gnu-tools-for-stm32.10.3-2021.10.win32_1.0.200.202301161003/tools/bin/../lib/gcc/arm-none-eabi/10.3.1/../../../../arm-none-eabi/lib/thumb/v7-m/nofp\libc_nano.a(lib_a-findfp.o)
                0x000000000800a5e0                __sfmoreglue
 .text.__sfp_lock_acquire
                0x000000000800a60c        0xc d:/cubeide/stm32cubeide_1.9.0/stm32cubeide/plugins/com.st.stm32cube.ide.mcu.externaltools.gnu-tools-for-stm32.10.3-2021.10.win32_1.0.200.202301161003/tools/bin/../lib/gcc/arm-none-eabi/10.3.1/../../../../arm-none-eabi/lib/thumb/v7-m/nofp\libc_nano.a(lib_a-findfp.o)
                0x000000000800a60c                __sfp_lock_acquire
 .text.__sfp_lock_release
                0x000000000800a618        0xc d:/cubeide/stm32cubeide_1.9.0/stm32cubeide/plugins/com.st.stm32cube.ide.mcu.externaltools.gnu-tools-for-stm32.10.3-2021.10.win32_1.0.200.202301161003/tools/bin/../lib/gcc/arm-none-eabi/10.3.1/../../../../arm-none-eabi/lib/thumb/v7-m/nofp\libc_nano.a(lib_a-findfp.o)
                0x000000000800a618                __sfp_lock_release
 .text.__sinit_lock_acquire
                0x000000000800a624        0xc d:/cubeide/stm32cubeide_1.9.0/stm32cubeide/plugins/com.st.stm32cube.ide.mcu.externaltools.gnu-tools-for-stm32.10.3-2021.10.win32_1.0.200.202301161003/tools/bin/../lib/gcc/arm-none-eabi/10.3.1/../../../../arm-none-eabi/lib/thumb/v7-m/nofp\libc_nano.a(lib_a-findfp.o)
                0x000000000800a624                __sinit_lock_acquire
 .text.__sinit_lock_release
                0x000000000800a630        0xc d:/cubeide/stm32cubeide_1.9.0/stm32cubeide/plugins/com.st.stm32cube.ide.mcu.externaltools.gnu-tools-for-stm32.10.3-2021.10.win32_1.0.200.202301161003/tools/bin/../lib/gcc/arm-none-eabi/10.3.1/../../../../arm-none-eabi/lib/thumb/v7-m/nofp\libc_nano.a(lib_a-findfp.o)
                0x000000000800a630                __sinit_lock_release
 .text.__sinit  0x000000000800a63c       0x70 d:/cubeide/stm32cubeide_1.9.0/stm32cubeide/plugins/com.st.stm32cube.ide.mcu.externaltools.gnu-tools-for-stm32.10.3-2021.10.win32_1.0.200.202301161003/tools/bin/../lib/gcc/arm-none-eabi/10.3.1/../../../../arm-none-eabi/lib/thumb/v7-m/nofp\libc_nano.a(lib_a-findfp.o)
                0x000000000800a63c                __sinit
 .text.__sfp    0x000000000800a6ac       0x8c d:/cubeide/stm32cubeide_1.9.0/stm32cubeide/plugins/com.st.stm32cube.ide.mcu.externaltools.gnu-tools-for-stm32.10.3-2021.10.win32_1.0.200.202301161003/tools/bin/../lib/gcc/arm-none-eabi/10.3.1/../../../../arm-none-eabi/lib/thumb/v7-m/nofp\libc_nano.a(lib_a-findfp.o)
                0x000000000800a6ac                __sfp
 .text._fwalk_reent
                0x000000000800a738       0x3e d:/cubeide/stm32cubeide_1.9.0/stm32cubeide/plugins/com.st.stm32cube.ide.mcu.externaltools.gnu-tools-for-stm32.10.3-2021.10.win32_1.0.200.202301161003/tools/bin/../lib/gcc/arm-none-eabi/10.3.1/../../../../arm-none-eabi/lib/thumb/v7-m/nofp\libc_nano.a(lib_a-fwalk.o)
                0x000000000800a738                _fwalk_reent
 .text.__retarget_lock_init_recursive
                0x000000000800a776        0x2 d:/cubeide/stm32cubeide_1.9.0/stm32cubeide/plugins/com.st.stm32cube.ide.mcu.externaltools.gnu-tools-for-stm32.10.3-2021.10.win32_1.0.200.202301161003/tools/bin/../lib/gcc/arm-none-eabi/10.3.1/../../../../arm-none-eabi/lib/thumb/v7-m/nofp\libc_nano.a(lib_a-lock.o)
                0x000000000800a776                __retarget_lock_init_recursive
 .text.__retarget_lock_acquire_recursive
                0x000000000800a778        0x2 d:/cubeide/stm32cubeide_1.9.0/stm32cubeide/plugins/com.st.stm32cube.ide.mcu.externaltools.gnu-tools-for-stm32.10.3-2021.10.win32_1.0.200.202301161003/tools/bin/../lib/gcc/arm-none-eabi/10.3.1/../../../../arm-none-eabi/lib/thumb/v7-m/nofp\libc_nano.a(lib_a-lock.o)
                0x000000000800a778                __retarget_lock_acquire_recursive
 .text.__retarget_lock_release_recursive
                0x000000000800a77a        0x2 d:/cubeide/stm32cubeide_1.9.0/stm32cubeide/plugins/com.st.stm32cube.ide.mcu.externaltools.gnu-tools-for-stm32.10.3-2021.10.win32_1.0.200.202301161003/tools/bin/../lib/gcc/arm-none-eabi/10.3.1/../../../../arm-none-eabi/lib/thumb/v7-m/nofp\libc_nano.a(lib_a-lock.o)
                0x000000000800a77a                __retarget_lock_release_recursive
 .text.__swhatbuf_r
                0x000000000800a77c       0x4a d:/cubeide/stm32cubeide_1.9.0/stm32cubeide/plugins/com.st.stm32cube.ide.mcu.externaltools.gnu-tools-for-stm32.10.3-2021.10.win32_1.0.200.202301161003/tools/bin/../lib/gcc/arm-none-eabi/10.3.1/../../../../arm-none-eabi/lib/thumb/v7-m/nofp\libc_nano.a(lib_a-makebuf.o)
                0x000000000800a77c                __swhatbuf_r
 *fill*         0x000000000800a7c6        0x2 
 .text.__smakebuf_r
                0x000000000800a7c8       0x80 d:/cubeide/stm32cubeide_1.9.0/stm32cubeide/plugins/com.st.stm32cube.ide.mcu.externaltools.gnu-tools-for-stm32.10.3-2021.10.win32_1.0.200.202301161003/tools/bin/../lib/gcc/arm-none-eabi/10.3.1/../../../../arm-none-eabi/lib/thumb/v7-m/nofp\libc_nano.a(lib_a-makebuf.o)
                0x000000000800a7c8                __smakebuf_r
 .text._malloc_usable_size_r
                0x000000000800a848       0x10 d:/cubeide/stm32cubeide_1.9.0/stm32cubeide/plugins/com.st.stm32cube.ide.mcu.externaltools.gnu-tools-for-stm32.10.3-2021.10.win32_1.0.200.202301161003/tools/bin/../lib/gcc/arm-none-eabi/10.3.1/../../../../arm-none-eabi/lib/thumb/v7-m/nofp\libc_nano.a(lib_a-nano-msizer.o)
                0x000000000800a848                _malloc_usable_size_r
 .text._raise_r
                0x000000000800a858       0x50 d:/cubeide/stm32cubeide_1.9.0/stm32cubeide/plugins/com.st.stm32cube.ide.mcu.externaltools.gnu-tools-for-stm32.10.3-2021.10.win32_1.0.200.202301161003/tools/bin/../lib/gcc/arm-none-eabi/10.3.1/../../../../arm-none-eabi/lib/thumb/v7-m/nofp\libc_nano.a(lib_a-signal.o)
                0x000000000800a858                _raise_r
 .text.raise    0x000000000800a8a8       0x10 d:/cubeide/stm32cubeide_1.9.0/stm32cubeide/plugins/com.st.stm32cube.ide.mcu.externaltools.gnu-tools-for-stm32.10.3-2021.10.win32_1.0.200.202301161003/tools/bin/../lib/gcc/arm-none-eabi/10.3.1/../../../../arm-none-eabi/lib/thumb/v7-m/nofp\libc_nano.a(lib_a-signal.o)
                0x000000000800a8a8                raise
 .text._kill_r  0x000000000800a8b8       0x24 d:/cubeide/stm32cubeide_1.9.0/stm32cubeide/plugins/com.st.stm32cube.ide.mcu.externaltools.gnu-tools-for-stm32.10.3-2021.10.win32_1.0.200.202301161003/tools/bin/../lib/gcc/arm-none-eabi/10.3.1/../../../../arm-none-eabi/lib/thumb/v7-m/nofp\libc_nano.a(lib_a-signalr.o)
                0x000000000800a8b8                _kill_r
 .text._getpid_r
                0x000000000800a8dc        0x4 d:/cubeide/stm32cubeide_1.9.0/stm32cubeide/plugins/com.st.stm32cube.ide.mcu.externaltools.gnu-tools-for-stm32.10.3-2021.10.win32_1.0.200.202301161003/tools/bin/../lib/gcc/arm-none-eabi/10.3.1/../../../../arm-none-eabi/lib/thumb/v7-m/nofp\libc_nano.a(lib_a-signalr.o)
                0x000000000800a8dc                _getpid_r
 .text.__sread  0x000000000800a8e0       0x22 d:/cubeide/stm32cubeide_1.9.0/stm32cubeide/plugins/com.st.stm32cube.ide.mcu.externaltools.gnu-tools-for-stm32.10.3-2021.10.win32_1.0.200.202301161003/tools/bin/../lib/gcc/arm-none-eabi/10.3.1/../../../../arm-none-eabi/lib/thumb/v7-m/nofp\libc_nano.a(lib_a-stdio.o)
                0x000000000800a8e0                __sread
 .text.__swrite
                0x000000000800a902       0x38 d:/cubeide/stm32cubeide_1.9.0/stm32cubeide/plugins/com.st.stm32cube.ide.mcu.externaltools.gnu-tools-for-stm32.10.3-2021.10.win32_1.0.200.202301161003/tools/bin/../lib/gcc/arm-none-eabi/10.3.1/../../../../arm-none-eabi/lib/thumb/v7-m/nofp\libc_nano.a(lib_a-stdio.o)
                0x000000000800a902                __swrite
 .text.__sseek  0x000000000800a93a       0x24 d:/cubeide/stm32cubeide_1.9.0/stm32cubeide/plugins/com.st.stm32cube.ide.mcu.externaltools.gnu-tools-for-stm32.10.3-2021.10.win32_1.0.200.202301161003/tools/bin/../lib/gcc/arm-none-eabi/10.3.1/../../../../arm-none-eabi/lib/thumb/v7-m/nofp\libc_nano.a(lib_a-stdio.o)
                0x000000000800a93a                __sseek
 .text.__sclose
                0x000000000800a95e        0x8 d:/cubeide/stm32cubeide_1.9.0/stm32cubeide/plugins/com.st.stm32cube.ide.mcu.externaltools.gnu-tools-for-stm32.10.3-2021.10.win32_1.0.200.202301161003/tools/bin/../lib/gcc/arm-none-eabi/10.3.1/../../../../arm-none-eabi/lib/thumb/v7-m/nofp\libc_nano.a(lib_a-stdio.o)
                0x000000000800a95e                __sclose
 *fill*         0x000000000800a966        0x2 
 .text._write_r
                0x000000000800a968       0x24 d:/cubeide/stm32cubeide_1.9.0/stm32cubeide/plugins/com.st.stm32cube.ide.mcu.externaltools.gnu-tools-for-stm32.10.3-2021.10.win32_1.0.200.202301161003/tools/bin/../lib/gcc/arm-none-eabi/10.3.1/../../../../arm-none-eabi/lib/thumb/v7-m/nofp\libc_nano.a(lib_a-writer.o)
                0x000000000800a968                _write_r
 .text._close_r
                0x000000000800a98c       0x20 d:/cubeide/stm32cubeide_1.9.0/stm32cubeide/plugins/com.st.stm32cube.ide.mcu.externaltools.gnu-tools-for-stm32.10.3-2021.10.win32_1.0.200.202301161003/tools/bin/../lib/gcc/arm-none-eabi/10.3.1/../../../../arm-none-eabi/lib/thumb/v7-m/nofp\libc_nano.a(lib_a-closer.o)
                0x000000000800a98c                _close_r
 .text._fstat_r
                0x000000000800a9ac       0x24 d:/cubeide/stm32cubeide_1.9.0/stm32cubeide/plugins/com.st.stm32cube.ide.mcu.externaltools.gnu-tools-for-stm32.10.3-2021.10.win32_1.0.200.202301161003/tools/bin/../lib/gcc/arm-none-eabi/10.3.1/../../../../arm-none-eabi/lib/thumb/v7-m/nofp\libc_nano.a(lib_a-fstatr.o)
                0x000000000800a9ac                _fstat_r
 .text._isatty_r
                0x000000000800a9d0       0x20 d:/cubeide/stm32cubeide_1.9.0/stm32cubeide/plugins/com.st.stm32cube.ide.mcu.externaltools.gnu-tools-for-stm32.10.3-2021.10.win32_1.0.200.202301161003/tools/bin/../lib/gcc/arm-none-eabi/10.3.1/../../../../arm-none-eabi/lib/thumb/v7-m/nofp\libc_nano.a(lib_a-isattyr.o)
                0x000000000800a9d0                _isatty_r
 .text._lseek_r
                0x000000000800a9f0       0x24 d:/cubeide/stm32cubeide_1.9.0/stm32cubeide/plugins/com.st.stm32cube.ide.mcu.externaltools.gnu-tools-for-stm32.10.3-2021.10.win32_1.0.200.202301161003/tools/bin/../lib/gcc/arm-none-eabi/10.3.1/../../../../arm-none-eabi/lib/thumb/v7-m/nofp\libc_nano.a(lib_a-lseekr.o)
                0x000000000800a9f0                _lseek_r
 .text._read_r  0x000000000800aa14       0x24 d:/cubeide/stm32cubeide_1.9.0/stm32cubeide/plugins/com.st.stm32cube.ide.mcu.externaltools.gnu-tools-for-stm32.10.3-2021.10.win32_1.0.200.202301161003/tools/bin/../lib/gcc/arm-none-eabi/10.3.1/../../../../arm-none-eabi/lib/thumb/v7-m/nofp\libc_nano.a(lib_a-readr.o)
                0x000000000800aa14                _read_r
 .text.log10f   0x000000000800aa38       0x50 d:/cubeide/stm32cubeide_1.9.0/stm32cubeide/plugins/com.st.stm32cube.ide.mcu.externaltools.gnu-tools-for-stm32.10.3-2021.10.win32_1.0.200.202301161003/tools/bin/../lib/gcc/arm-none-eabi/10.3.1/../../../../arm-none-eabi/lib/thumb/v7-m/nofp\libm.a(lib_a-wf_log10.o)
                0x000000000800aa38                log10f
 .text.__ieee754_log10f
                0x000000000800aa88       0xa4 d:/cubeide/stm32cubeide_1.9.0/stm32cubeide/plugins/com.st.stm32cube.ide.mcu.externaltools.gnu-tools-for-stm32.10.3-2021.10.win32_1.0.200.202301161003/tools/bin/../lib/gcc/arm-none-eabi/10.3.1/../../../../arm-none-eabi/lib/thumb/v7-m/nofp\libm.a(lib_a-ef_log10.o)
                0x000000000800aa88                __ieee754_log10f
 .text.__ieee754_logf
                0x000000000800ab2c      0x248 d:/cubeide/stm32cubeide_1.9.0/stm32cubeide/plugins/com.st.stm32cube.ide.mcu.externaltools.gnu-tools-for-stm32.10.3-2021.10.win32_1.0.200.202301161003/tools/bin/../lib/gcc/arm-none-eabi/10.3.1/../../../../arm-none-eabi/lib/thumb/v7-m/nofp\libm.a(lib_a-ef_log.o)
                0x000000000800ab2c                __ieee754_logf
 *(.glue_7)
 .glue_7        0x000000000800ad74        0x0 linker stubs
 *(.glue_7t)
 .glue_7t       0x000000000800ad74        0x0 linker stubs
 *(.eh_frame)
 .eh_frame      0x000000000800ad74        0x0 d:/cubeide/stm32cubeide_1.9.0/stm32cubeide/plugins/com.st.stm32cube.ide.mcu.externaltools.gnu-tools-for-stm32.10.3-2021.10.win32_1.0.200.202301161003/tools/bin/../lib/gcc/arm-none-eabi/10.3.1/thumb/v7-m/nofp/crtbegin.o
 *(.init)
 .init          0x000000000800ad74        0x4 d:/cubeide/stm32cubeide_1.9.0/stm32cubeide/plugins/com.st.stm32cube.ide.mcu.externaltools.gnu-tools-for-stm32.10.3-2021.10.win32_1.0.200.202301161003/tools/bin/../lib/gcc/arm-none-eabi/10.3.1/thumb/v7-m/nofp/crti.o
                0x000000000800ad74                _init
 .init          0x000000000800ad78        0x8 d:/cubeide/stm32cubeide_1.9.0/stm32cubeide/plugins/com.st.stm32cube.ide.mcu.externaltools.gnu-tools-for-stm32.10.3-2021.10.win32_1.0.200.202301161003/tools/bin/../lib/gcc/arm-none-eabi/10.3.1/thumb/v7-m/nofp/crtn.o
 *(.fini)
 .fini          0x000000000800ad80        0x4 d:/cubeide/stm32cubeide_1.9.0/stm32cubeide/plugins/com.st.stm32cube.ide.mcu.externaltools.gnu-tools-for-stm32.10.3-2021.10.win32_1.0.200.202301161003/tools/bin/../lib/gcc/arm-none-eabi/10.3.1/thumb/v7-m/nofp/crti.o
                0x000000000800ad80                _fini
 .fini          0x000000000800ad84        0x8 d:/cubeide/stm32cubeide_1.9.0/stm32cubeide/plugins/com.st.stm32cube.ide.mcu.externaltools.gnu-tools-for-stm32.10.3-2021.10.win32_1.0.200.202301161003/tools/bin/../lib/gcc/arm-none-eabi/10.3.1/thumb/v7-m/nofp/crtn.o
                0x000000000800ad8c                . = ALIGN (0x4)
                0x000000000800ad8c                _etext = .

.vfp11_veneer   0x000000000800ad8c        0x0
 .vfp11_veneer  0x000000000800ad8c        0x0 linker stubs

.v4_bx          0x000000000800ad8c        0x0
 .v4_bx         0x000000000800ad8c        0x0 linker stubs

.iplt           0x000000000800ad8c        0x0
 .iplt          0x000000000800ad8c        0x0 d:/cubeide/stm32cubeide_1.9.0/stm32cubeide/plugins/com.st.stm32cube.ide.mcu.externaltools.gnu-tools-for-stm32.10.3-2021.10.win32_1.0.200.202301161003/tools/bin/../lib/gcc/arm-none-eabi/10.3.1/thumb/v7-m/nofp/crtbegin.o

.rodata         0x000000000800ad90      0x5fc
                0x000000000800ad90                . = ALIGN (0x4)
 *(.rodata)
 .rodata        0x000000000800ad90       0xd5 ./Core/Src/main.o
 *(.rodata*)
 *fill*         0x000000000800ae65        0x3 
 .rodata.AHBPrescTable
                0x000000000800ae68       0x10 ./Core/Src/system_stm32f1xx.o
                0x000000000800ae68                AHBPrescTable
 .rodata.APBPrescTable
                0x000000000800ae78        0x8 ./Core/Src/system_stm32f1xx.o
                0x000000000800ae78                APBPrescTable
 .rodata.BIAS_500_16
                0x000000000800ae80       0x12 ./Core/User/decawave/dw_api.o
 *fill*         0x000000000800ae92        0x2 
 .rodata.BIAS_500_64
                0x000000000800ae94       0x12 ./Core/User/decawave/dw_api.o
 *fill*         0x000000000800aea6        0x2 
 .rodata.BIAS_900_16
                0x000000000800aea8       0x12 ./Core/User/decawave/dw_api.o
 *fill*         0x000000000800aeba        0x2 
 .rodata.BIAS_900_64
                0x000000000800aebc       0x12 ./Core/User/decawave/dw_api.o
 *fill*         0x000000000800aece        0x2 
 .rodata.aPLLMULFactorTable.1
                0x000000000800aed0       0x10 ./Drivers/STM32F1xx_HAL_Driver/Src/stm32f1xx_hal_rcc.o
 .rodata.aPredivFactorTable.0
                0x000000000800aee0        0x2 ./Drivers/STM32F1xx_HAL_Driver/Src/stm32f1xx_hal_rcc.o
 *fill*         0x000000000800aee2        0x2 
 .rodata._global_impure_ptr
                0x000000000800aee4        0x4 d:/cubeide/stm32cubeide_1.9.0/stm32cubeide/plugins/com.st.stm32cube.ide.mcu.externaltools.gnu-tools-for-stm32.10.3-2021.10.win32_1.0.200.202301161003/tools/bin/../lib/gcc/arm-none-eabi/10.3.1/../../../../arm-none-eabi/lib/thumb/v7-m/nofp\libc_nano.a(lib_a-impure.o)
                0x000000000800aee4                _global_impure_ptr
 .rodata._printf_float.str1.1
                0x000000000800aee8       0x12 d:/cubeide/stm32cubeide_1.9.0/stm32cubeide/plugins/com.st.stm32cube.ide.mcu.externaltools.gnu-tools-for-stm32.10.3-2021.10.win32_1.0.200.202301161003/tools/bin/../lib/gcc/arm-none-eabi/10.3.1/../../../../arm-none-eabi/lib/thumb/v7-m/nofp\libc_nano.a(lib_a-nano-vfprintf_float.o)
 .rodata._printf_i.str1.1
                0x000000000800aefa       0x22 d:/cubeide/stm32cubeide_1.9.0/stm32cubeide/plugins/com.st.stm32cube.ide.mcu.externaltools.gnu-tools-for-stm32.10.3-2021.10.win32_1.0.200.202301161003/tools/bin/../lib/gcc/arm-none-eabi/10.3.1/../../../../arm-none-eabi/lib/thumb/v7-m/nofp\libc_nano.a(lib_a-nano-vfprintf_i.o)
 .rodata._scanf_float.str1.1
                0x000000000800af1c        0x5 d:/cubeide/stm32cubeide_1.9.0/stm32cubeide/plugins/com.st.stm32cube.ide.mcu.externaltools.gnu-tools-for-stm32.10.3-2021.10.win32_1.0.200.202301161003/tools/bin/../lib/gcc/arm-none-eabi/10.3.1/../../../../arm-none-eabi/lib/thumb/v7-m/nofp\libc_nano.a(lib_a-nano-vfscanf_float.o)
                                          0x6 (size before relaxing)
 .rodata._strtod_l.str1.1
                0x000000000800af21        0x5 d:/cubeide/stm32cubeide_1.9.0/stm32cubeide/plugins/com.st.stm32cube.ide.mcu.externaltools.gnu-tools-for-stm32.10.3-2021.10.win32_1.0.200.202301161003/tools/bin/../lib/gcc/arm-none-eabi/10.3.1/../../../../arm-none-eabi/lib/thumb/v7-m/nofp\libc_nano.a(lib_a-strtod.o)
                                          0xd (size before relaxing)
 *fill*         0x000000000800af21        0x3 
 .rodata.fpi.1  0x000000000800af24       0x14 d:/cubeide/stm32cubeide_1.9.0/stm32cubeide/plugins/com.st.stm32cube.ide.mcu.externaltools.gnu-tools-for-stm32.10.3-2021.10.win32_1.0.200.202301161003/tools/bin/../lib/gcc/arm-none-eabi/10.3.1/../../../../arm-none-eabi/lib/thumb/v7-m/nofp\libc_nano.a(lib_a-strtod.o)
 .rodata.fpinan.0
                0x000000000800af38       0x14 d:/cubeide/stm32cubeide_1.9.0/stm32cubeide/plugins/com.st.stm32cube.ide.mcu.externaltools.gnu-tools-for-stm32.10.3-2021.10.win32_1.0.200.202301161003/tools/bin/../lib/gcc/arm-none-eabi/10.3.1/../../../../arm-none-eabi/lib/thumb/v7-m/nofp\libc_nano.a(lib_a-strtod.o)
 *fill*         0x000000000800af4c        0x4 
 .rodata.tinytens
                0x000000000800af50       0x28 d:/cubeide/stm32cubeide_1.9.0/stm32cubeide/plugins/com.st.stm32cube.ide.mcu.externaltools.gnu-tools-for-stm32.10.3-2021.10.win32_1.0.200.202301161003/tools/bin/../lib/gcc/arm-none-eabi/10.3.1/../../../../arm-none-eabi/lib/thumb/v7-m/nofp\libc_nano.a(lib_a-strtod.o)
 .rodata._ctype_
                0x000000000800af78      0x101 d:/cubeide/stm32cubeide_1.9.0/stm32cubeide/plugins/com.st.stm32cube.ide.mcu.externaltools.gnu-tools-for-stm32.10.3-2021.10.win32_1.0.200.202301161003/tools/bin/../lib/gcc/arm-none-eabi/10.3.1/../../../../arm-none-eabi/lib/thumb/v7-m/nofp\libc_nano.a(lib_a-ctype_.o)
                0x000000000800af78                _ctype_
 .rodata._dtoa_r.str1.1
                0x000000000800b079       0x90 d:/cubeide/stm32cubeide_1.9.0/stm32cubeide/plugins/com.st.stm32cube.ide.mcu.externaltools.gnu-tools-for-stm32.10.3-2021.10.win32_1.0.200.202301161003/tools/bin/../lib/gcc/arm-none-eabi/10.3.1/../../../../arm-none-eabi/lib/thumb/v7-m/nofp\libc_nano.a(lib_a-dtoa.o)
                                         0x92 (size before relaxing)
 .rodata.__gethex.str1.1
                0x000000000800b109       0x63 d:/cubeide/stm32cubeide_1.9.0/stm32cubeide/plugins/com.st.stm32cube.ide.mcu.externaltools.gnu-tools-for-stm32.10.3-2021.10.win32_1.0.200.202301161003/tools/bin/../lib/gcc/arm-none-eabi/10.3.1/../../../../arm-none-eabi/lib/thumb/v7-m/nofp\libc_nano.a(lib_a-gdtoa-gethex.o)
                                         0x74 (size before relaxing)
 .rodata.str1.1
                0x000000000800b16c        0x2 d:/cubeide/stm32cubeide_1.9.0/stm32cubeide/plugins/com.st.stm32cube.ide.mcu.externaltools.gnu-tools-for-stm32.10.3-2021.10.win32_1.0.200.202301161003/tools/bin/../lib/gcc/arm-none-eabi/10.3.1/../../../../arm-none-eabi/lib/thumb/v7-m/nofp\libc_nano.a(lib_a-lnumeric.o)
                                          0x3 (size before relaxing)
 *fill*         0x000000000800b16e        0x2 
 .rodata._C_numeric_locale
                0x000000000800b170        0xc d:/cubeide/stm32cubeide_1.9.0/stm32cubeide/plugins/com.st.stm32cube.ide.mcu.externaltools.gnu-tools-for-stm32.10.3-2021.10.win32_1.0.200.202301161003/tools/bin/../lib/gcc/arm-none-eabi/10.3.1/../../../../arm-none-eabi/lib/thumb/v7-m/nofp\libc_nano.a(lib_a-lnumeric.o)
                0x000000000800b170                _C_numeric_locale
 .rodata._setlocale_r.str1.1
                0x000000000800b17c        0x8 d:/cubeide/stm32cubeide_1.9.0/stm32cubeide/plugins/com.st.stm32cube.ide.mcu.externaltools.gnu-tools-for-stm32.10.3-2021.10.win32_1.0.200.202301161003/tools/bin/../lib/gcc/arm-none-eabi/10.3.1/../../../../arm-none-eabi/lib/thumb/v7-m/nofp\libc_nano.a(lib_a-locale.o)
                                          0x9 (size before relaxing)
 .rodata.str1.1
                0x000000000800b184        0x2 d:/cubeide/stm32cubeide_1.9.0/stm32cubeide/plugins/com.st.stm32cube.ide.mcu.externaltools.gnu-tools-for-stm32.10.3-2021.10.win32_1.0.200.202301161003/tools/bin/../lib/gcc/arm-none-eabi/10.3.1/../../../../arm-none-eabi/lib/thumb/v7-m/nofp\libc_nano.a(lib_a-locale.o)
 .rodata._Balloc.str1.1
                0x000000000800b184       0x5c d:/cubeide/stm32cubeide_1.9.0/stm32cubeide/plugins/com.st.stm32cube.ide.mcu.externaltools.gnu-tools-for-stm32.10.3-2021.10.win32_1.0.200.202301161003/tools/bin/../lib/gcc/arm-none-eabi/10.3.1/../../../../arm-none-eabi/lib/thumb/v7-m/nofp\libc_nano.a(lib_a-mprec.o)
                                         0x73 (size before relaxing)
 .rodata.__multadd.str1.1
                0x000000000800b1e0       0x11 d:/cubeide/stm32cubeide_1.9.0/stm32cubeide/plugins/com.st.stm32cube.ide.mcu.externaltools.gnu-tools-for-stm32.10.3-2021.10.win32_1.0.200.202301161003/tools/bin/../lib/gcc/arm-none-eabi/10.3.1/../../../../arm-none-eabi/lib/thumb/v7-m/nofp\libc_nano.a(lib_a-mprec.o)
 .rodata.__mprec_bigtens
                0x000000000800b1e0       0x28 d:/cubeide/stm32cubeide_1.9.0/stm32cubeide/plugins/com.st.stm32cube.ide.mcu.externaltools.gnu-tools-for-stm32.10.3-2021.10.win32_1.0.200.202301161003/tools/bin/../lib/gcc/arm-none-eabi/10.3.1/../../../../arm-none-eabi/lib/thumb/v7-m/nofp\libc_nano.a(lib_a-mprec.o)
                0x000000000800b1e0                __mprec_bigtens
 .rodata.__mprec_tens
                0x000000000800b208       0xc8 d:/cubeide/stm32cubeide_1.9.0/stm32cubeide/plugins/com.st.stm32cube.ide.mcu.externaltools.gnu-tools-for-stm32.10.3-2021.10.win32_1.0.200.202301161003/tools/bin/../lib/gcc/arm-none-eabi/10.3.1/../../../../arm-none-eabi/lib/thumb/v7-m/nofp\libc_nano.a(lib_a-mprec.o)
                0x000000000800b208                __mprec_tens